--------- beginning of system
10-09 23:22:16.254   847  5226 E TaskPersister: File error accessing recents directory (directory doesn't exist?).
--------- beginning of main
10-09 23:22:16.683   847  1257 D sensors_hal_Ctx: poll:polldata:1, sensor:0, type:1, x:0.757278 y:-0.121918 z:9.697296
10-09 23:22:16.743   847  1257 D sensors_hal_Ctx: poll:polldata:1, sensor:0, type:1, x:0.769119 y:-0.130661 z:9.692093
10-09 23:22:16.802   847  1257 D sensors_hal_Ctx: poll:polldata:1, sensor:0, type:1, x:0.765778 y:-0.136978 z:9.687469
--------- beginning of kernel
10-09 23:22:20.420     0     0 E         : [  899.105990 / 10-09 23:22:20.415][0] [Touch] 1 finger pressed: <0> x[ 708] y[1323] z[ 41]
--------- beginning of events
10-09 23:22:20.425   357   357 I snet_event_log: [121035042,-1,]
--------- switch to kernel
10-09 23:22:20.451     0     0 E         : [  899.134535 / 10-09 23:22:20.443][0] [Touch] touch_release[ ]: <0> x[ 708] y[1320]
--------- switch to main
10-09 23:22:20.465   717   784 E statsd  : Found dropped events: 1 error -19 last atom tag 83 from uid 10120
10-09 23:22:20.475  1436  1436 V GrantPermissionsActivity: Logged buttons presented and clicked permissionGroupName=android.permission-group.CAMERA uid=10181 package=com.android.camera2 presentedButtons=9 clickedButton=1
--------- switch to events
10-09 23:22:20.470   357   357 I chatty  : uid=1000(system) /system/bin/servicemanager identical 1 line
10-09 23:22:20.478   357   357 I snet_event_log: [121035042,-1,]
10-09 23:22:20.482   847  8189 I sysui_multi_action: [757,1243,758,4,806,com.android.camera2,1241,android.permission.CAMERA]
--------- switch to main
10-09 23:22:20.487  1436  1436 V GrantPermissionsActivity: Permission grant result requestId=-3731720608219806706 callingUid=10181 callingPackage=com.android.camera2 permission=android.permission.CAMERA isImplicit=false result=4
10-09 23:22:20.489   477 10774 D audio_hw_primary: start_output_stream: enter: stream(0xe654f000)usecase(1: low-latency-playback) devices(0x2)
10-09 23:22:20.491   477 10774 E audio_hw_extn: audio_extn_perf_lock_acquire: Failed to acquire perf lock, err: -1
10-09 23:22:20.492   477 10774 D audio_hw_primary: select_devices: out_snd_device(2: speaker) in_snd_device(0: )
10-09 23:22:20.493   477 10774 W msm8974_platform: Codec backend bitwidth 16, samplerate 48000
10-09 23:22:20.494   477 10774 D hardware_info: hw_info_append_hw_type : device_name = speaker
10-09 23:22:20.495   477 10774 D audio_hw_primary: enable_snd_device: snd_device(2: speaker)
10-09 23:22:20.497   477 10774 D audio_route: Apply path: speaker
10-09 23:22:20.497   477 10774 I audio_hw_primary: select_devices Selected apptype: 69937
10-09 23:22:20.498   477 10774 D ACDB-LOADER: ACDB -> send_audio_cal, acdb_id = 14, path =  0
10-09 23:22:20.499   477 10774 D ACDB-LOADER: ACDB -> send_asm_topology
10-09 23:22:20.500   477 10774 D ACDB-LOADER: ACDB -> ACDB_CMD_GET_AUDPROC_STREAM_TOPOLOGY_ID
10-09 23:22:20.501   477 10774 D ACDB-LOADER: ACDB -> send_adm_topology
10-09 23:22:20.502   477 10774 D ACDB-LOADER: ACDB -> ACDB_CMD_GET_AUDPROC_COMMON_TOPOLOGY_ID
10-09 23:22:20.503   477 10774 D ACDB-LOADER: ACDB -> send_audtable
10-09 23:22:20.504   477 10774 D ACDB-LOADER: ACDB -> ACDB_CMD_GET_AUDPROC_COMMON_TABLE
10-09 23:22:20.505   477 10774 D ACDB-LOADER: ACDB -> AUDIO_SET_AUDPROC_CAL
10-09 23:22:20.506   477 10774 D ACDB-LOADER: ACDB -> send_audvoltable
10-09 23:22:20.507   477 10774 D ACDB-LOADER: ACDB -> ACDB_CMD_GET_AUDPROC_GAIN_DEP_STEP_TABLE
10-09 23:22:20.508   477 10774 D ACDB-LOADER: ACDB -> AUDIO_SET_AUDPROC_VOL_CAL
10-09 23:22:20.509   477 10774 D ACDB-LOADER: ACDB -> send_afe_cal
10-09 23:22:20.510   477 10774 D ACDB-LOADER: ACDB -> ACDB_CMD_GET_AFE_COMMON_TABLE
10-09 23:22:20.511   477 10774 D ACDB-LOADER: ACDB -> AUDIO_SET_AFE_CAL
10-09 23:22:20.512   477 10774 D ACDB-LOADER: ACDB -> send_hw_delay : acdb_id = 14 path = 0
10-09 23:22:20.513   477 10774 D ACDB-LOADER: ACDB -> ACDB_AVSYNC_INFO: ACDB_CMD_GET_DEVICE_PROPERTY
10-09 23:22:20.514   477 10774 I audio_hw_utils: audio_extn_utils_send_app_type_cfg app_type 69937, acdb_dev_id 14, sample_rate 48000
10-09 23:22:20.515   477 10774 D audio_hw_primary: enable_audio_route: apply mixer and update path: low-latency-playback speaker
10-09 23:22:20.515   477 10774 D audio_route: Apply path: low-latency-playback speaker
10-09 23:22:20.519   477 10774 D audio_hw_primary: select_devices: done
--------- switch to kernel
10-09 23:22:20.524     0     0 I [  899.213034 / 10-09 23:22:20.519][0] msm8994_quat_mi2s_snd_startup: dai name qcom,msm-dai-q6-mi2s-quat.217 ffffffc0c2ce9410  substream = subdevice #0  stream = 0 bit width =2 sample rate =48000
--------- switch to main
10-09 23:22:20.526   477 10774 D msm8974_platform: platform_set_channel_map mixer_ctl_name:Playback Channel Map15
10-09 23:22:20.527   477 10774 D msm8974_platform: platform_set_channel_map: set mapping(1 2 0 0 0 0 0 0) for channel:2
10-09 23:22:20.575   477 10774 E audio_hw_extn: audio_extn_perf_lock_release: Perf lock release error 
10-09 23:22:20.576   477 10774 D audio_hw_primary: start_output_stream: exit
--------- switch to events
10-09 23:22:20.722   847   886 I commit_sys_config_file: [package-perms-0,28]
--------- switch to main
10-09 23:22:20.977   477   477 D audio_hw_primary: out_standby: enter: stream (0xe654f000) usecase(1: low-latency-playback)
--------- switch to kernel
10-09 23:22:21.020     0     0 I         : [  891.255373 / 10-09 23:22:21.015][0] msm8994_quat_mi2s_snd_shutdown Quaternary MI2S Clock is Disabled
10-09 23:22:21.021     0     0 I [  899.706984 / 10-09 23:22:21.015][0] msm8994_quat_mi2s_snd_shutdown: dai name qcom,msm-dai-q6-mi2s-quat.217 ffffffc0c2ce9410  substream = subdevice #0  stream = 0
--------- switch to main
10-09 23:22:21.037   477   477 D audio_hw_primary: disable_audio_route: reset and update mixer path: low-latency-playback speaker
10-09 23:22:21.043   477   477 D hardware_info: hw_info_append_hw_type : device_name = speaker
10-09 23:22:21.045   477   477 D audio_hw_primary: disable_snd_device: snd_device(2: speaker)
--------- switch to kernel
10-09 23:22:21.494     0     0 E         : [  900.177855 / 10-09 23:22:21.487][0] [Touch] 1 finger pressed: <0> x[ 714] y[1207] z[ 45]
--------- switch to main
10-09 23:22:21.506   503   503 I MSM-irqbalance: Decided to move IRQ65 from CPU2 to CPU0
--------- switch to kernel
10-09 23:22:21.549     0     0 E         : [  900.234619 / 10-09 23:22:21.543][0] [Touch] touch_release[ ]: <0> x[ 712] y[1207]
--------- switch to main
10-09 23:22:21.563  1436  1436 V GrantPermissionsActivity: Logged buttons presented and clicked permissionGroupName=android.permission-group.LOCATION uid=10181 package=com.android.camera2 presentedButtons=14 clickedButton=2
--------- switch to events
10-09 23:22:21.569   847  6023 I sysui_multi_action: [757,1243,758,4,806,com.android.camera2,1241,android.permission.ACCESS_FINE_LOCATION]
10-09 23:22:21.580   847  1411 I sysui_multi_action: [757,1243,758,4,806,com.android.camera2,1241,android.permission.ACCESS_COARSE_LOCATION]
--------- switch to main
10-09 23:22:21.585   477 10774 D audio_hw_primary: start_output_stream: enter: stream(0xe654f000)usecase(1: low-latency-playback) devices(0x2)
10-09 23:22:21.586   477 10774 E audio_hw_extn: audio_extn_perf_lock_acquire: Failed to acquire perf lock, err: -1
10-09 23:22:21.587   477 10774 D audio_hw_primary: select_devices: out_snd_device(2: speaker) in_snd_device(0: )
10-09 23:22:21.589   477 10774 W msm8974_platform: Codec backend bitwidth 16, samplerate 48000
10-09 23:22:21.590   477 10774 D hardware_info: hw_info_append_hw_type : device_name = speaker
10-09 23:22:21.591   477 10774 D audio_hw_primary: enable_snd_device: snd_device(2: speaker)
10-09 23:22:21.592  1436  1436 V GrantPermissionsActivity: Permission grant result requestId=-3731720608219806706 callingUid=10181 callingPackage=com.android.camera2 permission=android.permission.ACCESS_FINE_LOCATION isImplicit=false result=4
10-09 23:22:21.593   477 10774 D audio_route: Apply path: speaker
10-09 23:22:21.595   477 10774 I audio_hw_primary: select_devices Selected apptype: 69937
10-09 23:22:21.595  1436  1436 V GrantPermissionsActivity: Permission grant result requestId=-3731720608219806706 callingUid=10181 callingPackage=com.android.camera2 permission=android.permission.ACCESS_COARSE_LOCATION isImplicit=true result=4
10-09 23:22:21.597   477 10774 D ACDB-LOADER: ACDB -> send_audio_cal, acdb_id = 14, path =  0
10-09 23:22:21.598   477 10774 D ACDB-LOADER: ACDB -> send_asm_topology
--------- switch to events
10-09 23:22:21.599   847  1496 I sysui_multi_action: [757,1243,758,4,806,com.android.camera2,1241,android.permission.ACCESS_BACKGROUND_LOCATION]
--------- switch to main
10-09 23:22:21.600   477 10774 D ACDB-LOADER: ACDB -> ACDB_CMD_GET_AUDPROC_STREAM_TOPOLOGY_ID
10-09 23:22:21.602   477 10774 D ACDB-LOADER: ACDB -> send_adm_topology
10-09 23:22:21.604   477 10774 D ACDB-LOADER: ACDB -> ACDB_CMD_GET_AUDPROC_COMMON_TOPOLOGY_ID
10-09 23:22:21.605   477 10774 D ACDB-LOADER: ACDB -> send_audtable
10-09 23:22:21.606   477 10774 D ACDB-LOADER: ACDB -> ACDB_CMD_GET_AUDPROC_COMMON_TABLE
10-09 23:22:21.607   477 10774 D ACDB-LOADER: ACDB -> AUDIO_SET_AUDPROC_CAL
10-09 23:22:21.609   477 10774 D ACDB-LOADER: ACDB -> send_audvoltable
10-09 23:22:21.610   477 10774 D ACDB-LOADER: ACDB -> ACDB_CMD_GET_AUDPROC_GAIN_DEP_STEP_TABLE
10-09 23:22:21.611   477 10774 D ACDB-LOADER: ACDB -> AUDIO_SET_AUDPROC_VOL_CAL
10-09 23:22:21.612   477 10774 D ACDB-LOADER: ACDB -> send_afe_cal
10-09 23:22:21.613   477 10774 D ACDB-LOADER: ACDB -> ACDB_CMD_GET_AFE_COMMON_TABLE
10-09 23:22:21.614   477 10774 D ACDB-LOADER: ACDB -> AUDIO_SET_AFE_CAL
10-09 23:22:21.615   477 10774 D ACDB-LOADER: ACDB -> send_hw_delay : acdb_id = 14 path = 0
10-09 23:22:21.615   477 10774 D ACDB-LOADER: ACDB -> ACDB_AVSYNC_INFO: ACDB_CMD_GET_DEVICE_PROPERTY
10-09 23:22:21.616   477 10774 I audio_hw_utils: audio_extn_utils_send_app_type_cfg app_type 69937, acdb_dev_id 14, sample_rate 48000
10-09 23:22:21.617   477 10774 D audio_hw_primary: enable_audio_route: apply mixer and update path: low-latency-playback speaker
10-09 23:22:21.618   477 10774 D audio_route: Apply path: low-latency-playback speaker
10-09 23:22:21.621   477 10774 D audio_hw_primary: select_devices: done
10-09 23:22:21.626   477 10774 D msm8974_platform: platform_set_channel_map mixer_ctl_name:Playback Channel Map15
--------- switch to kernel
10-09 23:22:21.624     0     0 I [  900.313081 / 10-09 23:22:21.619][0] msm8994_quat_mi2s_snd_startup: dai name qcom,msm-dai-q6-mi2s-quat.217 ffffffc0c2ce9410  substream = subdevice #0  stream = 0 bit width =2 sample rate =48000
--------- switch to main
10-09 23:22:21.627   477 10774 D msm8974_platform: platform_set_channel_map: set mapping(1 2 0 0 0 0 0 0) for channel:2
10-09 23:22:21.628  1436  1436 V GrantPermissionsActivity: Permission grant result requestId=-3731720608219806706 callingUid=10181 callingPackage=com.android.camera2 permission=android.permission.ACCESS_BACKGROUND_LOCATION isImplicit=true result=4
10-09 23:22:21.662   477 10774 E audio_hw_extn: audio_extn_perf_lock_release: Perf lock release error 
10-09 23:22:21.663   477 10774 D audio_hw_primary: start_output_stream: exit
--------- switch to events
10-09 23:22:21.865   847   886 I commit_sys_config_file: [package-perms-0,19]
--------- switch to main
10-09 23:22:22.057   477   558 D audio_hw_primary: out_standby: enter: stream (0xe654f000) usecase(1: low-latency-playback)
--------- switch to kernel
10-09 23:22:22.101     0     0 I [  900.786066 / 10-09 23:22:22.095][0] msm8994_quat_mi2s_snd_shutdown: dai name qcom,msm-dai-q6-mi2s-quat.217 ffffffc0c2ce9410  substream = subdevice #0  stream = 0
10-09 23:22:22.113     0     0 I         : [  899.719329 / 10-09 23:22:22.107][1] msm8994_quat_mi2s_snd_shutdown Quaternary MI2S Clock is Disabled
10-09 23:22:22.113     0     0 I         : [  900.798521 / 10-09 23:22:22.107][1] msm8994_quat_mi2s_snd_shutdown Quaternary MI2S Clock is Disabled
--------- switch to main
10-09 23:22:22.113   477   558 D audio_hw_primary: disable_audio_route: reset and update mixer path: low-latency-playback speaker
10-09 23:22:22.119   477   558 D hardware_info: hw_info_append_hw_type : device_name = speaker
10-09 23:22:22.121   477   558 D audio_hw_primary: disable_snd_device: snd_device(2: speaker)
--------- switch to events
10-09 23:22:22.237   847   905 I commit_sys_config_file: [package-user-0,20]
--------- switch to kernel
10-09 23:22:22.429     0     0 E         : [  901.115321 / 10-09 23:22:22.423][0] [Touch] 1 finger pressed: <0> x[ 702] y[1314] z[ 46]
10-09 23:22:22.477     0     0 E         : [  901.163520 / 10-09 23:22:22.471][1] [Touch] touch_release[ ]: <0> x[ 699] y[1311]
--------- switch to main
10-09 23:22:22.489  1436  1436 V GrantPermissionsActivity: Logged buttons presented and clicked permissionGroupName=android.permission-group.STORAGE uid=10181 package=com.android.camera2 presentedButtons=9 clickedButton=1
--------- switch to events
10-09 23:22:22.497   847  8189 I sysui_multi_action: [757,1243,758,4,806,com.android.camera2,1241,android.permission.READ_EXTERNAL_STORAGE]
--------- switch to main
10-09 23:22:22.504   477 10774 D audio_hw_primary: start_output_stream: enter: stream(0xe654f000)usecase(1: low-latency-playback) devices(0x2)
10-09 23:22:22.506   477 10774 E audio_hw_extn: audio_extn_perf_lock_acquire: Failed to acquire perf lock, err: -1
10-09 23:22:22.507   477 10774 D audio_hw_primary: select_devices: out_snd_device(2: speaker) in_snd_device(0: )
--------- switch to system
10-09 23:22:22.507   361   375 D vold    : Remounting 10181 as mode read
--------- switch to main
10-09 23:22:22.510   477 10774 W msm8974_platform: Codec backend bitwidth 16, samplerate 48000
10-09 23:22:22.511   477 10774 D hardware_info: hw_info_append_hw_type : device_name = speaker
10-09 23:22:22.512   477 10774 D audio_hw_primary: enable_snd_device: snd_device(2: speaker)
10-09 23:22:22.513   477 10774 D audio_route: Apply path: speaker
10-09 23:22:22.514   477 10774 I audio_hw_primary: select_devices Selected apptype: 69937
10-09 23:22:22.516   477 10774 D ACDB-LOADER: ACDB -> send_audio_cal, acdb_id = 14, path =  0
10-09 23:22:22.517   477 10774 D ACDB-LOADER: ACDB -> send_asm_topology
10-09 23:22:22.518   477 10774 D ACDB-LOADER: ACDB -> ACDB_CMD_GET_AUDPROC_STREAM_TOPOLOGY_ID
10-09 23:22:22.519   477 10774 D ACDB-LOADER: ACDB -> send_adm_topology
10-09 23:22:22.521   477 10774 D ACDB-LOADER: ACDB -> ACDB_CMD_GET_AUDPROC_COMMON_TOPOLOGY_ID
10-09 23:22:22.522   477 10774 D ACDB-LOADER: ACDB -> send_audtable
10-09 23:22:22.523   477 10774 D ACDB-LOADER: ACDB -> ACDB_CMD_GET_AUDPROC_COMMON_TABLE
10-09 23:22:22.525   477 10774 D ACDB-LOADER: ACDB -> AUDIO_SET_AUDPROC_CAL
10-09 23:22:22.526   477 10774 D ACDB-LOADER: ACDB -> send_audvoltable
10-09 23:22:22.527   477 10774 D ACDB-LOADER: ACDB -> ACDB_CMD_GET_AUDPROC_GAIN_DEP_STEP_TABLE
10-09 23:22:22.528   477 10774 D ACDB-LOADER: ACDB -> AUDIO_SET_AUDPROC_VOL_CAL
10-09 23:22:22.530   477 10774 D ACDB-LOADER: ACDB -> send_afe_cal
10-09 23:22:22.531   477 10774 D ACDB-LOADER: ACDB -> ACDB_CMD_GET_AFE_COMMON_TABLE
10-09 23:22:22.532   477 10774 D ACDB-LOADER: ACDB -> AUDIO_SET_AFE_CAL
10-09 23:22:22.533   477 10774 D ACDB-LOADER: ACDB -> send_hw_delay : acdb_id = 14 path = 0
10-09 23:22:22.534   477 10774 D ACDB-LOADER: ACDB -> ACDB_AVSYNC_INFO: ACDB_CMD_GET_DEVICE_PROPERTY
10-09 23:22:22.537   477 10774 I audio_hw_utils: audio_extn_utils_send_app_type_cfg app_type 69937, acdb_dev_id 14, sample_rate 48000
10-09 23:22:22.538   477 10774 D audio_hw_primary: enable_audio_route: apply mixer and update path: low-latency-playback speaker
10-09 23:22:22.539   477 10774 D audio_route: Apply path: low-latency-playback speaker
10-09 23:22:22.543   477 10774 D audio_hw_primary: select_devices: done
10-09 23:22:22.548   477 10774 D msm8974_platform: platform_set_channel_map mixer_ctl_name:Playback Channel Map15
--------- switch to kernel
10-09 23:22:22.549     0     0 I [  901.235369 / 10-09 23:22:22.543][0] msm8994_quat_mi2s_snd_startup: dai name qcom,msm-dai-q6-mi2s-quat.217 ffffffc0c2ce9410  substream = subdevice #0  stream = 0 bit width =2 sample rate =48000
--------- switch to main
10-09 23:22:22.549   477 10774 D msm8974_platform: platform_set_channel_map: set mapping(1 2 0 0 0 0 0 0) for channel:2
--------- switch to system
10-09 23:22:22.568   361   375 D vold    : Found matching PID 8429
--------- switch to events
10-09 23:22:22.581   847  6188 I sysui_multi_action: [757,1243,758,4,806,com.android.camera2,1241,android.permission.ACCESS_MEDIA_LOCATION]
--------- switch to main
10-09 23:22:22.585  1436  1436 V GrantPermissionsActivity: Permission grant result requestId=-3731720608219806706 callingUid=10181 callingPackage=com.android.camera2 permission=android.permission.READ_EXTERNAL_STORAGE isImplicit=false result=4
10-09 23:22:22.586  1436  1436 V GrantPermissionsActivity: Permission grant result requestId=-3731720608219806706 callingUid=10181 callingPackage=com.android.camera2 permission=android.permission.ACCESS_MEDIA_LOCATION isImplicit=true result=4
10-09 23:22:22.587   477 10774 E audio_hw_extn: audio_extn_perf_lock_release: Perf lock release error 
10-09 23:22:22.587   477 10774 D audio_hw_primary: start_output_stream: exit
--------- switch to events
10-09 23:22:22.836   847   886 I commit_sys_config_file: [package-perms-0,15]
--------- switch to main
10-09 23:22:22.982   477  1891 D audio_hw_primary: out_standby: enter: stream (0xe654f000) usecase(1: low-latency-playback)
--------- switch to kernel
10-09 23:22:23.016     0     0 I [  901.704585 / 10-09 23:22:23.011][0] msm8994_quat_mi2s_snd_shutdown: dai name qcom,msm-dai-q6-mi2s-quat.217 ffffffc0c2ce9410  substream = subdevice #0  stream = 0
--------- switch to main
10-09 23:22:23.034   477  1891 D audio_hw_primary: disable_audio_route: reset and update mixer path: low-latency-playback speaker
10-09 23:22:23.041   477  1891 D hardware_info: hw_info_append_hw_type : device_name = speaker
10-09 23:22:23.043   477  1891 D audio_hw_primary: disable_snd_device: snd_device(2: speaker)
--------- switch to kernel
10-09 23:22:23.396     0     0 E         : [  902.083850 / 10-09 23:22:23.391][0] [Touch] 1 finger pressed: <0> x[ 720] y[1265] z[ 45]
10-09 23:22:23.468     0     0 E         : [  902.156590 / 10-09 23:22:23.463][0] [Touch] touch_release[ ]: <0> x[ 716] y[1262]
--------- switch to main
10-09 23:22:23.483  1436  1436 V GrantPermissionsActivity: Logged buttons presented and clicked permissionGroupName=android.permission-group.MICROPHONE uid=10181 package=com.android.camera2 presentedButtons=9 clickedButton=1
--------- switch to events
10-09 23:22:23.490   847   866 I sysui_multi_action: [757,1243,758,4,806,com.android.camera2,1241,android.permission.RECORD_AUDIO]
--------- switch to main
10-09 23:22:23.498  1436  1436 V GrantPermissionsActivity: Permission grant result requestId=-3731720608219806706 callingUid=10181 callingPackage=com.android.camera2 permission=android.permission.RECORD_AUDIO isImplicit=false result=4
10-09 23:22:23.500   477 10774 D audio_hw_primary: start_output_stream: enter: stream(0xe654f000)usecase(1: low-latency-playback) devices(0x2)
--------- switch to events
10-09 23:22:23.502  1436  1436 I snet_event_log: [individual_permissions_requested,10181,com.android.camera2:;android.permission.CAMERA|true|768;android.permission.ACCESS_BACKGROUND_LOCATION|true|2944;android.permission.ACCESS_FINE_LOCATION|true|768;android.permission.ACCESS_COARSE_LOCATION|true|896;android.permission.ACCESS_BACKGROUND_LOCATION|true|2944;android.permission.READ_EXTERNAL_STORAGE|true|2944;android.permission.WRITE_EXTERNAL_STORAGE|false|2816;android.permission.ACCESS_MEDIA_LOCATION|true|896;android.permission.RECORD_AUDIO|true|768]
--------- switch to main
10-09 23:22:23.502   477 10774 E audio_hw_extn: audio_extn_perf_lock_acquire: Failed to acquire perf lock, err: -1
10-09 23:22:23.505   477 10774 D audio_hw_primary: select_devices: out_snd_device(2: speaker) in_snd_device(0: )
10-09 23:22:23.506   477 10774 W msm8974_platform: Codec backend bitwidth 16, samplerate 48000
10-09 23:22:23.507   477 10774 D hardware_info: hw_info_append_hw_type : device_name = speaker
10-09 23:22:23.509   477 10774 D audio_hw_primary: enable_snd_device: snd_device(2: speaker)
10-09 23:22:23.510   477 10774 D audio_route: Apply path: speaker
10-09 23:22:23.511   477 10774 I audio_hw_primary: select_devices Selected apptype: 69937
10-09 23:22:23.512   477 10774 D ACDB-LOADER: ACDB -> send_audio_cal, acdb_id = 14, path =  0
--------- switch to events
10-09 23:22:23.513   847   866 I am_finish_activity: [0,29539539,8,com.android.permissioncontroller/com.android.packageinstaller.permission.ui.GrantPermissionsActivity,app-request]
--------- switch to main
10-09 23:22:23.514   477 10774 D ACDB-LOADER: ACDB -> send_asm_topology
10-09 23:22:23.515   477 10774 D ACDB-LOADER: ACDB -> ACDB_CMD_GET_AUDPROC_STREAM_TOPOLOGY_ID
10-09 23:22:23.517   477 10774 D ACDB-LOADER: ACDB -> send_adm_topology
10-09 23:22:23.518   477 10774 D ACDB-LOADER: ACDB -> ACDB_CMD_GET_AUDPROC_COMMON_TOPOLOGY_ID
10-09 23:22:23.519   477 10774 D ACDB-LOADER: ACDB -> send_audtable
10-09 23:22:23.520   477 10774 D ACDB-LOADER: ACDB -> ACDB_CMD_GET_AUDPROC_COMMON_TABLE
10-09 23:22:23.521   477 10774 D ACDB-LOADER: ACDB -> AUDIO_SET_AUDPROC_CAL
10-09 23:22:23.522   477 10774 D ACDB-LOADER: ACDB -> send_audvoltable
10-09 23:22:23.523   477 10774 D ACDB-LOADER: ACDB -> ACDB_CMD_GET_AUDPROC_GAIN_DEP_STEP_TABLE
10-09 23:22:23.523   477 10774 D ACDB-LOADER: ACDB -> AUDIO_SET_AUDPROC_VOL_CAL
10-09 23:22:23.524   477 10774 D ACDB-LOADER: ACDB -> send_afe_cal
10-09 23:22:23.524   477 10774 D ACDB-LOADER: ACDB -> ACDB_CMD_GET_AFE_COMMON_TABLE
10-09 23:22:23.525   477 10774 D ACDB-LOADER: ACDB -> AUDIO_SET_AFE_CAL
10-09 23:22:23.526   477 10774 D ACDB-LOADER: ACDB -> send_hw_delay : acdb_id = 14 path = 0
10-09 23:22:23.526   477 10774 D ACDB-LOADER: ACDB -> ACDB_AVSYNC_INFO: ACDB_CMD_GET_DEVICE_PROPERTY
10-09 23:22:23.527   477 10774 I audio_hw_utils: audio_extn_utils_send_app_type_cfg app_type 69937, acdb_dev_id 14, sample_rate 48000
10-09 23:22:23.528   477 10774 D audio_hw_primary: enable_audio_route: apply mixer and update path: low-latency-playback speaker
10-09 23:22:23.529   477 10774 D audio_route: Apply path: low-latency-playback speaker
10-09 23:22:23.533   477 10774 D audio_hw_primary: select_devices: done
--------- switch to kernel
10-09 23:22:23.540     0     0 I [  902.226186 / 10-09 23:22:23.535][0] msm8994_quat_mi2s_snd_startup: dai name qcom,msm-dai-q6-mi2s-quat.217 ffffffc0c2ce9410  substream = subdevice #0  stream = 0 bit width =2 sample rate =48000
--------- switch to main
10-09 23:22:23.539   477 10774 D msm8974_platform: platform_set_channel_map mixer_ctl_name:Playback Channel Map15
10-09 23:22:23.540   477 10774 D msm8974_platform: platform_set_channel_map: set mapping(1 2 0 0 0 0 0 0) for channel:2
--------- switch to events
10-09 23:22:23.559   847   866 I am_pause_activity: [0,29539539,com.android.permissioncontroller/com.android.packageinstaller.permission.ui.GrantPermissionsActivity,userLeaving=false]
10-09 23:22:23.566  1436  1436 I am_on_top_resumed_lost_called: [0,com.android.packageinstaller.permission.ui.GrantPermissionsActivity,topStateChangedWhenResumed]
10-09 23:22:23.572  1436  1436 I am_on_paused_called: [0,com.android.packageinstaller.permission.ui.GrantPermissionsActivity,performPause]
--------- switch to main
10-09 23:22:23.577   477 10774 E audio_hw_extn: audio_extn_perf_lock_release: Perf lock release error 
10-09 23:22:23.577   477 10774 D audio_hw_primary: start_output_stream: exit
--------- switch to events
10-09 23:22:23.584   847   867 I am_set_resumed_activity: [0,com.android.camera2/com.android.camera.PermissionsActivity,resumeTopActivityInnerLocked]
10-09 23:22:23.587   847   867 I am_resume_activity: [0,134403299,8,com.android.camera2/com.android.camera.PermissionsActivity]
--------- switch to system
10-09 23:22:23.616   847  6023 I ActivityTaskManager: START u0 {cmp=com.android.camera2/com.android.camera.CameraActivity} from uid 10181
--------- switch to events
10-09 23:22:23.619   847  6023 I am_create_activity: [0,16603648,8,com.android.camera2/com.android.camera.CameraActivity,NULL,NULL,NULL,268435456]
--------- switch to main
10-09 23:22:23.621   487   487 E QTI PowerHAL: Failed to acquire lock.
10-09 23:22:23.621   487   487 E QTI PowerHAL: Failed to perform launch boost
--------- switch to events
10-09 23:22:23.628   847  6023 I am_pause_activity: [0,134403299,com.android.camera2/com.android.camera.PermissionsActivity,userLeaving=true]
10-09 23:22:23.635   847  6010 I am_finish_activity: [0,134403299,8,com.android.camera2/com.android.camera.PermissionsActivity,app-request]
10-09 23:22:23.641  8429  8429 I am_on_activity_result_called: [0,com.android.camera.PermissionsActivity,ACTIVITY_RESULT]
10-09 23:22:23.644   847  1482 I am_add_to_stopping: [0,134403299,com.android.camera2/com.android.camera.PermissionsActivity,finishCurrentActivityLocked]
10-09 23:22:23.650   847  1482 I am_restart_activity: [0,16603648,8,com.android.camera2/com.android.camera.CameraActivity]
10-09 23:22:23.652   847  1482 I am_set_resumed_activity: [0,com.android.camera2/com.android.camera.CameraActivity,minimalResumeActivityLocked]
--------- switch to main
10-09 23:22:23.665  8429  8429 W ActivityThread: handleWindowVisibility: no activity for token android.os.BinderProxy@ed23d0b
--------- switch to events
10-09 23:22:23.671   357   357 I snet_event_log: [121035042,-1,]
10-09 23:22:23.673   847   881 I sysui_multi_action: [757,803,799,window_time_0,802,11]
10-09 23:22:23.675   847   881 I sysui_multi_action: [757,803,799,window_time_0,802,0]
--------- switch to main
10-09 23:22:23.682  8429  8429 W SoundPool: Use of stream types is deprecated for operations other than volume control
10-09 23:22:23.683  8429  8429 W SoundPool: See the documentation of SoundPool() for what to use instead with android.media.AudioAttributes to qualify your playback use case
10-09 23:22:23.683  8429  8429 I CAM_OneCamFtrCnfgCrtr: CaptureModule? true
--------- switch to events
10-09 23:22:23.704   357   357 I snet_event_log: [121035042,-1,]
--------- switch to main
10-09 23:22:23.725  2035  2035 I CameraService: CameraService::connect call (PID -1 "com.android.camera2", camera ID 1) for HAL version default and Camera API version 1
10-09 23:22:23.731  2035  2035 I Camera2ClientBase: Camera 1: Opened. Client: com.android.camera2 (PID 8429, UID 10181)
10-09 23:22:23.739   477   477 D audio_hw_primary: adev_set_parameters: enter: cameraFacing=front
10-09 23:22:23.740   477   477 D audio_hw_extn: audio_extn_set_anc_parameters: anc_enabled:0
10-09 23:22:23.740   477   477 E soundtrigger: audio_extn_sound_trigger_set_parameters: str_params NULL
--------- switch to events
10-09 23:22:23.727   357   357 I chatty  : uid=1000(system) /system/bin/servicemanager identical 5 lines
10-09 23:22:23.731   357   357 I snet_event_log: [121035042,-1,]
10-09 23:22:23.742   847   886 I am_pss  : [8429,10181,com.android.camera2,46017536,42827776,0,105676800,0,2,53]
--------- switch to kernel
10-09 23:22:23.764     0     0 E [  902.449858 / 10-09 23:22:23.759][1] camera_v4l2_open: msm_create_command_ack_q id=2
10-09 23:22:23.764     0     0 E [  902.449987 / 10-09 23:22:23.759][1] msm_create_command_ack_q: session_id = 2, stream_id = 0
--------- switch to events
10-09 23:22:23.771   357   357 I snet_event_log: [121035042,-1,]
--------- switch to main
10-09 23:22:23.784  2035  2035 W Camera2-Parameters: initialize: Camera 1: Unknown preview format: 24
10-09 23:22:23.784  2035  2035 W Camera2-Parameters: initialize: Camera 1: Unknown preview format: 25
10-09 23:22:23.790  2035  2035 E Camera2-Parameters: Error finding static metadata entry 'android.distortionCorrection.availableModes' (1b0001)
10-09 23:22:23.791  2035  2035 I Camera2-Parameters: Camera 1: Disabling ZSL mode
10-09 23:22:23.792  2035  2035 I Camera2-Parameters: initialize: allowZslMode: 0 slowJpegMode 0
--------- switch to events
10-09 23:22:23.800   358   358 I snet_event_log: [121035042,-1,]
10-09 23:22:23.801   847   887 I am_uid_idle: 10107
10-09 23:22:23.817   847   886 I am_pss  : [1436,10120,com.android.permissioncontroller,70625280,65368064,0,148369408,0,2,57]
10-09 23:22:23.832   847   886 I commit_sys_config_file: [package-perms-0,13]
--------- switch to main
10-09 23:22:23.872  1436  8460 D OpenGLRenderer: endAllActiveAnimators on 0x7502746d00 (RippleDrawable) with handle 0x750726d500
10-09 23:22:23.894  2035  2035 I Camera3-Device: disconnectImpl: E
--------- switch to kernel
10-09 23:22:23.896     0     0 E [  902.585626 / 10-09 23:22:23.891][0] camera_v4l2_close: close stream_id=0
--------- switch to main
10-09 23:22:23.897   763  1036 D mm-camera: mct: mct_pipeline_process_set:command=800000b
10-09 23:22:23.897   763  1036 E mm-camera: mct: mct_pipeline_process_set:2966: Couldn't find stream id: 0
10-09 23:22:23.898  2035  2035 I Camera3-Device: disconnectImpl: X
--------- switch to kernel
10-09 23:22:23.900     0     0 E [  902.587630 / 10-09 23:22:23.895][1] msm_delete_command_ack_q: session_id = 2, stream_id = 0
--------- switch to events
10-09 23:22:23.899   358   358 I snet_event_log: [121035042,-1,]
--------- switch to main
10-09 23:22:23.905  2035  2035 I CameraService: disconnect: Disconnected client for camera 1 for PID 8429
10-09 23:22:23.906  2035  8483 I Camera2Client: Camera 1: Closed
10-09 23:22:23.907  2035  8483 I Camera3-Device: disconnectImpl: E
10-09 23:22:23.907  2035  8483 I Camera2ClientBase: Closed Camera 1. Client was: com.android.camera2 (PID 8429, UID 10181)
10-09 23:22:23.908  2035  8483 I Camera3-Device: disconnectImpl: E
10-09 23:22:23.909  2035  8484 I CameraService: CameraService::connect call (PID -1 "com.android.camera2", camera ID 0) for HAL version default and Camera API version 1
10-09 23:22:23.911  2035  8484 I Camera2ClientBase: Camera 0: Opened. Client: com.android.camera2 (PID 8429, UID 10181)
--------- switch to events
10-09 23:22:23.911   357   357 I snet_event_log: [121035042,-1,]
--------- switch to main
10-09 23:22:23.914  2035  8484 I CameraService: onTorchStatusChangedLocked: Torch status changed for cameraId=0, newStatus=0
10-09 23:22:23.916   477  1891 D audio_hw_primary: adev_set_parameters: enter: cameraFacing=back
10-09 23:22:23.918   477  1891 D audio_hw_extn: audio_extn_set_anc_parameters: anc_enabled:0
10-09 23:22:23.918   477  1891 E soundtrigger: audio_extn_sound_trigger_set_parameters: str_params NULL
--------- switch to system
10-09 23:22:23.919   847   847 V SettingsProvider: Notifying for 0: content://settings/secure/flashlight_available
--------- switch to kernel
10-09 23:22:23.928     0     0 E [  902.617479 / 10-09 23:22:23.923][1] camera_v4l2_open: msm_create_session id=1
10-09 23:22:23.928     0     0 E [  902.617615 / 10-09 23:22:23.923][1] msm_create_command_ack_q: session_id = 1, stream_id = 0
--------- switch to main
10-09 23:22:23.929   763   763 D mm-camera: mct: mct_controller_new: Creating new mct_controller with session-id 1
10-09 23:22:23.930   763  8494 D mm-camera: mct: mct_pipeline_start_session_thread: E sensor
10-09 23:22:23.930   763  8495 D mm-camera: mct: mct_pipeline_start_session_thread: E iface
10-09 23:22:23.932   763  8496 D mm-camera: mct: mct_pipeline_start_session_thread: E isp
--------- switch to kernel
10-09 23:22:23.932     0     0 I [  902.620068 / 10-09 23:22:23.927][2] msm_csid_init: CSID_VERSION = 0x30010000
--------- switch to main
10-09 23:22:23.933   763  8496 E mm-camera-isp2: isp_module_start_session:174 session id 1
10-09 23:22:23.933   763  8498 D mm-camera: mct: mct_pipeline_start_session_thread: E stats
10-09 23:22:23.936   763  8496 D mm-camera: mct: mct_pipeline_start_session_thread: X stats
10-09 23:22:23.938   763  8502 D mm-camera: mct: mct_pipeline_start_session_thread: E pproc
10-09 23:22:23.938   763  8495 D mm-camera: mct: mct_pipeline_start_session_thread: X pproc
10-09 23:22:23.939   763  8502 E mm-camera-pp: [INFO] base_module_start_session:91, E, session=1
10-09 23:22:23.940   763  8503 D mm-camera: mct: mct_pipeline_start_session_thread: E imglib
10-09 23:22:23.941   763  8502 E mm-camera-pp: [INFO] base_module_start_session:91, E, session=1
10-09 23:22:23.941   763  8503 E mm-camera: module_faceproc_start_session:1844] session cnt 2
10-09 23:22:23.942   763  8502 D mm-camera: mct: mct_pipeline_start_session_thread: X imglib
10-09 23:22:23.944   763  8503 D mm-camera: mct: mct_pipeline_start_session_thread: X imglib
10-09 23:22:23.947   763  8498 E mm-camera: tcc_init: TCC ver.150418a
10-09 23:22:23.947   763  8494 E mm-camera: module_sensor_init_session:1245eeprom_name = imx234_eeprom
10-09 23:22:23.948   763  8498 E mm-camera: q3a_port_init aecawb data: 0xf1322050 hal_version 3
10-09 23:22:23.951   763  8498 E mm-camera: sensor_laser_init:144  HW module: id: sensors name: STMicroelectronics VL53L0 sensor module
10-09 23:22:23.952   763  8498 E Sensors : openInput
10-09 23:22:23.953   763  8498 E Sensors : devname: /dev/input/event4
10-09 23:22:23.965   763  8498 E Sensors : devname: /dev/input/event3
10-09 23:22:23.974   477   477 D audio_hw_primary: out_standby: enter: stream (0xe654f000) usecase(1: low-latency-playback)
10-09 23:22:23.980   763  8498 E Sensors : devname: /dev/input/event1
10-09 23:22:23.985   763  8498 E Sensors : devname: /dev/input/mice
--------- switch to kernel
10-09 23:22:23.988     0     0 E [  902.676645 / 10-09 23:22:23.983][1] msm_sensor_match_id: read id: 0x240 expected id 0x240:
10-09 23:22:23.988     0     0 E         : [  902.676775 / 10-09 23:22:23.983][1] msm_sensor_power_up for imx234
--------- switch to main
10-09 23:22:23.988   763  8498 E Sensors : devname: /dev/input/event0
10-09 23:22:23.989   763  8498 E Sensors : devname: /dev/input/event2
10-09 23:22:23.990   763  8498 E Sensors : couldn't find 'STM VL53L0 proximity sensor' input device
10-09 23:22:23.990   763  8498 E Sensors : ProximitySensor::ProximitySensor gets called!
10-09 23:22:23.991   763  8498 E Sensors : ProximitySensor: input_name:, input_sysfs_path:/sys/class/input/input
10-09 23:22:23.991   763  8498 E Sensors : ProximitySensor::enable function called for stmvl53L0!
10-09 23:22:23.992   763  8498 E Sensors : ProximitySensor::enable filename:/sys/class/input/input/enable_ps_sensor
10-09 23:22:23.992   763  8498 E Sensors : ProximitySensor::enable: Failed to open file descriptor for enabling VL53L0
10-09 23:22:23.992   763  8498 E Sensors : ProximitySensor::enable: Attempted to open file /sys/class/input/input/enable_ps_sensor. Error: -1
10-09 23:22:23.993   763  8498 E Sensors : open_sensors gets called!
10-09 23:22:23.993   763  8498 E Sensors : is_tof_sensor_available() called
10-09 23:22:23.993   763  8498 E Sensors : devname: /dev/input/event4
10-09 23:22:23.993   763  8494 E mm-camera: module_sensor_init_session:1277flash subdev id = 0
10-09 23:22:23.996   763  8494 E mm-camera-sensor: sensor_sdk_util_get_kernel_i2c_addr_type:26Invalid addr_type = 0
10-09 23:22:23.996   763  8494 E mm-camera-sensor: sensor_sdk_util_get_kernel_i2c_data_type:40Invalid addr_type = 0
10-09 23:22:23.997   763  8494 E mm-camera-sensor: actuator_load_lib:491name=lc898122_claf, mode=camera
--------- switch to kernel
10-09 23:22:24.000     0     0 I [  902.688772 / 10-09 23:22:23.995][0] SMBCHG: smbchg_otg_pulse_skip_disable: enabling pulse skip, reason 2
--------- switch to main
10-09 23:22:24.000   763  8494 E mm-camera-sensor: actuator_load_lib:491name=lc898122_claf, mode=camcorder
10-09 23:22:24.000   763  8498 E Sensors : devname: /dev/input/event3
10-09 23:22:24.002   763  8494 E mm-camera-sensor: eeprom_do_af_calibration:197turn on Cal af(1)
10-09 23:22:24.002   763  8494 E mm-camera-sdk: eeprom_autofocus_calibration_claf:173 KSY Kernel original macro hall : 15000, inf hall : -5650, macro_mecha 21000, vcm_type 65
10-09 23:22:24.002   763  8494 E mm-camera-sdk: eeprom_autofocus_calibration_claf:178 KSY AF_algorithm convert macro hall : 350, inf hall : 0, total_rangetomacro : 0, offset_value_pplus_mtm : 0
10-09 23:22:24.003   763  8494 E mm-camera: ois_init:305start: ois_init
--------- switch to kernel
10-09 23:22:24.004     0     0 I [  902.691279 / 10-09 23:22:23.999][0] SMBCHG: smbchg_otg_pulse_skip_disable: enabling pulse skip, reason 2
10-09 23:22:24.004     0     0 E [  902.692963 / 10-09 23:22:23.999][2] msm_ois_subdev_ioctl: 553 Enter
10-09 23:22:24.004     0     0 E [  902.693144 / 10-09 23:22:23.999][2] msm_ois_subdev_ioctl: 554 msm_ois_subdev_ioctl:554 o_ctrl 0000000000000000 argp 0000000000000000
10-09 23:22:24.004     0     0 E [  902.693347 / 10-09 23:22:23.999][2] msm_ois_config: 341 Enter
10-09 23:22:24.004     0     0 E [  902.693413 / 10-09 23:22:23.999][2] msm_ois_config: 342 msm_ois_config type 6
10-09 23:22:24.004     0     0 E [  902.693527 / 10-09 23:22:23.999][2] msm_ois_power_up: 582 msm_ois_power_up called
10-09 23:22:24.004     0     0 E [  902.693641 / 10-09 23:22:23.999][2] msm_ois_power_up: 591 Exit
10-09 23:22:24.004     0     0 E [  902.693752 / 10-09 23:22:24.003][2] msm_ois_config: 471 Exit
10-09 23:22:24.004     0     0 I [  902.693808 / 10-09 23:22:24.003][0] SMBCHG: smbchg_otg_pulse_skip_disable: enabling pulse skip, reason 2
10-09 23:22:24.004     0     0 E [  902.694030 / 10-09 23:22:24.003][2] msm_ois_subdev_ioctl: 553 Enter
--------- switch to main
10-09 23:22:24.006   763  8494 E mm-camera: ois_init:372done: ois_init
10-09 23:22:24.006   763  8513 E mm-camera: ois_thread:201ois thread is running
10-09 23:22:24.006   763  8494 E mm-camera-sensor: proxy_init:71name = LD_AF
10-09 23:22:24.007   763  8494 E mm-camera-sensor: sensor_proxy_on:151enter
--------- switch to kernel
10-09 23:22:24.008     0     0 E [  902.694097 / 10-09 23:22:24.003][2] msm_ois_subdev_ioctl: 554 msm_ois_subdev_ioctl:554 o_ctrl 0000000000000000 argp 0000000000000000
10-09 23:22:24.008     0     0 E [  902.694212 / 10-09 23:22:24.003][2] msm_ois_config: 341 Enter
10-09 23:22:24.008     0     0 E [  902.694325 / 10-09 23:22:24.003][2] msm_ois_config: 342 msm_ois_config type 0
10-09 23:22:24.008     0     0 E [  902.694388 / 10-09 23:22:24.003][2] msm_ois_init: 210 Enter
10-09 23:22:24.008     0     0 W [  902.694821 / 10-09 23:22:24.003][1] msm_ois_init: imtech onsemi i2c shift addr 0x24!
10-09 23:22:24.008     0     0 E [  902.694937 / 10-09 23:22:24.003][1] msm_ois_init: 272 Exit
10-09 23:22:24.008     0     0 E [  902.695000 / 10-09 23:22:24.003][1] msm_ois_config: 471 Exit
10-09 23:22:24.008     0     0 I [  902.696295 / 10-09 23:22:24.003][2] SMBCHG: smbchg_otg_pulse_skip_disable: enabling pulse skip, reason 2
10-09 23:22:24.008     0     0 I [  902.696447 / 10-09 23:22:24.003][2] msm8994_quat_mi2s_snd_shutdown: dai name qcom,msm-dai-q6-mi2s-quat.217 ffffffc0c2ce9410  substream = subdevice #0  stream = 0
10-09 23:22:24.008     0     0 E [  902.696908 / 10-09 23:22:24.003][1] msm_init_proxy: 677 msm_init_proxy ENTER!
10-09 23:22:24.008     0     0 E [  902.697321 / 10-09 23:22:24.003][0] msm_ois_subdev_ioctl: 553 Enter
10-09 23:22:24.008     0     0 E [  902.697360 / 10-09 23:22:24.003][2] msm_init_proxy: 683 init proxy alive!
10-09 23:22:24.008     0     0 E [  902.697508 / 10-09 23:22:24.003][0] msm_ois_subdev_ioctl: 554 msm_ois_subdev_ioctl:554 o_ctrl 0000000000000000 argp 0000000000000000
10-09 23:22:24.008     0     0 E [  902.697622 / 10-09 23:22:24.003][0] msm_ois_config: 341 Enter
10-09 23:22:24.008     0     0 E [  902.697725 / 10-09 23:22:24.007][2] msm_init_proxy: 692 Model ID : 0xB4, REVISION ID : 0x3
10-09 23:22:24.008     0     0 E [  902.697728 / 10-09 23:22:24.007][2] msm_init_proxy: 694 not calibrated!
--------- switch to main
10-09 23:22:24.008   763  8498 E Sensors : devname: /dev/input/event1
--------- switch to kernel
10-09 23:22:24.012     0     0 E [  902.698014 / 10-09 23:22:24.007][0] msm_ois_config: 342 msm_ois_config type 3
10-09 23:22:24.013     0     0 E         : [  902.698218 / 10-09 23:22:24.007][0] imtech_init_set_onsemi_ois Enter
10-09 23:22:24.013     0     0 E [  902.698290 / 10-09 23:22:24.007][0] imtech_init_set_onsemi_ois: ois_on! ver:0
--------- switch to main
10-09 23:22:24.016   763  8498 E Sensors : devname: /dev/input/mice
10-09 23:22:24.019   477   477 D audio_hw_primary: disable_audio_route: reset and update mixer path: low-latency-playback speaker
--------- switch to kernel
10-09 23:22:24.020     0     0 I         : [  901.716448 / 10-09 23:22:24.015][2] msm8994_quat_mi2s_snd_shutdown Quaternary MI2S Clock is Disabled
10-09 23:22:24.020     0     0 I         : [  902.707384 / 10-09 23:22:24.015][2] msm8994_quat_mi2s_snd_shutdown Quaternary MI2S Clock is Disabled
--------- switch to main
10-09 23:22:24.021   477   477 D hardware_info: hw_info_append_hw_type : device_name = speaker
10-09 23:22:24.022   477   477 D audio_hw_primary: disable_snd_device: snd_device(2: speaker)
10-09 23:22:24.023   763  8498 E Sensors : devname: /dev/input/event0
--------- switch to kernel
10-09 23:22:24.028     0     0 E [  902.716725 / 10-09 23:22:24.023][1] msm_init_proxy: 803 KSY module ID : 20
10-09 23:22:24.028     0     0 E [  902.717009 / 10-09 23:22:24.023][1] msm_init_proxy: 815 inot read offset = -3 from eeprom
--------- switch to main
10-09 23:22:24.029   763  8494 E mm-camera-sensor: sensor_proxy_thread_on:198enter
10-09 23:22:24.030   763  8498 E Sensors : devname: /dev/input/event2
10-09 23:22:24.031   763  8494 E mm-camera: module_sensor_init_session:1412tcs_sensor init Enter **
--------- switch to kernel
10-09 23:22:24.034     0     0 E [  902.719369 / 10-09 23:22:24.027][1] msm_proxy_thread_start: 599 msm_proxy_thread_start
10-09 23:22:24.034     0     0 E [  902.719687 / 10-09 23:22:24.027][1] msm_proxy_thread_start: 612 INIT_WORK done!
10-09 23:22:24.034     0     0 E [  902.719817 / 10-09 23:22:24.027][1] msm_proxy_thread_start: 615 queue_work done!
10-09 23:22:24.034     0     0 E [  902.720744 / 10-09 23:22:24.027][1] msm_tcs_power_up: 435 msm_tcs_power_up called
10-09 23:22:24.034     0     0 E [  902.720872 / 10-09 23:22:24.027][1] msm_tcs_power_up: 443 Exit
10-09 23:22:24.034     0     0 E [  902.720982 / 10-09 23:22:24.027][1] msm_tcs_init: 470 Enter
--------- switch to main
10-09 23:22:24.044   763  8498 E Sensors : No Tof sensor found!!!
10-09 23:22:24.045   763  8498 E mm-camera: sensor_laser_init:164  0 sensor supported
10-09 23:22:24.046   763  8498 E mm-camera: gyro_port_init:1404  Failure initializing laser sensor. Error: 4
10-09 23:22:24.046   763  8498 I CAMERA_SENSOR: start_accel_sensor
10-09 23:22:24.048   763  8498 E mm-camera: start_accel_sensor: sensor1_open E
10-09 23:22:24.049   763  8498 E mm-camera: start_accel_sensor: sensor1_open X, res = 0
10-09 23:22:24.052   763  8516 I CAMERA_SENSOR: accel_data_cb received RESP - SNS_SMGR_REPORT_RESP_V01
10-09 23:22:24.052   763  8498 D mm-camera: mct: mct_pipeline_start_session_thread: X imglib
--------- switch to kernel
10-09 23:22:24.068     0     0 E [  902.755551 / 10-09 23:22:24.063][3] msm_tcs_init: 483 exit
10-09 23:22:24.068     0     0 E [  902.757412 / 10-09 23:22:24.063][3] pause_tcs: 282 pause_workqueue = 1
--------- switch to main
10-09 23:22:24.068   763  8494 E mm-camera-sensor: tcs_thread_create:291tcs_thread, thread_id 0
10-09 23:22:24.069   763  8494 E mm-camera: module_sensor_start_session:1684SUCCESS
10-09 23:22:24.070   763  8494 D mm-camera: mct: mct_pipeline_start_session_thread: X imglib
10-09 23:22:24.070   763   763 E mm-camera: sensor_get_cur_chromatix_name:2577Error: Load default preview chroamtix
10-09 23:22:24.070   763   763 E mm-camera-sensor: chromatix_load_library_ex : chromatix = libchromatix_imx234_snapshot.so , lib name = /system/vendor/lib/libchromatix_imx234_snapshot.so
--------- switch to kernel
10-09 23:22:24.072     0     0 E         : [  902.761373 / 10-09 23:22:24.067][1] tcs stop Reading(CLR)
--------- switch to main
10-09 23:22:24.071   763   763 E mm-camera-sensor: chromatix_load_library_ex : chromatix = libchromatix_imx234_snapshot.so , lib name = /system/vendor/lib/libchromatix_imx234_snapshot.so
10-09 23:22:24.072   763   763 E mm-camera-sensor: chromatix_load_library_ex : chromatix = libchromatix_imx234_common.so , lib name = /system/vendor/lib/libchromatix_imx234_common.so
10-09 23:22:24.072   763   763 E mm-camera-sensor: chromatix_load_library_ex : chromatix = libchromatix_imx234_cpp_snapshot.so , lib name = /system/vendor/lib/libchromatix_imx234_cpp_snapshot.so
10-09 23:22:24.073   763   763 E mm-camera-sensor: chromatix_load_library_ex : chromatix = libchromatix_imx234_cpp_snapshot.so , lib name = /system/vendor/lib/libchromatix_imx234_cpp_snapshot.so
10-09 23:22:24.073   763   763 E mm-camera-sensor: chromatix_load_library_ex : chromatix = libchromatix_imx234_cpp_flash_snapshot.so , lib name = /system/vendor/lib/libchromatix_imx234_cpp_flash_snapshot.so
10-09 23:22:24.074   763   763 E mm-camera-sensor: chromatix_load_library_ex : chromatix = libchromatix_imx234_cpp_video.so , lib name = /system/vendor/lib/libchromatix_imx234_cpp_video.so
10-09 23:22:24.074   763   763 E mm-camera-sensor: chromatix_load_library_ex : chromatix = libchromatix_imx234_postproc.so , lib name = /system/vendor/lib/libchromatix_imx234_postproc.so
10-09 23:22:24.075   763   763 E mm-camera: module_faceproc_query_mod:1996] Caps ROI 5 scene_mode_cnt 1 HW analysis supported 0
10-09 23:22:24.076   763   763 E hdr     : module_hdr_lib_query_mod:181] Supported scenemode cnt 2
10-09 23:22:24.076   763   763 D mm-camera: mct: mct_pipeline_process_set:command=800000a
10-09 23:22:24.077   763   763 D mm-camera: mct: mct_pipeline_process_set: Adding new stream: id [0f]
10-09 23:22:24.077   763   763 D mm-camera: mct: mct_pipeline_process_set:command=8000012
10-09 23:22:24.077   763   763 D mm-camera: mct: mct_stream_start_link: Start linking Session-stream 0x1000f
10-09 23:22:24.078   763   763 I mm-camera: module_iface_set_mod_func: set module type = 8, identity 1000f
10-09 23:22:24.078   763   763 I mm-camera: port dir 2 stream info ide 1000f type 10 dim 0 x 0 port 0xf72e87c0
10-09 23:22:24.079   763   763 I mm-camera: port 0xf72e87c0 ide 1000f type 10 dim 0 0
10-09 23:22:24.079   763   763 I mm-camera: port dir 1 stream info ide 1000f type 10 dim 0 x 0 port 0xf72e8820
10-09 23:22:24.080   763   763 I mm-camera: port dir 1 stream info ide 1000f type 10 dim 0 x 0 port 0xf72e8880
10-09 23:22:24.080   763   763 I mm-camera: port dir 1 stream info ide 1000f type 10 dim 0 x 0 port 0xf72e88e0
10-09 23:22:24.081   763   763 I mm-camera: port dir 1 stream info ide 1000f type 10 dim 0 x 0 port 0xf72e8940
10-09 23:22:24.081   763   763 E mm-camera: int_link = 0xf72eede0
10-09 23:22:24.082   763   763 I mm-camera: pproc_port_add_modules_to_stream:433, linking mods tmod and c2d
10-09 23:22:24.082   763   763 I mm-camera: pproc_port_add_modules_to_stream:433, linking mods c2d and cpp
10-09 23:22:24.083   763   763 E mm-camera: Interleaved flag is 0, identity 65551 port type 0
10-09 23:22:24.083   763   763 I mm-camera: pproc_port_add_modules_to_stream:433, linking mods cpp and afs
10-09 23:22:24.084   763   763 I mm-camera: pproc_port_add_modules_to_stream:433, linking mods afs and llvd
10-09 23:22:24.084   763   763 I mm-camera: pproc_port_add_modules_to_stream:433, linking mods llvd and ezt
10-09 23:22:24.085   763   763 E mm-camera: pproc_port_add_modules_to_stream:454] X rc: 1
10-09 23:22:24.086   763   763 I mm-camera: port dir 1 stream info ide 1000f type 10 dim 0 x 0 port 0xf72e8820
10-09 23:22:24.086   763   763 I mm-camera: port dir 1 stream info ide 1000f type 10 dim 0 x 0 port 0xf72e8880
10-09 23:22:24.087   763   763 I mm-camera: port dir 1 stream info ide 1000f type 10 dim 0 x 0 port 0xf72e88e0
10-09 23:22:24.087   763   763 I mm-camera: port dir 1 stream info ide 1000f type 10 dim 0 x 0 port 0xf72e8940
10-09 23:22:24.087   763   763 I mm-camera: port dir 1 stream info ide 1000f type 10 dim 0 x 0 port 0xf72e89a0
10-09 23:22:24.094   763   763 D mm-camera: mct: mct_pipeline_process_set: Linking successful for stream 0x1000f stream type=10
10-09 23:22:24.106  2035  8484 W Camera2-Parameters: initialize: Camera 0: Unknown preview format: 24
10-09 23:22:24.106  2035  8484 W Camera2-Parameters: initialize: Camera 0: Unknown preview format: 25
10-09 23:22:24.109  2035  8484 E Camera2-Parameters: Error finding static metadata entry 'android.distortionCorrection.availableModes' (1b0001)
10-09 23:22:24.110  2035  8484 I Camera2-Parameters: Camera 0: Disabling ZSL mode
10-09 23:22:24.110  2035  8484 I Camera2-Parameters: initialize: allowZslMode: 0 slowJpegMode 1
--------- switch to events
10-09 23:22:24.120   358   358 I snet_event_log: [121035042,-1,]
10-09 23:22:24.165   847  1258 I commit_sys_config_file: [settings-2-0,10]
--------- switch to main
10-09 23:22:24.218  2035  8484 I Camera3-Device: disconnectImpl: E
--------- switch to kernel
10-09 23:22:24.224     0     0 E [  902.912582 / 10-09 23:22:24.219][1] camera_v4l2_close: close stream_id=0
--------- switch to main
10-09 23:22:24.224   763  8528 D mm-camera: mct: mct_pipeline_process_set:command=800000b
10-09 23:22:24.226   763  8528 E mm-camera: mct: mct_pipeline_process_set:2966: Couldn't find stream id: 0
--------- switch to kernel
10-09 23:22:24.228     0     0 E [  902.916892 / 10-09 23:22:24.223][0] msm_post_event: timeout cannot be negative Line 805
10-09 23:22:24.228     0     0 E [  902.917164 / 10-09 23:22:24.223][0] msm_delete_command_ack_q: session_id = 1, stream_id = 0
10-09 23:22:24.228     0     0 E [  902.917309 / 10-09 23:22:24.223][0] msm_destroy_session: session_id = 1
--------- switch to main
10-09 23:22:24.227   763   763 D mm-camera: mct: mct_controller_destroy: Initiating destroy sequence
