10-09 23:22:29.437  8698  8698 E mm-camera: vpe_hardware_find_subdev:719: entity.name=v4l-subdev18 entity.revision=0
10-09 23:22:29.437  8698  8698 E mm-camera: vpe_hardware_find_subdev:719: entity.name=v4l-subdev19 entity.revision=0
10-09 23:22:29.437  8698  8698 E mm-camera: vpe_hardware_find_subdev:719: entity.name=v4l-subdev20 entity.revision=0
10-09 23:22:29.438  8698  8698 E mm-camera: vpe_hardware_find_subdev:719: entity.name=v4l-subdev21 entity.revision=0
10-09 23:22:29.438  8698  8698 E mm-camera: vpe_hardware_find_subdev:714: done enumerating media entities
10-09 23:22:29.439  8698  8698 E mm-camera: vpe_hardware_find_subdev:719: entity.name=video1 entity.revision=0
10-09 23:22:29.439  8698  8698 E mm-camera: vpe_hardware_find_subdev:714: done enumerating media entities
10-09 23:22:29.439  8698  8698 E mm-camera: vpe_hardware_find_subdev:719: entity.name=video2 entity.revision=0
10-09 23:22:29.440  8698  8698 E mm-camera: vpe_hardware_find_subdev:714: done enumerating media entities
10-09 23:22:29.441  8698  8698 E mm-camera: vpe_hardware_find_subdev:686: no more media devices
10-09 23:22:29.441  8698  8698 E mm-camera: vpe_hardware_find_subdev:731: no vpe device found.
10-09 23:22:29.441  8698  8698 E mm-camera: vpe_hardware_create:31: error: cannot find vpe subdev
10-09 23:22:29.442  8698  8698 E mm-camera: vpe_module_create_vpe_ctrl:141, failed, cannnot create vpe hardware instance
10-09 23:22:29.442  8698  8698 E mm-camera: vpe_module_init:34 failed
10-09 23:22:29.443  8698  8698 E mm-camera-vpu: vpu_module_init:54, INFO name=vpu
10-09 23:22:29.443  8698  8698 E mm-camera-pp: [INFO] base_module_init:142, name=tmod
10-09 23:22:29.445  8698  8698 E mm-camera-pp: [INFO] base_module_init:142, name=ezt
10-09 23:22:29.495  8698  8698 I mm-camera: < INFO> 420: void init(): memleak lib init.
10-09 23:22:29.496  8698  8698 I mm-camera: < INFO> 439: void init(): memleak tracer not attached
10-09 23:22:29.510  8698  8698 E mm-camera-img: frameproc_comp_load_fn_ptrs:880] Warning linking img_algo_frame_ind
10-09 23:22:29.510  8698  8698 E mm-camera-img: frameproc_comp_load_fn_ptrs:887] Warning linking img_algo_meta_ind
10-09 23:22:29.511  8698  8698 E mm-camera-img: frameproc_comp_load_fn_ptrs:894] Warning linking img_algo_set_frame_ops
10-09 23:22:29.511  8698  8698 E mm-camera: module_cac_init:1961] CAC disabled rc 0
10-09 23:22:29.512  8698  8698 E mm-camera: pproc_module_init:2812 num_sub_mods:6
10-09 23:22:29.513  8698  8698 E mm-camera-img: Can not discover face-detect device
10-09 23:22:29.513  8698  8698 E mm-camera-img: Can not find device name
10-09 23:22:29.514  8698  8698 E mm-camera-img: faceproc_dsp_comp_load:1225] E 
10-09 23:22:29.514  8698  8698 E mm-camera: module_faceproc_init:2392] HW or DSP FD not available switch to SW
10-09 23:22:29.521  8698  8698 E mm-camera-img: hdr_comp_reload_lib:1315] Error linking hdrSingleFrameCore
10-09 23:22:29.522  8698  8698 E hdr     : module_hdr_lib_query_mod:181] Supported scenemode cnt 1
10-09 23:22:29.534  8698  8698 E mm-camera-img: frameproc_comp_load_fn_ptrs:880] Warning linking img_algo_frame_ind
10-09 23:22:29.534  8698  8698 E mm-camera-img: frameproc_comp_load_fn_ptrs:887] Warning linking img_algo_meta_ind
10-09 23:22:29.535  8698  8698 E mm-camera-img: img_dsp_dlopen:127] NOT FOUND llvd 
10-09 23:22:29.542  8698  8698 E mm-camera-img: frameproc_comp_load_fn_ptrs:880] Warning linking img_algo_frame_ind
10-09 23:22:29.543  8698  8698 E mm-camera-img: frameproc_comp_load_fn_ptrs:887] Warning linking img_algo_meta_ind
10-09 23:22:29.543  8698  8698 E mm-camera-img: img_dsp_dlopen:127] NOT FOUND llvd 
10-09 23:22:29.554  8698  8698 E mm-camera-img: frameproc_comp_load_fn_ptrs:887] Warning linking img_algo_meta_ind
10-09 23:22:29.554  8698  8698 E mm-camera-img: img_dsp_dlopen:127] NOT FOUND llvd 
10-09 23:22:29.555  8698  8698 E mm-camera-img: frameproc_comp_load_fn_ptrs:887] Warning linking img_algo_meta_ind
10-09 23:22:29.556  8698  8698 E mm-camera-img: img_dsp_dlopen:127] NOT FOUND llvd 
10-09 23:22:29.569  8698  8698 E mm-camera-img: frameproc_comp_load_fn_ptrs:880] Warning linking img_algo_frame_ind
10-09 23:22:29.569  8698  8698 E mm-camera-img: frameproc_comp_load_fn_ptrs:887] Warning linking img_algo_meta_ind
10-09 23:22:29.570  8698  8698 E mm-camera-img: img_dsp_dlopen:127] NOT FOUND llvd 
10-09 23:22:29.573  8698  8698 E mm-camera-img: frameproc_comp_load_fn_ptrs:887] Warning linking img_algo_meta_ind
10-09 23:22:29.574  8698  8698 E mm-camera-img: img_dsp_dlopen:127] NOT FOUND llvd 
10-09 23:22:29.684   847  1257 D sensors_hal_Ctx: poll:polldata:1, sensor:0, type:1, x:0.775208 y:-0.139709 z:9.711929
10-09 23:22:29.694   847  1190 V sensors_hal_Mag: processReportInd:sensor android.sensor.magnetic_field 
10-09 23:22:29.696   847  1190 V sensors_hal_Mag: processReportInd: Cal Mag Filter, 0, 1, -19.561768, 19.931030, -32.562256, -19.561768, 19.931030, -32.562256, -19.561768, 19.931030, -32.562256
10-09 23:22:29.698   847  1257 D sensors_hal_Ctx: poll:polldata:1, sensor:10, type:2, x:-19.561768 y:19.931030 z:-32.562256
10-09 23:22:29.743   847  1257 D sensors_hal_Ctx: poll:polldata:1, sensor:0, type:1, x:0.766724 y:-0.123550 z:9.702103
10-09 23:22:29.802   847  1257 D sensors_hal_Ctx: poll:polldata:1, sensor:0, type:1, x:0.763412 y:-0.128464 z:9.708542
10-09 23:22:29.841   847  1676 E LocSvc_eng: E/Calling gnss_sv_status_cb
10-09 23:22:29.844   847  1676 I GnssHAL_GnssInterface: updateWakelock: GNSS HAL Wakelock acquired due to gps: 1, fused: 0
10-09 23:22:29.847   847  1676 I GnssHAL_GnssInterface: updateWakelock: GNSS HAL Wakelock released
10-09 23:22:29.849   847  1676 I GnssHAL_GnssInterface: updateWakelock: GNSS HAL Wakelock acquired due to gps: 1, fused: 0
10-09 23:22:29.852   847  1676 I GnssHAL_GnssInterface: updateWakelock: GNSS HAL Wakelock released
10-09 23:22:30.841   847  1676 E LocSvc_eng: E/Calling gnss_sv_status_cb
10-09 23:22:30.847   847  1676 I GnssHAL_GnssInterface: updateWakelock: GNSS HAL Wakelock acquired due to gps: 1, fused: 0
10-09 23:22:30.850   847  1676 I GnssHAL_GnssInterface: updateWakelock: GNSS HAL Wakelock released
10-09 23:22:30.851   847  1676 I GnssHAL_GnssInterface: updateWakelock: GNSS HAL Wakelock acquired due to gps: 1, fused: 0
10-09 23:22:30.853   847  1676 I GnssHAL_GnssInterface: updateWakelock: GNSS HAL Wakelock released
10-09 23:22:31.504   503   503 I MSM-irqbalance: Decided to move IRQ115 from CPU1 to CPU0
10-09 23:22:31.841   847  1676 E LocSvc_eng: E/Calling gnss_sv_status_cb
10-09 23:22:31.846   847  1676 I GnssHAL_GnssInterface: updateWakelock: GNSS HAL Wakelock acquired due to gps: 1, fused: 0
10-09 23:22:31.849   847  1676 I GnssHAL_GnssInterface: updateWakelock: GNSS HAL Wakelock released
10-09 23:22:31.851   847  1676 I GnssHAL_GnssInterface: updateWakelock: GNSS HAL Wakelock acquired due to gps: 1, fused: 0
10-09 23:22:31.855   847  1676 I GnssHAL_GnssInterface: updateWakelock: GNSS HAL Wakelock released
10-09 23:22:32.841   847  1676 E LocSvc_eng: E/Calling gnss_sv_status_cb
10-09 23:22:32.847   847  1676 I GnssHAL_GnssInterface: updateWakelock: GNSS HAL Wakelock acquired due to gps: 1, fused: 0
10-09 23:22:32.852   847  1676 I GnssHAL_GnssInterface: updateWakelock: GNSS HAL Wakelock released
10-09 23:22:32.854   847  1676 I GnssHAL_GnssInterface: updateWakelock: GNSS HAL Wakelock acquired due to gps: 1, fused: 0
10-09 23:22:32.857   847  1676 I GnssHAL_GnssInterface: updateWakelock: GNSS HAL Wakelock released
10-09 23:22:33.840   847  1676 E LocSvc_eng: E/Calling gnss_sv_status_cb
10-09 23:22:33.846   847  1676 I GnssHAL_GnssInterface: updateWakelock: GNSS HAL Wakelock acquired due to gps: 1, fused: 0
10-09 23:22:33.849   847  1676 I GnssHAL_GnssInterface: updateWakelock: GNSS HAL Wakelock released
10-09 23:22:33.852   847  1676 I GnssHAL_GnssInterface: updateWakelock: GNSS HAL Wakelock acquired due to gps: 1, fused: 0
10-09 23:22:33.854   847  1676 I GnssHAL_GnssInterface: updateWakelock: GNSS HAL Wakelock released
10-09 23:22:34.841   847  1676 E LocSvc_eng: E/Calling gnss_sv_status_cb
10-09 23:22:34.844   847  1676 I GnssHAL_GnssInterface: updateWakelock: GNSS HAL Wakelock acquired due to gps: 1, fused: 0
10-09 23:22:34.848   847  1676 I GnssHAL_GnssInterface: updateWakelock: GNSS HAL Wakelock released
10-09 23:22:34.850   847  1676 I GnssHAL_GnssInterface: updateWakelock: GNSS HAL Wakelock acquired due to gps: 1, fused: 0
10-09 23:22:34.852   847  1676 I GnssHAL_GnssInterface: updateWakelock: GNSS HAL Wakelock released
10-09 23:22:35.841   847  1676 E LocSvc_eng: E/Calling gnss_sv_status_cb
10-09 23:22:35.846   847  1676 I GnssHAL_GnssInterface: updateWakelock: GNSS HAL Wakelock acquired due to gps: 1, fused: 0
10-09 23:22:35.850   847  1676 I GnssHAL_GnssInterface: updateWakelock: GNSS HAL Wakelock released
10-09 23:22:35.852   847  1676 I GnssHAL_GnssInterface: updateWakelock: GNSS HAL Wakelock acquired due to gps: 1, fused: 0
10-09 23:22:35.854   847  1676 I GnssHAL_GnssInterface: updateWakelock: GNSS HAL Wakelock released
--------- switch to kernel
10-09 23:22:36.761     0     0 W [  915.447659 / 10-09 23:22:36.755][2] healthd: battery l=96 v=4135 t=23.2 h=2 st=2 c=-281 chg=u
--------- switch to main
10-09 23:22:36.842   847  1676 E LocSvc_eng: E/Calling gnss_sv_status_cb
10-09 23:22:36.847   847  1676 I GnssHAL_GnssInterface: updateWakelock: GNSS HAL Wakelock acquired due to gps: 1, fused: 0
10-09 23:22:36.850   847  1676 I GnssHAL_GnssInterface: updateWakelock: GNSS HAL Wakelock released
10-09 23:22:36.853   847  1676 I GnssHAL_GnssInterface: updateWakelock: GNSS HAL Wakelock acquired due to gps: 1, fused: 0
10-09 23:22:36.855   847  1676 I GnssHAL_GnssInterface: updateWakelock: GNSS HAL Wakelock released
10-09 23:22:37.841   847  1676 E LocSvc_eng: E/Calling gnss_sv_status_cb
10-09 23:22:37.847   847  1676 I GnssHAL_GnssInterface: updateWakelock: GNSS HAL Wakelock acquired due to gps: 1, fused: 0
10-09 23:22:37.850   847  1676 I GnssHAL_GnssInterface: updateWakelock: GNSS HAL Wakelock released
10-09 23:22:37.852   847  1676 I GnssHAL_GnssInterface: updateWakelock: GNSS HAL Wakelock acquired due to gps: 1, fused: 0
10-09 23:22:37.856   847  1676 I GnssHAL_GnssInterface: updateWakelock: GNSS HAL Wakelock released
--------- switch to kernel
10-09 23:22:37.889     0     0 E [  916.574605 / 10-09 23:22:37.883][0] msm_post_event: Timed out
10-09 23:22:37.889     0     0 E         : [  916.575036 / 10-09 23:22:37.883][0] Evt_type=8002000 Evt_id=3 Evt_cmd=8000008
10-09 23:22:37.889     0     0 E         : [  916.575250 / 10-09 23:22:37.883][0] Evt_session_id=1 Evt_stream_id=4 Evt_arg=-1
10-09 23:22:37.889     0     0 W [  916.575645 / 10-09 23:22:37.883][0] CPU: 0 PID: 8651 Comm: C3Dev-0-ReqQueu Not tainted 3.10.108-g92e039801ae #1
10-09 23:22:37.889     0     0 W         : [  916.576016 / 10-09 23:22:37.883][0] Hardware name: Qualcomm Technologies, Inc. MSM8992 P1 GLOBAL COM (DT)
10-09 23:22:37.889     0     0 W         : [  916.576383 / 10-09 23:22:37.883][0] Call trace:
10-09 23:22:37.889     0     0 W         : [  916.576629 / 10-09 23:22:37.883][0] [<ffffffc000087854>] dump_backtrace+0x0/0x244
10-09 23:22:37.889     0     0 W         : [  916.577016 / 10-09 23:22:37.883][0] [<ffffffc000087aa8>] show_stack+0x10/0x1c
10-09 23:22:37.890     0     0 W         : [  916.577243 / 10-09 23:22:37.883][0] [<ffffffc000e45eb4>] dump_stack+0x1c/0x28
10-09 23:22:37.890     0     0 W         : [  916.577627 / 10-09 23:22:37.883][0] [<ffffffc0007d4228>] msm_post_event+0x484/0x4dc
10-09 23:22:37.890     0     0 W         : [  916.578152 / 10-09 23:22:37.887][0] [<ffffffc0007d4a70>] camera_v4l2_streamon+0x40/0x60
10-09 23:22:37.890     0     0 W         : [  916.578404 / 10-09 23:22:37.887][0] [<ffffffc00077ce84>] v4l_streamon+0x18/0x24
10-09 23:22:37.890     0     0 W         : [  916.578806 / 10-09 23:22:37.887][0] [<ffffffc000780638>] __video_do_ioctl+0x180/0x270
10-09 23:22:37.890     0     0 W         : [  916.579181 / 10-09 23:22:37.887][0] [<ffffffc000780304>] video_usercopy+0x244/0x3dc
10-09 23:22:37.890     0     0 W         : [  916.579426 / 10-09 23:22:37.887][0] [<ffffffc0007804ac>] video_ioctl2+0x10/0x1c
10-09 23:22:37.893     0     0 W         : [  916.579801 / 10-09 23:22:37.887][0] [<ffffffc00077bd64>] v4l2_ioctl+0xf0/0x130
10-09 23:22:37.893     0     0 W         : [  916.580184 / 10-09 23:22:37.887][0] [<ffffffc00078a434>] do_video_ioctl+0xfbc/0x1bb0
10-09 23:22:37.893     0     0 W         : [  916.580404 / 10-09 23:22:37.887][0] [<ffffffc00078b61c>] v4l2_compat_ioctl32+0x5f4/0x64c
10-09 23:22:37.893     0     0 W         : [  916.580784 / 10-09 23:22:37.887][0] [<ffffffc0001c06c0>] compat_sys_ioctl+0x10c/0x1228
10-09 23:22:37.893     0     0 E [  916.581153 / 10-09 23:22:37.887][0] msm_shutdown_imaging_server: sending event to shutdown qcamsvr
--------- switch to main
10-09 23:22:37.892  2035  8651 E mm-camera-intf: mm_stream_streamon: ioctl VIDIOC_STREAMON failed: rc=-1
10-09 23:22:37.892  8698  8698 E mm-camera: server_process_hal_event:210: shutting down qcamsvr here as timeout occurred
10-09 23:22:37.893  2035  8648 E QCamera3HWI: static void qcamera::QCamera3HardwareInterface::camEvtHandle(uint32_t, mm_camera_event_t*, void*): Fatal, camera daemon died
10-09 23:22:37.895  8698  8698 F mm-camera: *** timed out in posting event. please refer to tombstones ***
10-09 23:22:37.896  2035  8648 E Camera3-Device: Camera 0: notifyError: Camera HAL reported serious device error
--------- switch to crash
10-09 23:22:37.898  8698  8698 F libc    : Fatal signal 6 (SIGABRT), code -1 (SI_QUEUE) in tid 8698 (mm-qcamera-daem), pid 8698 (mm-qcamera-daem)
--------- switch to main
10-09 23:22:37.900  2035  8651 E mm-camera-intf: mm_channel_start: start stream failed at idx(0)
10-09 23:22:37.902  2035  8651 E mm-camera-intf: mm_stream_fsm_reg: invalid state (5) for evt (8), in(0x0), out(0x0)
10-09 23:22:37.904  2035  8651 E mm-camera-intf: mm_stream_unreg_buf: fd=42, VIDIOC_REQBUFS failed, rc=-1
10-09 23:22:37.905  2035  8651 E QCamera3Stream: int32_t qcamera::QCamera3Stream::putBufs(mm_camera_map_unmap_ops_tbl_t*): un-map stream buf failed: -1
10-09 23:22:37.912  2035  8651 I chatty  : uid=1047(cameraserver) /system/bin/cameraserver identical 6 lines
10-09 23:22:37.914  2035  8651 E QCamera3Stream: int32_t qcamera::QCamera3Stream::putBufs(mm_camera_map_unmap_ops_tbl_t*): un-map stream buf failed: -1
10-09 23:22:37.914  8429  8564 E CAM_FatalErrorHandler: Handling Camera Access Failure:
10-09 23:22:37.914  8429  8564 E CAM_FatalErrorHandler: java.lang.Exception
10-09 23:22:37.914  8429  8564 E CAM_FatalErrorHandler: 	at com.android.camera.FatalErrorHandlerImpl.onGenericCameraAccessFailure(FatalErrorHandlerImpl.java:84)
10-09 23:22:37.914  8429  8564 E CAM_FatalErrorHandler: 	at com.android.camera.one.v2.Camera2OneCameraOpenerImpl$1.onError(Camera2OneCameraOpenerImpl.java:154)
10-09 23:22:37.914  8429  8564 E CAM_FatalErrorHandler: 	at android.hardware.camera2.impl.CameraDeviceImpl$CameraDeviceCallbacks.notifyError(CameraDeviceImpl.java:2053)
10-09 23:22:37.914  8429  8564 E CAM_FatalErrorHandler: 	at android.hardware.camera2.impl.CameraDeviceImpl$CameraDeviceCallbacks.lambda$Sm85frAzwGZVMAK-NE_gwckYXVQ(Unknown Source:0)
10-09 23:22:37.914  8429  8564 E CAM_FatalErrorHandler: 	at android.hardware.camera2.impl.-$$Lambda$CameraDeviceImpl$CameraDeviceCallbacks$Sm85frAzwGZVMAK-NE_gwckYXVQ.accept(Unknown Source:8)
10-09 23:22:37.914  8429  8564 E CAM_FatalErrorHandler: 	at com.android.internal.util.function.pooled.PooledLambdaImpl.doInvoke(PooledLambdaImpl.java:271)
10-09 23:22:37.914  8429  8564 E CAM_FatalErrorHandler: 	at com.android.internal.util.function.pooled.PooledLambdaImpl.invoke(PooledLambdaImpl.java:195)
10-09 23:22:37.914  8429  8564 E CAM_FatalErrorHandler: 	at com.android.internal.util.function.pooled.OmniFunction.run(OmniFunction.java:86)
10-09 23:22:37.914  8429  8564 E CAM_FatalErrorHandler: 	at android.os.Handler.handleCallback(Handler.java:883)
10-09 23:22:37.914  8429  8564 E CAM_FatalErrorHandler: 	at android.os.Handler.dispatchMessage(Handler.java:100)
10-09 23:22:37.914  8429  8564 E CAM_FatalErrorHandler: 	at android.os.Looper.loop(Looper.java:214)
10-09 23:22:37.914  8429  8564 E CAM_FatalErrorHandler: 	at android.os.HandlerThread.run(HandlerThread.java:67)
10-09 23:22:37.916  2035  8651 E QCamera3Stream: int32_t qcamera::QCamera3Stream::putBufs(mm_camera_map_unmap_ops_tbl_t*): un-map stream buf failed: -1
10-09 23:22:37.918  2035  8651 I chatty  : uid=1047(cameraserver) /system/bin/cameraserver identical 1 line
10-09 23:22:37.920  2035  8651 E QCamera3Stream: int32_t qcamera::QCamera3Stream::putBufs(mm_camera_map_unmap_ops_tbl_t*): un-map stream buf failed: -1
10-09 23:22:37.920  8429  8564 E CAM_CameraUtil: Show fatal error dialog
10-09 23:22:37.921  2035  8651 E QCamera3Stream: int32_t qcamera::QCamera3Stream::putBufs(mm_camera_map_unmap_ops_tbl_t*): un-map stream buf failed: -1
10-09 23:22:37.928  2035  8651 I chatty  : uid=1047(cameraserver) /system/bin/cameraserver identical 5 lines
10-09 23:22:37.929  2035  8651 E QCamera3Stream: int32_t qcamera::QCamera3Stream::putBufs(mm_camera_map_unmap_ops_tbl_t*): un-map stream buf failed: -1
10-09 23:22:37.937  2035  8651 E QCamera3HWI: int qcamera::QCamera3HardwareInterface::processCaptureRequest(camera3_capture_request_t*): Analysis channel start failed
--------- switch to kernel
10-09 23:22:37.944     0     0 E [  916.628334 / 10-09 23:22:37.935][0] msm_post_event: 775] blocking events while restarting qcamsvr
--------- switch to main
10-09 23:22:37.939  2035  8651 E QCamera3Stream: int32_t qcamera::QCamera3Stream::putBufs(mm_camera_map_unmap_ops_tbl_t*): un-map stream buf failed: -1
10-09 23:22:37.951  2035  8651 I chatty  : uid=1047(cameraserver) /system/bin/cameraserver identical 16 lines
10-09 23:22:37.952  2035  8651 E QCamera3Stream: int32_t qcamera::QCamera3Stream::putBufs(mm_camera_map_unmap_ops_tbl_t*): un-map stream buf failed: -1
10-09 23:22:37.953  2035  8651 E CamDevSession@3.2-impl: processOneCaptureRequest: HAL process_capture_request call failed!
--------- switch to events
10-09 23:22:37.959  8564  8564 I auditd  : type=1400 audit(0.0:184): avc: denied { sendto } for comm=".mCameraHandler" path="/dev/socket/seempdw" scontext=u:r:platform_app:s0:c512,c768 tcontext=u:r:pmservice:s0 tclass=unix_dgram_socket permissive=1 app=com.android.camera2
--------- switch to main
10-09 23:22:37.959  8564  8564 I .mCameraHandler: type=1400 audit(0.0:184): avc: denied { sendto } for path="/dev/socket/seempdw" scontext=u:r:platform_app:s0:c512,c768 tcontext=u:r:pmservice:s0 tclass=unix_dgram_socket permissive=1 app=com.android.camera2
10-09 23:22:37.988  8729  8729 I crash_dump32: obtaining output fd from tombstoned, type: kDebuggerdTombstone
10-09 23:22:37.990   769   769 I /system/bin/tombstoned: received crash request for pid 8698
10-09 23:22:37.991  8729  8729 I crash_dump32: performing dump of process 8698 (target tid = 8698)
--------- switch to crash
10-09 23:22:38.015  8729  8729 F DEBUG   : *** *** *** *** *** *** *** *** *** *** *** *** *** *** *** ***
10-09 23:22:38.020  8729  8729 F DEBUG   : Build fingerprint: 'lge/p1_global_com/p1:6.0/MRA58K/152940055675e:user/release-keys'
10-09 23:22:38.021  8729  8729 F DEBUG   : Revision: '11'
10-09 23:22:38.021  8729  8729 F DEBUG   : ABI: 'arm'
10-09 23:22:38.023  8729  8729 F DEBUG   : Timestamp: 2020-10-09 23:22:38+0200
10-09 23:22:38.023  8729  8729 F DEBUG   : pid: 8698, tid: 8698, name: mm-qcamera-daem  >>> /vendor/bin/mm-qcamera-daemon <<<
10-09 23:22:38.024  8729  8729 F DEBUG   : uid: 1006
10-09 23:22:38.024  8729  8729 F DEBUG   : signal 6 (SIGABRT), code -1 (SI_QUEUE), fault addr --------
10-09 23:22:38.025  8729  8729 F DEBUG   : Abort message: '*** timed out in posting event. please refer to tombstones ***'
10-09 23:22:38.025  8729  8729 F DEBUG   :     r0  00000000  r1  000021fa  r2  00000006  r3  fff78458
10-09 23:22:38.026  8729  8729 F DEBUG   :     r4  fff7846c  r5  fff78450  r6  000021fa  r7  0000016b
10-09 23:22:38.026  8729  8729 F DEBUG   :     r8  fff78468  r9  fff78458  r10 fff78488  r11 fff78478
10-09 23:22:38.027  8729  8729 F DEBUG   :     ip  000021fa  sp  fff78428  lr  eeaa4263  pc  eeaa4276
10-09 23:22:38.030  8729  8729 F DEBUG   : 
10-09 23:22:38.030  8729  8729 F DEBUG   : backtrace:
10-09 23:22:38.031  8729  8729 F DEBUG   :       #00 pc 0005f276  /apex/com.android.runtime/lib/bionic/libc.so (abort+166) (BuildId: be2954ec495707bc280c21e0cf2919f2)
10-09 23:22:38.031  8729  8729 F DEBUG   :       #01 pc 00005a31  /system/lib/liblog.so (__android_log_assert+176) (BuildId: 5308d97a8ae4abb015fa115d4dabe0b0)
10-09 23:22:38.032  8729  8729 F DEBUG   :       #02 pc 00001c2d  /system/vendor/bin/mm-qcamera-daemon (BuildId: 59cb38566341b39c2970624608dbd98a)
10-09 23:22:38.032  8729  8729 F DEBUG   :       #03 pc 0000162f  /system/vendor/bin/mm-qcamera-daemon (main+746) (BuildId: 59cb38566341b39c2970624608dbd98a)
10-09 23:22:38.033  8729  8729 F DEBUG   :       #04 pc 00059911  /apex/com.android.runtime/lib/bionic/libc.so (__libc_init+68) (BuildId: be2954ec495707bc280c21e0cf2919f2)
10-09 23:22:38.036  8729  8729 F DEBUG   :       #05 pc 00001180  /system/vendor/bin/mm-qcamera-daemon (BuildId: 59cb38566341b39c2970624608dbd98a)
--------- switch to kernel
10-09 23:22:38.160     0     0 D [  916.849106 / 10-09 23:22:38.155][2] logd: logdr: UID=1006 GID=1006 PID=8729 n tail=50 logMask=8 pid=8698 start=0ns timeout=0ns
10-09 23:22:38.164     0     0 D [  916.850949 / 10-09 23:22:38.159][0] logd: logdr: UID=1006 GID=1006 PID=8729 n tail=50 logMask=1 pid=8698 start=0ns timeout=0ns
10-09 23:22:38.218     0     0 D [  916.905074 / 10-09 23:22:38.211][2] logd: logdr: UID=1006 GID=1006 PID=8729 n tail=0 logMask=8 pid=8698 start=0ns timeout=0ns
10-09 23:22:38.218     0     0 D [  916.906903 / 10-09 23:22:38.215][3] logd: logdr: UID=1006 GID=1006 PID=8729 n tail=0 logMask=1 pid=8698 start=0ns timeout=0ns
--------- switch to system
10-09 23:22:38.226   847  1579 W NativeCrashListener: Couldn't find ProcessRecord for pid 8698
--------- switch to main
10-09 23:22:38.227   769   769 E /system/bin/tombstoned: Tombstone written to: /data/tombstones/tombstone_01
--------- switch to system
10-09 23:22:38.234   847   896 I BootReceiver: Copying /data/tombstones/tombstone_01 to DropBox (SYSTEM_TOMBSTONE)
--------- switch to kernel
10-09 23:22:38.240     0     0 I [  916.927660 / 10-09 23:22:38.235][1] init: Untracked pid 8729 exited with status 0
10-09 23:22:38.240     0     0 E [  916.929475 / 10-09 23:22:38.235][0] msm_isp_ioctl_compat: 885 failed: invalid params 0000000000000000
10-09 23:22:38.240     0     0 E [  916.929613 / 10-09 23:22:38.235][0] msm_isp_ioctl_compat: 888 failed 0000000000000000
10-09 23:22:38.245     0     0 E [  916.930032 / 10-09 23:22:38.239][0] msm_isp_ioctl_compat: 885 failed: invalid params 0000000000000000
--------- switch to system
10-09 23:22:38.238   847   896 I DropBoxManagerService: add tag=SYSTEM_TOMBSTONE isTagEnabled=true flags=0x2
--------- switch to kernel
10-09 23:22:38.245     0     0 E [  916.930109 / 10-09 23:22:38.239][0] msm_isp_ioctl_compat: 888 failed 0000000000000000
10-09 23:22:38.245     0     0 I         : [  905.891936 / 10-09 23:22:38.239][0] msm8994_quat_mi2s_snd_shutdown Quaternary MI2S Clock is Disabled
10-09 23:22:38.245     0     0 E [  916.930236 / 10-09 23:22:38.239][0] msm_flash_config: 675 msm_flash_config:675 flash_state= 1 cfg_type= 1, returned!!
10-09 23:22:38.245     0     0 E [  916.931132 / 10-09 23:22:38.239][0] msm_ois_subdev_ioctl: 553 Enter
10-09 23:22:38.245     0     0 E [  916.931457 / 10-09 23:22:38.239][0] msm_ois_subdev_ioctl: 554 msm_ois_subdev_ioctl:554 o_ctrl 0000000000000000 argp 0000000000000000
10-09 23:22:38.245     0     0 E [  916.931578 / 10-09 23:22:38.239][0] msm_ois_power_down: 180 Enter
10-09 23:22:38.245     0     0 E [  916.931643 / 10-09 23:22:38.239][0] msm_ois_power_down: 202 Exit
10-09 23:22:38.245     0     0 E [  916.931980 / 10-09 23:22:38.239][0] msm_ois_close: 523 Enter
10-09 23:22:38.245     0     0 E [  916.932049 / 10-09 23:22:38.239][0] msm_ois_close: 539 Exit
10-09 23:22:38.245     0     0 E [  916.932168 / 10-09 23:22:38.239][0] msm_tcs_power_down: 450 Enter
10-09 23:22:38.245     0     0 E [  916.932233 / 10-09 23:22:38.239][0] msm_tcs_power_down: 463 Exit
10-09 23:22:38.245     0     0 E         : [  916.932528 / 10-09 23:22:38.239][0] msm_csiphy_release csiphy dev NULL / ref_count ZERO
10-09 23:22:38.246     0     0 E         : [  916.932600 / 10-09 23:22:38.239][0] msm_csiphy_release csiphy dev NULL / ref_count ZERO
10-09 23:22:38.246     0     0 E         : [  916.932715 / 10-09 23:22:38.239][0] msm_csiphy_release csiphy dev NULL / ref_count ZERO
10-09 23:22:38.246     0     0 E [  916.932831 / 10-09 23:22:38.239][0] msm_csid_release: csid invalid state 1
10-09 23:22:38.246     0     0 E [  916.932946 / 10-09 23:22:38.239][0] msm_csid_release: csid invalid state 1
10-09 23:22:38.248     0     0 E [  916.933011 / 10-09 23:22:38.239][0] msm_csid_release: csid invalid state 1
10-09 23:22:38.248     0     0 E [  916.933186 / 10-09 23:22:38.239][0] msm_csid_release: csid invalid state 1
10-09 23:22:38.248     0     0 E         : [  916.933259 / 10-09 23:22:38.239][0] MSM-SENSOR-INIT msm_sensor_init_subdev_ioctl:119 default
10-09 23:22:38.248     0     0 E         : [  916.933259 / 10-09 23:22:38.239][0]
10-09 23:22:38.248     0     0 I         : [  916.933381 / 10-09 23:22:38.239][0] MSM-CPP msm_cpp_subdev_ioctl:2648 shutdown cpp node. open cnt:0
10-09 23:22:38.248     0     0 E [  916.933653 / 10-09 23:22:38.239][0] camera_v4l2_close: close stream_id=0
10-09 23:22:38.248     0     0 E [  916.933817 / 10-09 23:22:38.243][0] msm_post_event: msm event queue not available Line 751
10-09 23:22:38.248     0     0 E [  916.933935 / 10-09 23:22:38.243][0] msm_delete_command_ack_q: session_id = 1, stream_id = 0
10-09 23:22:38.248     0     0 I [  916.934212 / 10-09 23:22:38.243][1] init: Service 'qcamerasvr' (pid 8698) received signal 6
10-09 23:22:38.248     0     0 I [  916.934357 / 10-09 23:22:38.243][1] init: Sending signal 9 to service 'qcamerasvr' (pid 8698) process group...
10-09 23:22:38.256     0     0 I [  916.941778 / 10-09 23:22:38.251][1] libprocessgroup: Successfully killed process cgroup uid 1006 pid 8698 in 7ms
10-09 23:22:38.256     0     0 I [  916.943841 / 10-09 23:22:38.251][1] init: Untracked pid 8731 exited with status 0
10-09 23:22:38.256     0     0 I [  916.944846 / 10-09 23:22:38.251][1] init: starting service 'qcamerasvr'...
--------- switch to events
10-09 23:22:38.258   847   896 I dropbox_file_copy: [/data/tombstones/tombstone_01,98304,SYSTEM_TOMBSTONE]
10-09 23:22:38.262   847   896 I commit_sys_config_file: [log-files,4]
--------- switch to main
10-09 23:22:38.505  2035  8648 W CallStack: update: Failed to unwind callstack.
10-09 23:22:38.507  2035  8648 E ProcessCallStack: getThreadName: Failed to open /proc/self/task/8669/comm
10-09 23:22:38.519  2035  8648 W CallStack: update: Failed to unwind callstack.
10-09 23:22:38.520   847  8739 E LocSvc_xtra2: downloadSntpTime:143] DNS resolution on europe.pool.ntp.org failed.
10-09 23:22:38.520   847  8739 E LocSvc_utils_q: E/msg_q_rcv: Message queue has been unblocked.
10-09 23:22:38.521   847  8739 E LocSvc_MsgTask: E/virtual bool MsgTask::run():90] fail receiving msg: eMSG_Q_UNAVAILABLE_RESOURCE
10-09 23:22:38.521  2035  8648 E ProcessCallStack: getThreadName: Failed to open /proc/self/task/8670/comm
10-09 23:22:38.532  2035  8648 W CallStack: update: Failed to unwind callstack.
10-09 23:22:38.534  2035  8648 E ProcessCallStack: getThreadName: Failed to open /proc/self/task/8671/comm
10-09 23:22:38.535  2035  8648 D CameraTraces: Process trace saved. Use dumpsys media.camera to view.
10-09 23:22:38.535  2035  8648 E QCamera3HWI: static void qcamera::QCamera3HardwareInterface::camEvtHandle(uint32_t, mm_camera_event_t*, void*): Fatal, camera daemon died
10-09 23:22:38.535  2035  8651 E Camera3-Device: Camera 0: sendRequestsBatch: RequestThread: Unable to submit capture request 0 to HAL device: Function not implemented (-38)
10-09 23:22:38.536  2035  8648 W Camera3-Device: notify: received notify message in error state.
10-09 23:22:38.537  2035  8648 E Camera3-Device: Camera 0: notifyError: Camera HAL reported serious device error
10-09 23:22:38.841   847  1676 E LocSvc_eng: E/Calling gnss_sv_status_cb
10-09 23:22:38.842   847  1676 I GnssHAL_GnssInterface: updateWakelock: GNSS HAL Wakelock acquired due to gps: 1, fused: 0
10-09 23:22:38.844   847  1676 I GnssHAL_GnssInterface: updateWakelock: GNSS HAL Wakelock released
10-09 23:22:38.844   847  1676 I GnssHAL_GnssInterface: updateWakelock: GNSS HAL Wakelock acquired due to gps: 1, fused: 0
10-09 23:22:38.845   847  1676 I GnssHAL_GnssInterface: updateWakelock: GNSS HAL Wakelock released
10-09 23:22:38.909  8738  8738 I mm-camera: server_process_module_init:59, int mods
10-09 23:22:38.910  8738  8738 E mm-camera-sensor: eebin_read:387failed!
10-09 23:22:38.911  8738  8738 E mm-camera-sensor: eebin_read:387failed!
10-09 23:22:38.912  8738  8738 E mm-camera-sensor: sensor_init_probe:475failed: to oribe eeprom bin sensors
10-09 23:22:38.912  8738  8738 E mm-camera-sensor: add_external_sensor:109NO external sensor lib: no external path
10-09 23:22:38.913  8738  8738 E mm-camera-sensor: sensor_probe:270failed: to load 
10-09 23:22:38.914  8738  8738 E mm-camera-sensor: sensor_util_match_sensor_lib_name:1965s_bundle sensor_lib_name imx234 sensor_name t4ka3
10-09 23:22:38.914  8738  8738 E mm-camera: module_sensor_find_other_subdev:7773subdev_name /dev/v4l-subdev0 subdev id 0
10-09 23:22:38.915  8738  8738 E mm-camera: module_sensor_find_other_subdev:7773subdev_name /dev/v4l-subdev1 subdev id 1
10-09 23:22:38.915  8738  8738 E mm-camera: module_sensor_find_other_subdev:7773subdev_name /dev/v4l-subdev2 subdev id 2
10-09 23:22:38.916  8738  8738 E mm-camera: module_sensor_find_other_subdev:7773subdev_name /dev/v4l-subdev3 subdev id 0
10-09 23:22:38.916  8738  8738 E mm-camera: module_sensor_find_other_subdev:7773subdev_name /dev/v4l-subdev4 subdev id 1
10-09 23:22:38.917  8738  8738 E mm-camera: module_sensor_find_other_subdev:7773subdev_name /dev/v4l-subdev5 subdev id 2
10-09 23:22:38.917  8738  8738 E mm-camera: module_sensor_find_other_subdev:7773subdev_name /dev/v4l-subdev6 subdev id 3
10-09 23:22:38.918  8738  8738 E mm-camera: module_sensor_find_other_subdev:7773subdev_name /dev/v4l-subdev7 subdev id 1
10-09 23:22:38.918  8738  8738 E mm-camera: module_sensor_find_other_subdev:7773subdev_name /dev/v4l-subdev8 subdev id 0
10-09 23:22:38.918  8738  8738 E mm-camera: module_sensor_find_other_subdev:7799SUB_MODULE_LED_FLASH subdev_name /dev/v4l-subdev8 subdev_id 0
10-09 23:22:38.919  8738  8738 E mm-camera: module_sensor_find_other_subdev:7773subdev_name /dev/v4l-subdev9 subdev id 0
10-09 23:22:38.919  8738  8738 E mm-camera: module_sensor_find_other_subdev:7773subdev_name /dev/v4l-subdev10 subdev id 2
--------- switch to kernel
10-09 23:22:38.920     0     0 E [  917.609243 / 10-09 23:22:38.915][1] msm_ois_subdev_ioctl: 553 Enter
10-09 23:22:38.920     0     0 E [  917.609397 / 10-09 23:22:38.915][1] msm_ois_subdev_ioctl: 554 msm_ois_subdev_ioctl:554 o_ctrl 0000000000000000 argp 0000000000000000
10-09 23:22:38.920     0     0 E [  917.609530 / 10-09 23:22:38.915][1] msm_ois_get_subdev_id: 479 Enter
10-09 23:22:38.920     0     0 E [  917.609605 / 10-09 23:22:38.915][1] msm_ois_get_subdev_id: 489 subdev_id 0
10-09 23:22:38.920     0     0 E [  917.610006 / 10-09 23:22:38.919][1] msm_ois_get_subdev_id: 490 Exit
--------- switch to main
10-09 23:22:38.920  8738  8738 E mm-camera: module_sensor_find_other_subdev:7773subdev_name /dev/v4l-subdev11 subdev id 0
10-09 23:22:38.921  8738  8738 E mm-camera: module_sensor_find_other_subdev:7773subdev_name /dev/v4l-subdev12 subdev id 998
10-09 23:22:38.922  8738  8738 E mm-camera: module_sensor_find_other_subdev:7773subdev_name /dev/v4l-subdev13 subdev id 997
--------- switch to kernel
10-09 23:22:38.924     0     0 E [  917.610547 / 10-09 23:22:38.919][1] msm_ois_close: 523 Enter
10-09 23:22:38.924     0     0 E [  917.610681 / 10-09 23:22:38.919][1] msm_ois_close: 539 Exit
10-09 23:22:38.924     0     0 E [  917.610795 / 10-09 23:22:38.919][1] msm_proxy_get_subdev_id: 145 Enter
10-09 23:22:38.924     0     0 I [  917.611971 / 10-09 23:22:38.919][1] msm_csid_init: CSID_VERSION = 0x30010000
10-09 23:22:38.928     0     0 I [  917.615150 / 10-09 23:22:38.923][1] msm_csid_init: CSID_VERSION = 0x30010000
--------- switch to main
10-09 23:22:38.947  8738  8738 E mm-camera-isp2: module_chroma_enhan40_init:90 name chroma_enhan40
10-09 23:22:38.950  8738  8738 E mm-camera-isp2: module_color_correct40_init:104 name color_correct40
10-09 23:22:38.952  8738  8738 E mm-camera-isp2: module_luma_adaptation40_init:87 name luma_adaptation40
10-09 23:22:38.965  8738  8738 E mm-camera-isp2: module_chroma_enhan40_init:90 name chroma_enhan40
10-09 23:22:38.967  8738  8738 E mm-camera-isp2: module_color_correct40_init:104 name color_correct40
10-09 23:22:38.967  8738  8738 E mm-camera-isp2: module_luma_adaptation40_init:87 name luma_adaptation40
10-09 23:22:38.970  8738  8738 E mm-camera-isp2: isp_resource_gen_hws_caps:3631 i 0 isp id 0
10-09 23:22:38.970  8738  8738 E mm-camera-isp2: isp_resource_gen_hws_caps:3631 i 1 isp id 1
10-09 23:22:38.970  8738  8738 E mm-camera-isp2: module_isp_init:565 module 0xf43ef1a0
--------- switch to kernel
10-09 23:22:38.988     0     0 I         : [  917.675828 / 10-09 23:22:38.983][2] MSM-CPP cpp_init_hardware:1106 CPP HW Version: 0x50010000
10-09 23:22:38.988     0     0 E         : [  917.675975 / 10-09 23:22:38.983][2] MSM-CPP cpp_init_hardware:1127 stream_cnt:0
10-09 23:22:38.997     0     0 I [  917.684759 / 10-09 23:22:38.991][2] ueventd: firmware: loading 'cpp_firmware_v1_8_0.fw' for '/devices/soc.0/fda04000.qcom,cpp/firmware/cpp_firmware_v1_8_0.fw'
10-09 23:22:38.997     0     0 I [  917.685937 / 10-09 23:22:38.995][2] ueventd: loading /devices/soc.0/fda04000.qcom,cpp/firmware/cpp_firmware_v1_8_0.fw took 1ms
10-09 23:22:39.020     0     0 I         : [  917.707136 / 10-09 23:22:39.015][3] MSM-CPP cpp_load_fw:1264 MC Bootloader Version: 0x312e3176
10-09 23:22:39.027     0     0 I         : [  917.713803 / 10-09 23:22:39.023][3] MSM-CPP cpp_load_fw:1277 CPP FW Version: 0x1008001e
10-09 23:22:39.028     0     0 E         : [  917.717323 / 10-09 23:22:39.023][1] MSM-CPP cpp_release_ion_client:695 Calling ion_client_destroy
--------- switch to main
10-09 23:22:39.028  8738  8738 E mm-camera: vpe_module_init:26 name=vpe
10-09 23:22:39.029  8738  8738 E mm-camera: vpe_hardware_find_subdev:719: entity.name=video0 entity.revision=0
10-09 23:22:39.029  8738  8738 E mm-camera: vpe_hardware_find_subdev:719: entity.name=msm_cci entity.revision=0
10-09 23:22:39.030  8738  8738 E mm-camera: vpe_hardware_find_subdev:719: entity.name=v4l-subdev0 entity.revision=0
10-09 23:22:39.030  8738  8738 E mm-camera: vpe_hardware_find_subdev:719: entity.name=v4l-subdev1 entity.revision=0
10-09 23:22:39.031  8738  8738 E mm-camera: vpe_hardware_find_subdev:719: entity.name=v4l-subdev2 entity.revision=0
10-09 23:22:39.031  8738  8738 E mm-camera: vpe_hardware_find_subdev:719: entity.name=v4l-subdev3 entity.revision=0
10-09 23:22:39.031  8738  8738 E mm-camera: vpe_hardware_find_subdev:719: entity.name=v4l-subdev4 entity.revision=0
10-09 23:22:39.032  8738  8738 E mm-camera: vpe_hardware_find_subdev:719: entity.name=v4l-subdev5 entity.revision=0
10-09 23:22:39.032  8738  8738 E mm-camera: vpe_hardware_find_subdev:719: entity.name=v4l-subdev6 entity.revision=0
10-09 23:22:39.033  8738  8738 E mm-camera: vpe_hardware_find_subdev:719: entity.name=v4l-subdev7 entity.revision=0
10-09 23:22:39.033  8738  8738 E mm-camera: vpe_hardware_find_subdev:719: entity.name=v4l-subdev8 entity.revision=0
10-09 23:22:39.034  8738  8738 E mm-camera: vpe_hardware_find_subdev:719: entity.name=v4l-subdev9 entity.revision=0
10-09 23:22:39.034  8738  8738 E mm-camera: vpe_hardware_find_subdev:719: entity.name=v4l-subdev10 entity.revision=0
10-09 23:22:39.034  8738  8738 E mm-camera: vpe_hardware_find_subdev:719: entity.name=v4l-subdev11 entity.revision=0
10-09 23:22:39.035  8738  8738 E mm-camera: vpe_hardware_find_subdev:719: entity.name=v4l-subdev12 entity.revision=0
10-09 23:22:39.035  8738  8738 E mm-camera: vpe_hardware_find_subdev:719: entity.name=v4l-subdev13 entity.revision=0
10-09 23:22:39.035  8738  8738 E mm-camera: vpe_hardware_find_subdev:719: entity.name=v4l-subdev14 entity.revision=0
10-09 23:22:39.036  8738  8738 E mm-camera: vpe_hardware_find_subdev:719: entity.name=v4l-subdev15 entity.revision=0
10-09 23:22:39.036  8738  8738 E mm-camera: vpe_hardware_find_subdev:719: entity.name=v4l-subdev16 entity.revision=0
10-09 23:22:39.037  8738  8738 E mm-camera: vpe_hardware_find_subdev:719: entity.name=v4l-subdev17 entity.revision=17
10-09 23:22:39.037  8738  8738 E mm-camera: vpe_hardware_find_subdev:719: entity.name=v4l-subdev18 entity.revision=0
10-09 23:22:39.038  8738  8738 E mm-camera: vpe_hardware_find_subdev:719: entity.name=v4l-subdev19 entity.revision=0
10-09 23:22:39.038  8738  8738 E mm-camera: vpe_hardware_find_subdev:719: entity.name=v4l-subdev20 entity.revision=0
10-09 23:22:39.038  8738  8738 E mm-camera: vpe_hardware_find_subdev:719: entity.name=v4l-subdev21 entity.revision=0
10-09 23:22:39.039  8738  8738 E mm-camera: vpe_hardware_find_subdev:714: done enumerating media entities
10-09 23:22:39.039  8738  8738 E mm-camera: vpe_hardware_find_subdev:719: entity.name=video1 entity.revision=0
10-09 23:22:39.040  8738  8738 E mm-camera: vpe_hardware_find_subdev:714: done enumerating media entities
10-09 23:22:39.040  8738  8738 E mm-camera: vpe_hardware_find_subdev:719: entity.name=video2 entity.revision=0
10-09 23:22:39.041  8738  8738 E mm-camera: vpe_hardware_find_subdev:714: done enumerating media entities
10-09 23:22:39.041  8738  8738 E mm-camera: vpe_hardware_find_subdev:686: no more media devices
10-09 23:22:39.041  8738  8738 E mm-camera: vpe_hardware_find_subdev:731: no vpe device found.
10-09 23:22:39.042  8738  8738 E mm-camera: vpe_hardware_create:31: error: cannot find vpe subdev
10-09 23:22:39.042  8738  8738 E mm-camera: vpe_module_create_vpe_ctrl:141, failed, cannnot create vpe hardware instance
10-09 23:22:39.043  8738  8738 E mm-camera: vpe_module_init:34 failed
10-09 23:22:39.043  8738  8738 E mm-camera-vpu: vpu_module_init:54, INFO name=vpu
10-09 23:22:39.044  8738  8738 E mm-camera-pp: [INFO] base_module_init:142, name=tmod
10-09 23:22:39.046  8738  8738 E mm-camera-pp: [INFO] base_module_init:142, name=ezt
10-09 23:22:39.087  8738  8738 I mm-camera: < INFO> 420: void init(): memleak lib init.
10-09 23:22:39.087  8738  8738 I mm-camera: < INFO> 439: void init(): memleak tracer not attached
10-09 23:22:39.100  8738  8738 E mm-camera-img: frameproc_comp_load_fn_ptrs:880] Warning linking img_algo_frame_ind
10-09 23:22:39.100  8738  8738 E mm-camera-img: frameproc_comp_load_fn_ptrs:887] Warning linking img_algo_meta_ind
10-09 23:22:39.101  8738  8738 E mm-camera-img: frameproc_comp_load_fn_ptrs:894] Warning linking img_algo_set_frame_ops
10-09 23:22:39.101  8738  8738 E mm-camera: module_cac_init:1961] CAC disabled rc 0
10-09 23:22:39.102  8738  8738 E mm-camera: pproc_module_init:2812 num_sub_mods:6
10-09 23:22:39.102  8738  8738 E mm-camera-img: Can not discover face-detect device
10-09 23:22:39.103  8738  8738 E mm-camera-img: Can not find device name
10-09 23:22:39.103  8738  8738 E mm-camera-img: faceproc_dsp_comp_load:1225] E 
10-09 23:22:39.104  8738  8738 E mm-camera: module_faceproc_init:2392] HW or DSP FD not available switch to SW
10-09 23:22:39.109  8738  8738 E mm-camera-img: hdr_comp_reload_lib:1315] Error linking hdrSingleFrameCore
10-09 23:22:39.109  8738  8738 E hdr     : module_hdr_lib_query_mod:181] Supported scenemode cnt 1
10-09 23:22:39.121  8738  8738 E mm-camera-img: frameproc_comp_load_fn_ptrs:880] Warning linking img_algo_frame_ind
10-09 23:22:39.122  8738  8738 E mm-camera-img: frameproc_comp_load_fn_ptrs:887] Warning linking img_algo_meta_ind
10-09 23:22:39.122  8738  8738 E mm-camera-img: img_dsp_dlopen:127] NOT FOUND llvd 
10-09 23:22:39.128  8738  8738 E mm-camera-img: frameproc_comp_load_fn_ptrs:880] Warning linking img_algo_frame_ind
10-09 23:22:39.128  8738  8738 E mm-camera-img: frameproc_comp_load_fn_ptrs:887] Warning linking img_algo_meta_ind
10-09 23:22:39.129  8738  8738 E mm-camera-img: img_dsp_dlopen:127] NOT FOUND llvd 
10-09 23:22:39.140  8738  8738 E mm-camera-img: frameproc_comp_load_fn_ptrs:887] Warning linking img_algo_meta_ind
10-09 23:22:39.141  8738  8738 E mm-camera-img: img_dsp_dlopen:127] NOT FOUND llvd 
10-09 23:22:39.142  8738  8738 E mm-camera-img: frameproc_comp_load_fn_ptrs:887] Warning linking img_algo_meta_ind
10-09 23:22:39.143  8738  8738 E mm-camera-img: img_dsp_dlopen:127] NOT FOUND llvd 
10-09 23:22:39.149  8738  8738 E mm-camera-img: frameproc_comp_load_fn_ptrs:880] Warning linking img_algo_frame_ind
10-09 23:22:39.150  8738  8738 E mm-camera-img: frameproc_comp_load_fn_ptrs:887] Warning linking img_algo_meta_ind
10-09 23:22:39.150  8738  8738 E mm-camera-img: img_dsp_dlopen:127] NOT FOUND llvd 
10-09 23:22:39.152  8738  8738 E mm-camera-img: frameproc_comp_load_fn_ptrs:887] Warning linking img_algo_meta_ind
10-09 23:22:39.152  8738  8738 E mm-camera-img: img_dsp_dlopen:127] NOT FOUND llvd 
10-09 23:22:39.840   847  1676 E LocSvc_eng: E/Calling gnss_sv_status_cb
10-09 23:22:39.842   847  1676 I GnssHAL_GnssInterface: updateWakelock: GNSS HAL Wakelock acquired due to gps: 1, fused: 0
10-09 23:22:39.843   847  1676 I GnssHAL_GnssInterface: updateWakelock: GNSS HAL Wakelock released
10-09 23:22:39.844   847  1676 I GnssHAL_GnssInterface: updateWakelock: GNSS HAL Wakelock acquired due to gps: 1, fused: 0
10-09 23:22:39.847   847  1676 I GnssHAL_GnssInterface: updateWakelock: GNSS HAL Wakelock released
--------- switch to kernel
10-09 23:22:40.240     0     0 I         : [  918.925908 / 10-09 23:22:40.235][0] [CC] current batt_temp[23], batt_temp_state[0], current batt_volt[4135], batt_volt_state[1]
--------- switch to main
10-09 23:22:40.841   847  1676 E LocSvc_eng: E/Calling gnss_sv_status_cb
10-09 23:22:40.842   847  1676 I GnssHAL_GnssInterface: updateWakelock: GNSS HAL Wakelock acquired due to gps: 1, fused: 0
10-09 23:22:40.843   847  1676 I GnssHAL_GnssInterface: updateWakelock: GNSS HAL Wakelock released
10-09 23:22:40.844   847  1676 I GnssHAL_GnssInterface: updateWakelock: GNSS HAL Wakelock acquired due to gps: 1, fused: 0
10-09 23:22:40.845   847  1676 I GnssHAL_GnssInterface: updateWakelock: GNSS HAL Wakelock released
10-09 23:22:41.503   503   503 I MSM-irqbalance: Decided to move IRQ90 from CPU0 to CPU2
10-09 23:22:41.840   847  1676 E LocSvc_eng: E/Calling gnss_sv_status_cb
10-09 23:22:41.841   847  1676 I GnssHAL_GnssInterface: updateWakelock: GNSS HAL Wakelock acquired due to gps: 1, fused: 0
10-09 23:22:41.843   847  1676 I GnssHAL_GnssInterface: updateWakelock: GNSS HAL Wakelock released
10-09 23:22:41.843   847  1676 I GnssHAL_GnssInterface: updateWakelock: GNSS HAL Wakelock acquired due to gps: 1, fused: 0
10-09 23:22:41.844   847  1676 I GnssHAL_GnssInterface: updateWakelock: GNSS HAL Wakelock released
10-09 23:22:42.688   847  1257 D sensors_hal_Ctx: poll:polldata:1, sensor:0, type:1, x:0.767059 y:-0.131897 z:9.710083
10-09 23:22:42.747   847  1257 D sensors_hal_Ctx: poll:polldata:1, sensor:0, type:1, x:0.766586 y:-0.138428 z:9.704163
10-09 23:22:42.785   847  1190 V sensors_hal_Mag: processReportInd:sensor android.sensor.magnetic_field 
10-09 23:22:42.786   847  1190 V sensors_hal_Mag: processReportInd: Cal Mag Filter, 0, 1, -20.996094, 19.931030, -33.255005, -20.996094, 19.931030, -33.255005, -20.996094, 19.931030, -33.255005
10-09 23:22:42.786   847  1257 D sensors_hal_Ctx: poll:polldata:1, sensor:10, type:2, x:-20.996094 y:19.931030 z:-33.255005
10-09 23:22:42.806   847  1257 D sensors_hal_Ctx: poll:polldata:1, sensor:0, type:1, x:0.765808 y:-0.126083 z:9.708588
10-09 23:22:42.841   847  1676 E LocSvc_eng: E/Calling gnss_sv_status_cb
10-09 23:22:42.842   847  1676 I GnssHAL_GnssInterface: updateWakelock: GNSS HAL Wakelock acquired due to gps: 1, fused: 0
10-09 23:22:42.843   847  1676 I GnssHAL_GnssInterface: updateWakelock: GNSS HAL Wakelock released
10-09 23:22:42.844   847  1676 I GnssHAL_GnssInterface: updateWakelock: GNSS HAL Wakelock acquired due to gps: 1, fused: 0
10-09 23:22:42.845   847  1676 I GnssHAL_GnssInterface: updateWakelock: GNSS HAL Wakelock released
10-09 23:22:43.840   847  1676 E LocSvc_eng: E/Calling gnss_sv_status_cb
10-09 23:22:43.842   847  1676 I GnssHAL_GnssInterface: updateWakelock: GNSS HAL Wakelock acquired due to gps: 1, fused: 0
10-09 23:22:43.843   847  1676 I GnssHAL_GnssInterface: updateWakelock: GNSS HAL Wakelock released
10-09 23:22:43.844   847  1676 I GnssHAL_GnssInterface: updateWakelock: GNSS HAL Wakelock acquired due to gps: 1, fused: 0
10-09 23:22:43.845   847  1676 I GnssHAL_GnssInterface: updateWakelock: GNSS HAL Wakelock released
--------- switch to kernel
10-09 23:22:44.416     0     0 E         : [  923.105661 / 10-09 23:22:44.411][0] [Touch] 1 finger pressed: <0> x[1175] y[1383] z[ 45]
10-09 23:22:44.464     0     0 E         : [  923.153644 / 10-09 23:22:44.459][0] [Touch] touch_release[ ]: <0> x[1174] y[1382]
--------- switch to events
10-09 23:22:44.476   847  6010 I am_finish_activity: [0,16603648,8,com.android.camera2/com.android.camera.CameraActivity,app-request]
10-09 23:22:44.478   847  6010 I am_focused_stack: [0,0,3,4,finishActivity adjustFocus adjustFocusToNextFocusableStack]
10-09 23:22:44.479  8429  8429 I am_on_top_resumed_lost_called: [0,com.android.camera.CameraActivity,topStateChangedWhenResumed]
10-09 23:22:44.479   847  6010 I am_set_resumed_activity: [0,com.android.packageinstaller/.DeleteStagedFileOnResult,finishActivity]
--------- switch to main
10-09 23:22:44.483   477 10774 D audio_hw_primary: start_output_stream: enter: stream(0xe654f000)usecase(1: low-latency-playback) devices(0x2)
10-09 23:22:44.484   477 10774 E audio_hw_extn: audio_extn_perf_lock_acquire: Failed to acquire perf lock, err: -1
10-09 23:22:44.485   477 10774 D audio_hw_primary: select_devices: out_snd_device(2: speaker) in_snd_device(0: )
10-09 23:22:44.485   477 10774 W msm8974_platform: Codec backend bitwidth 16, samplerate 48000
10-09 23:22:44.485   477 10774 D hardware_info: hw_info_append_hw_type : device_name = speaker
10-09 23:22:44.486   477 10774 D audio_hw_primary: enable_snd_device: snd_device(2: speaker)
10-09 23:22:44.486   477 10774 D audio_route: Apply path: speaker
--------- switch to kernel
10-09 23:22:44.509     0     0 I [  923.190443 / 10-09 23:22:44.499][0] msm8994_quat_mi2s_snd_startup: dai name qcom,msm-dai-q6-mi2s-quat.217 ffffffc0c2ce9410  substream = subdevice #0  stream = 0 bit width =2 sample rate =48000
--------- switch to main
10-09 23:22:44.487   477 10774 I audio_hw_primary: select_devices Selected apptype: 69937
10-09 23:22:44.487   477 10774 D ACDB-LOADER: ACDB -> send_audio_cal, acdb_id = 14, path =  0
10-09 23:22:44.488   477 10774 D ACDB-LOADER: ACDB -> send_asm_topology
10-09 23:22:44.488   477 10774 D ACDB-LOADER: ACDB -> ACDB_CMD_GET_AUDPROC_STREAM_TOPOLOGY_ID
10-09 23:22:44.489   477 10774 D ACDB-LOADER: ACDB -> send_adm_topology
10-09 23:22:44.490   477 10774 D ACDB-LOADER: ACDB -> ACDB_CMD_GET_AUDPROC_COMMON_TOPOLOGY_ID
10-09 23:22:44.490   477 10774 D ACDB-LOADER: ACDB -> send_audtable
10-09 23:22:44.491   477 10774 D ACDB-LOADER: ACDB -> ACDB_CMD_GET_AUDPROC_COMMON_TABLE
10-09 23:22:44.491   477 10774 D ACDB-LOADER: ACDB -> AUDIO_SET_AUDPROC_CAL
10-09 23:22:44.492   477 10774 D ACDB-LOADER: ACDB -> send_audvoltable
10-09 23:22:44.492   477 10774 D ACDB-LOADER: ACDB -> ACDB_CMD_GET_AUDPROC_GAIN_DEP_STEP_TABLE
10-09 23:22:44.493   477 10774 D ACDB-LOADER: ACDB -> AUDIO_SET_AUDPROC_VOL_CAL
10-09 23:22:44.493   477 10774 D ACDB-LOADER: ACDB -> send_afe_cal
10-09 23:22:44.493   477 10774 D ACDB-LOADER: ACDB -> ACDB_CMD_GET_AFE_COMMON_TABLE
10-09 23:22:44.494   477 10774 D ACDB-LOADER: ACDB -> AUDIO_SET_AFE_CAL
10-09 23:22:44.494   477 10774 D ACDB-LOADER: ACDB -> send_hw_delay : acdb_id = 14 path = 0
10-09 23:22:44.494   477 10774 D ACDB-LOADER: ACDB -> ACDB_AVSYNC_INFO: ACDB_CMD_GET_DEVICE_PROPERTY
10-09 23:22:44.495   477 10774 I audio_hw_utils: audio_extn_utils_send_app_type_cfg app_type 69937, acdb_dev_id 14, sample_rate 48000
10-09 23:22:44.496   477 10774 D audio_hw_primary: enable_audio_route: apply mixer and update path: low-latency-playback speaker
10-09 23:22:44.496   477 10774 D audio_route: Apply path: low-latency-playback speaker
10-09 23:22:44.498   477 10774 D audio_hw_primary: select_devices: done
10-09 23:22:44.503   477 10774 D msm8974_platform: platform_set_channel_map mixer_ctl_name:Playback Channel Map15
10-09 23:22:44.503   477 10774 D msm8974_platform: platform_set_channel_map: set mapping(1 2 0 0 0 0 0 0) for channel:2
--------- switch to events
10-09 23:22:44.506   847  6010 I am_pause_activity: [0,16603648,com.android.camera2/com.android.camera.CameraActivity,userLeaving=false]
--------- switch to main
10-09 23:22:44.520  8429  8452 D OpenGLRenderer: endAllActiveAnimators on 0x74a3864a00 (RippleDrawable) with handle 0x7506b05960
10-09 23:22:44.524   847   867 D sensors_hal_SMGR: batch:sensor(android.sensor.accelerometer) sample_rate=14.999925Hz report_rate_f=10.000000Hz curr sample rate:14.999925 cur rpt rate:655360 max:200.000000 min:1.000000
10-09 23:22:44.525   847  8189 D sensors_hal_SMGR: enable:sensor(android.sensor.magnetic_field) Deactivating sensor handle=10
10-09 23:22:44.529   847  8189 D sensors_hal_SMGR: SMGRReportDelete: Rcvd success response from request
