10-09 23:22:24.229  2035  8484 I Camera3-Device: disconnectImpl: X
10-09 23:22:24.229   763  8529 D mm-camera: mct: mct_bus_handler_thread_run: Force Exit
--------- switch to events
10-09 23:22:24.230   358   358 I snet_event_log: [121035042,-1,]
--------- switch to main
10-09 23:22:24.230   763   763 D mm-camera: mct: mct_controller_destroy: bus_handler thread closed
10-09 23:22:24.232   763   763 D mm-camera: mct: mct_pipeline_stop_session - E
10-09 23:22:24.232   763   763 D mm-camera: mct: mct_pipeline_process_set:command=800000b
10-09 23:22:24.233   763   763 D mm-camera: mct: mct_pipeline_process_set: Issuing DEL_STREAM on stream 0x1000f and stream type=10
10-09 23:22:24.234   763   763 E mm-camera: port_iface_ext_unlink_func: E, identity = 0x1000f, port = 0xf729eba0, direction = 2
10-09 23:22:24.235   763   763 E mm-camera: port_iface_check_caps_unreserve_func:  E, identity = 0x1000f, port = 0xf729eba0, direction = 2
10-09 23:22:24.236   763   763 E mm-camera: iface_unreserve_sink_port: stream_id f mode 0 
10-09 23:22:24.237  2035  8484 I CameraService: onTorchStatusChangedLocked: Torch status changed for cameraId=0, newStatus=1
10-09 23:22:24.240   763   763 E mm-camera: port_iface_ext_unlink_func: E, identity = 0x1000f, port = 0xf729eea0, direction = 1
--------- switch to kernel
10-09 23:22:24.254     0     0 I         : [  902.927255 / 10-09 23:22:24.235][3] [CC] [C], USB_PRESENT, WIRELESS_PRESENT, USB_TYPE, CABLE_INFO, USBIN_VOL, BATT_FAKE, BATT_TEMP, BATT_SOC, BATT_VOL, PMI_IUSB_SET, PMI_IUSB_AICL, PMI_IBAT_SET, TOTAL_IBAT_NOW
--------- switch to main
10-09 23:22:24.241   763   763 E mm-camera: iface_ext_unlink_src_port: mct stream already removed from hw stream
10-09 23:22:24.241   763   763 E mm-camera: port_iface_check_caps_unreserve_func:  E, identity = 0x1000f, port = 0xf729eea0, direction = 1
10-09 23:22:24.242   763   763 E mm-camera: isp_port_check_caps_unreserve:826 ide 1000f port 0xf72e87c0
10-09 23:22:24.243   763   763 E mm-camera: module_afs_port_check_caps_unreserve:1524] 
10-09 23:22:24.244   763   763 E mm-camera: module_afs_port_check_caps_unreserve:1532] destroy client
10-09 23:22:24.245   763   763 E mm-camera: module_imgbase_port_release_client_llvd:1553] 
10-09 23:22:24.249   763   763 E mm-camera: q3a_thread_af_stop:1019  q3a_thread_af_stop:1019 MSG_STOP_THREAD
10-09 23:22:24.253  2035  8484 I CameraService: disconnect: Disconnected client for camera 0 for PID 8429
10-09 23:22:24.254  2035  2035 I Camera2Client: Camera 0: Closed
--------- switch to kernel
10-09 23:22:24.255     0     0 I         : [  902.927659 / 10-09 23:22:24.235][3] [CC] [I], 1, 0, USB, OPEN, 4881, FAKE_OFF, 23, 96, 4135, 500, 0, 2000, -281
10-09 23:22:24.255     0     0 I         : [  902.928434 / 10-09 23:22:24.235][3] [CC] charge_type = 3
10-09 23:22:24.255     0     0 W [  902.933395 / 10-09 23:22:24.239][2] healthd: battery l=96 v=4135 t=23.2 h=2 st=2 c=-281 chg=u
--------- switch to main
10-09 23:22:24.256  2035  2035 I Camera3-Device: disconnectImpl: E
10-09 23:22:24.257  2035  2035 I Camera2ClientBase: Closed Camera 0. Client was: com.android.camera2 (PID 8429, UID 10181)
10-09 23:22:24.259  2035  2035 I Camera3-Device: disconnectImpl: E
10-09 23:22:24.266   763   763 E mm-camera: stats_port_delete_reserved_stream:2602  stats_port_delete_reserved_stream:2602: going to NULL peer
10-09 23:22:24.267   763   763 D mm-camera: mct: mct_pipeline_process_set: Stream 0x1000f and stream type=10, successfully deleted
10-09 23:22:24.272   763  8543 D mm-camera: mct: mct_pipeline_stop_session_thread: Stop module name: sensor - E
10-09 23:22:24.273   763  8544 D mm-camera: mct: mct_pipeline_stop_session_thread: Stop module name: iface - E
10-09 23:22:24.277   763  8543 E mm-camera: module_sensor_deinit_session:1545trying to delete thread
10-09 23:22:24.278   763  8543 E mm-camera-sensor: proxy_thread_delete:259p_thread,trying to delete thread
10-09 23:22:24.278   763  8543 E mm-camera-sensor: send_thread_exit_msg:219p_thread, exit_thread 0
10-09 23:22:24.279   763  8543 E mm-camera-sensor: send_thread_exit_msg:223p_thread, exit_thread 1
10-09 23:22:24.274   763  8545 D mm-camera: mct: mct_pipeline_stop_session_thread: Stop module name: isp - E
10-09 23:22:24.282   763  8545 E mm-camera-isp2: isp_module_stop_session:358 session id 1
--------- switch to events
10-09 23:22:24.284   357   357 I snet_event_log: [121035042,-1,]
--------- switch to kernel
10-09 23:22:24.288     0     0 E         : [  902.976381 / 10-09 23:22:24.283][2] imtech_init_set_onsemi_ois OIS_VER_RELEASE
--------- switch to main
10-09 23:22:24.287   763  8546 D mm-camera: mct: mct_pipeline_stop_session_thread: Stop module name: stats - E
--------- switch to kernel
10-09 23:22:24.293     0     0 E [  902.979718 / 10-09 23:22:24.287][1] msm_proxy_thread_end: 622 msm_proxy_thread_end
10-09 23:22:24.293     0     0 E [  902.979941 / 10-09 23:22:24.287][1] stop_proxy: 572 stop_proxy!
--------- switch to main
10-09 23:22:24.287   763  8543 E mm-camera: module_sensor_deinit_session:1547proxy_thread_deleted!
10-09 23:22:24.287   847  1345 E WifiNative: Could not get Iface object for interface null
10-09 23:22:24.288   763  8543 E mm-camera: module_sensor_deinit_session:1551try to stop proxy kernel workqueue!
10-09 23:22:24.288   763  8544 D mm-camera: mct: mct_pipeline_stop_session_thread: Stop module name: iface - X
10-09 23:22:24.289   763  8543 E mm-camera-sensor: sensor_proxy_thread_off:215enter
10-09 23:22:24.291   763  8551 D mm-camera: mct: mct_pipeline_stop_session_thread: Stop module name: pproc - E
10-09 23:22:24.293   763  8551 E mm-camera-pp: [INFO] base_module_stop_session:98, E, session=1
--------- switch to system
10-09 23:22:24.243   847   847 V SettingsProvider: Notifying for 0: content://settings/secure/flashlight_available
10-09 23:22:24.294   847   891 E BatteryExternalStatsWorker: no controller energy info supplied for bluetooth
--------- switch to main
10-09 23:22:24.295   763  8545 D mm-camera: mct: mct_pipeline_stop_session_thread: Stop module name: isp - X
10-09 23:22:24.297   763  8551 E mm-camera-pp: [INFO] base_module_stop_session:98, E, session=1
10-09 23:22:24.297   763  8513 E mm-camera: ois_thread:239done : ois initialization
10-09 23:22:24.298   763   763 D mm-camera: mct: mct_pipeline_stop_session: left modules: 5
10-09 23:22:24.298   763   763 D mm-camera: mct: mct_pipeline_stop_session: left modules: 4
10-09 23:22:24.299   763  8552 D mm-camera: mct: mct_pipeline_stop_session_thread: Stop module name: imglib - E
10-09 23:22:24.299   763  8546 E mm-camera: gyro_port_deinit:1446  gyro_port_deinit: Error in android Deinit
10-09 23:22:24.300   763  8552 E mm-camera: module_faceproc_stop_session:1885] session cnt 2
10-09 23:22:24.300   763  8546 I CAMERA_SENSOR: stop_accel_sensor
10-09 23:22:24.300   763  8551 D mm-camera: mct: mct_pipeline_stop_session_thread: Stop module name: pproc - X
--------- switch to kernel
10-09 23:22:24.300     0     0 E         : [  902.986284 / 10-09 23:22:24.295][0] imtech_init_set_onsemi_ois End
10-09 23:22:24.301     0     0 E [  902.986370 / 10-09 23:22:24.295][0] msm_ois_config: 471 Exit
--------- switch to main
10-09 23:22:24.301   763   763 D mm-camera: mct: mct_pipeline_stop_session: left modules: 3
--------- beginning of radio
10-09 23:22:24.301  1808  1808 D RILJ    : [0616]> RIL_REQUEST_GET_ACTIVITY_INFO [SUB0]
--------- switch to main
10-09 23:22:24.304   763  8516 I CAMERA_SENSOR: accel_data_cb received RESP - SNS_SMGR_CANCEL_RESP_V01
10-09 23:22:24.304   763  8552 D mm-camera: mct: mct_pipeline_stop_session_thread: Stop module name: imglib - X
10-09 23:22:24.305   763  8546 D mm-camera: mct: mct_pipeline_stop_session_thread: Stop module name: stats - X
--------- switch to radio
10-09 23:22:24.307  4112  4112 E RILQ    : (0/4112): RIL[0][rild] qcril_qmi_nas_dms_get_activity_info: Get activity info failed 2
10-09 23:22:24.308  4112  4112 E RILC    : getModemActivityInfoResponse Invalid response: NULL
--------- switch to main
10-09 23:22:24.308   763   763 D mm-camera: mct: mct_pipeline_stop_session: left modules: 2
10-09 23:22:24.310   763   763 D mm-camera: mct: mct_pipeline_stop_session: left modules: 1
--------- switch to radio
10-09 23:22:24.310  1808  2621 D RILJ    : [0616]< RIL_REQUEST_GET_ACTIVITY_INFO ModemActivityInfo{ mTimestamp=0 mSleepTimeMs=0 mIdleTimeMs=0 mTxTimeMs[]=[0, 0, 0, 0, 0] mRxTimeMs=0 mEnergyUsed=0} [SUB0]
--------- switch to system
10-09 23:22:24.324   847   891 E KernelCpuSpeedReader: Failed to read cpu-freq: /sys/devices/system/cpu/cpu4/cpufreq/stats/time_in_state: open failed: ENOENT (No such file or directory)
10-09 23:22:24.334   847   891 W BatteryExternalStatsWorker: modem info is invalid: ModemActivityInfo{ mTimestamp=0 mSleepTimeMs=0 mIdleTimeMs=0 mTxTimeMs[]=[0, 0, 0, 0, 0] mRxTimeMs=0 mEnergyUsed=0}
--------- switch to kernel
10-09 23:22:24.346     0     0 E [  903.033761 / 10-09 23:22:24.343][3] get_proxy: 568 end workqueue!
10-09 23:22:24.346     0     0 E [  903.034296 / 10-09 23:22:24.343][1] stop_proxy: 578 destroy_workqueue!
--------- switch to main
10-09 23:22:24.345   763  8543 E mm-camera: module_sensor_deinit_session:1567trying to delete thread
10-09 23:22:24.345   763  8543 E mm-camera-sensor: tcs_thread_delete:303tcs_thread, trying to delete thread
10-09 23:22:24.346   763  8543 E mm-camera: module_sensor_deinit_session:1569tcs_thread_deleted!
10-09 23:22:24.346   763  8543 E mm-camera: module_sensor_deinit_session:1571try to stop tcs kernel workqueue!
10-09 23:22:24.358   763  8543 E mm-camera-sensor: proxy_power_down:47enter
10-09 23:22:24.359  8429  8429 W CAM_Log : Tag RoundedThumbnailView is 1 chars longer than limit.
--------- switch to kernel
10-09 23:22:24.368     0     0 E [  903.046824 / 10-09 23:22:24.355][1] get_tcs: 257 end workqueue!
10-09 23:22:24.368     0     0 E [  903.047231 / 10-09 23:22:24.355][1] stop_tcs: 270 destroy_workqueue!
10-09 23:22:24.368     0     0 E [  903.047380 / 10-09 23:22:24.355][1] msm_tcs_power_down: 450 Enter
10-09 23:22:24.369     0     0 E [  903.047446 / 10-09 23:22:24.355][1] msm_tcs_power_down: 463 Exit
10-09 23:22:24.369     0     0 E [  903.048026 / 10-09 23:22:24.355][1] stop_proxy: 572 stop_proxy!
10-09 23:22:24.369     0     0 E [  903.048133 / 10-09 23:22:24.355][1] msm_ois_subdev_ioctl: 553 Enter
10-09 23:22:24.369     0     0 E [  903.048253 / 10-09 23:22:24.355][1] msm_ois_subdev_ioctl: 554 msm_ois_subdev_ioctl:554 o_ctrl 0000000000000000 argp 0000000000000000
10-09 23:22:24.369     0     0 E [  903.048368 / 10-09 23:22:24.355][1] msm_ois_config: 341 Enter
10-09 23:22:24.369     0     0 E [  903.048480 / 10-09 23:22:24.355][1] msm_ois_config: 342 msm_ois_config type 2
10-09 23:22:24.369     0     0 E [  903.048545 / 10-09 23:22:24.355][1] msm_ois_power_down: 180 Enter
10-09 23:22:24.369     0     0 E [  903.049788 / 10-09 23:22:24.359][2] msm_ois_power_down: 202 Exit
10-09 23:22:24.369     0     0 E [  903.049869 / 10-09 23:22:24.359][2] msm_ois_config: 471 Exit
10-09 23:22:24.369     0     0 E [  903.050378 / 10-09 23:22:24.359][2] msm_ois_close: 523 Enter
10-09 23:22:24.369     0     0 E [  903.050461 / 10-09 23:22:24.359][2] msm_ois_close: 539 Exit
10-09 23:22:24.369     0     0 E         : [  903.052392 / 10-09 23:22:24.359][2] CAM_PREVIEW_TUNE_OFF
10-09 23:22:24.369     0     0 E         : [  903.052475 / 10-09 23:22:24.359][2] msm_sensor_power_down for imx234
10-09 23:22:24.369     0     0 I [  903.053807 / 10-09 23:22:24.363][1] SMBCHG: smbchg_otg_pulse_skip_disable: enabling pulse skip, reason 2
10-09 23:22:24.369     0     0 I [  903.056276 / 10-09 23:22:24.363][1] SMBCHG: smbchg_otg_pulse_skip_disable: enabling pulse skip, reason 2
10-09 23:22:24.369     0     0 I [  903.058727 / 10-09 23:22:24.367][0] SMBCHG: smbchg_otg_pulse_skip_disable: enabling pulse skip, reason 2
10-09 23:22:24.372     0     0 I [  903.061245 / 10-09 23:22:24.367][0] SMBCHG: smbchg_otg_pulse_skip_disable: enabling pulse skip, reason 2
--------- switch to main
10-09 23:22:24.384   763  8543 E mm-camera: sensor_close:4609ctrl->isStreaming make false
10-09 23:22:24.385   763  8543 D mm-camera: mct: mct_pipeline_stop_session_thread: Stop module name: sensor - X
10-09 23:22:24.386   763   763 D mm-camera: mct: mct_pipeline_stop_session: left modules: 0
10-09 23:22:24.386   763   763 D mm-camera: mct: mct_pipeline_stop_session - X
10-09 23:22:24.387   763   763 D mm-camera: mct: mct_pipeline_destroy E: session:1 
10-09 23:22:24.387   763   763 D mm-camera: mct: mct_pipeline_destroy X: Pipeline destroyed successfully
10-09 23:22:24.388   763   763 D mm-camera: mct: mct_controller_destroy: X Successfully closed mct_controller
--------- switch to events
10-09 23:22:24.308   357   357 I chatty  : uid=1000(system) /system/bin/servicemanager identical 2 lines
10-09 23:22:24.312   357   357 I snet_event_log: [121035042,-1,]
10-09 23:22:24.463   847  1258 I commit_sys_config_file: [settings-2-0,9]
--------- switch to main
10-09 23:22:24.591  8429  8429 I CAM_Profiler: [920.336ms][ui] GUARD: CameraActivity.onCreateTasks - [269.072ms] setContentView()
10-09 23:22:24.633  8429  8429 I CAM_Profiler: [962.167ms][ui] GUARD: CameraActivity.onCreateTasks - [41.831ms] Configure Camera UI
10-09 23:22:24.651  8429  8481 W CAM2PORT_AndCamAgntImp: Releasing camera without any camera opened.
10-09 23:22:24.677  8429  8429 I CAM_Profiler: [1006.529ms][ui] GUARD: CameraActivity.onCreateTasks - [18.950ms] Init Current Module UI
10-09 23:22:24.683  8429  8429 I CameraManagerGlobal: Connecting to camera service
--------- switch to events
10-09 23:22:24.684   357   357 I snet_event_log: [121035042,-1,]
--------- switch to main
10-09 23:22:24.686  2035  2035 W ServiceManager: Permission failure: android.permission.CAMERA_OPEN_CLOSE_LISTENER from uid=10181 pid=8429
10-09 23:22:24.703  8429  8429 W SoundPool: Use of stream types is deprecated for operations other than volume control
10-09 23:22:24.703  8429  8429 W SoundPool: See the documentation of SoundPool() for what to use instead with android.media.AudioAttributes to qualify your playback use case
10-09 23:22:24.721  8429  8429 I CAM_Profiler: [ 42.578ms][ui] GUARD: CaptureModule.init - STOP
10-09 23:22:24.722  8429  8429 I CAM_Profiler: [1051.743ms][ui] GUARD: CameraActivity.onCreateTasks - [45.213ms] Init CurrentModule
10-09 23:22:24.743  8429  8429 I CAM_Profiler: [1073.008ms][ui] GUARD: CameraActivity.onCreateTasks - STOP
--------- switch to events
10-09 23:22:24.728   357   357 I chatty  : uid=1000(system) /system/bin/servicemanager identical 8 lines
10-09 23:22:24.739   357   357 I snet_event_log: [121035042,-1,]
10-09 23:22:24.744  8429  8429 I am_on_create_called: [0,com.android.camera.CameraActivity,performCreate]
10-09 23:22:24.758  8429  8429 I am_on_start_called: [0,com.android.camera.CameraActivity,handleStartActivity]
10-09 23:22:24.792   357   357 I snet_event_log: [121035042,-1,]
10-09 23:22:24.803   357   357 I chatty  : uid=1000(system) /system/bin/servicemanager identical 1 line
10-09 23:22:24.808   357   357 I snet_event_log: [121035042,-1,]
10-09 23:22:24.810   589   589 I snet_event_log: [121035042,-1,]
--------- switch to main
10-09 23:22:24.829  8429  8571 D CCodec  : allocate(c2.android.vorbis.decoder)
10-09 23:22:24.829  8429  8568 D CCodec  : allocate(c2.android.vorbis.decoder)
--------- switch to events
10-09 23:22:24.830   358   358 I snet_event_log: [121035042,-1,]
--------- switch to main
10-09 23:22:24.834  8429  8568 I Codec2Client: Available Codec2 services: "software"
10-09 23:22:24.835  8429  8571 I Codec2Client: Creating a Codec2 client to service "software"
10-09 23:22:24.838  8429  8571 I Codec2Client: Client to Codec2 service "software" created
10-09 23:22:24.843   745  1731 V C2Store : in init
10-09 23:22:24.844   745  1731 V C2Store : loading dll
10-09 23:22:24.850  8429  8571 I CCodec  : Created component [c2.android.vorbis.decoder]
10-09 23:22:24.850  8429  8568 I CCodec  : Created component [c2.android.vorbis.decoder]
10-09 23:22:24.852  8429  8568 D CCodecConfig: read media type: audio/vorbis
10-09 23:22:24.852  8429  8571 D CCodecConfig: read media type: audio/vorbis
10-09 23:22:24.855  8429  8568 D ReflectedParamUpdater: extent() != 1 for single value type: algo.buffers.max-count.values
10-09 23:22:24.855  8429  8571 D ReflectedParamUpdater: extent() != 1 for single value type: algo.buffers.max-count.values
10-09 23:22:24.856  8429  8571 D ReflectedParamUpdater: extent() != 1 for single value type: output.subscribed-indices.values
10-09 23:22:24.857  8429  8568 D ReflectedParamUpdater: extent() != 1 for single value type: output.subscribed-indices.values
10-09 23:22:24.857  8429  8571 D ReflectedParamUpdater: extent() != 1 for single value type: input.buffers.allocator-ids.values
10-09 23:22:24.857  8429  8568 D ReflectedParamUpdater: extent() != 1 for single value type: input.buffers.allocator-ids.values
10-09 23:22:24.858  8429  8571 D ReflectedParamUpdater: extent() != 1 for single value type: output.buffers.allocator-ids.values
10-09 23:22:24.858  8429  8568 D ReflectedParamUpdater: extent() != 1 for single value type: output.buffers.allocator-ids.values
10-09 23:22:24.859  8429  8571 D ReflectedParamUpdater: extent() != 1 for single value type: algo.buffers.allocator-ids.values
--------- switch to events
10-09 23:22:24.835   358   358 I chatty  : uid=1000(system) hwservicemanage identical 3 lines
10-09 23:22:24.837   358   358 I snet_event_log: [121035042,-1,]
10-09 23:22:24.859  8429  8429 I am_on_resume_called: [0,com.android.camera.CameraActivity,RESUME_ACTIVITY]
--------- switch to main
10-09 23:22:24.860  8429  8568 D ReflectedParamUpdater: extent() != 1 for single value type: algo.buffers.allocator-ids.values
10-09 23:22:24.860  8429  8571 D ReflectedParamUpdater: extent() != 1 for single value type: output.buffers.pool-ids.values
10-09 23:22:24.863  8429  8568 D ReflectedParamUpdater: extent() != 1 for single value type: output.buffers.pool-ids.values
10-09 23:22:24.864  8429  8571 D ReflectedParamUpdater: extent() != 1 for single value type: algo.buffers.pool-ids.values
10-09 23:22:24.864  8429  8568 D ReflectedParamUpdater: extent() != 1 for single value type: algo.buffers.pool-ids.values
10-09 23:22:24.866  8429  8571 I CCodecConfig: query failed after returning 7 values (BAD_INDEX)
10-09 23:22:24.866  8429  8568 I CCodecConfig: query failed after returning 7 values (BAD_INDEX)
10-09 23:22:24.867  8429  8568 D CCodecConfig: c2 config diff is Dict {
10-09 23:22:24.867  8429  8568 D CCodecConfig:   c2::u32 coded.bitrate.value = 64000
10-09 23:22:24.867  8429  8568 D CCodecConfig:   c2::u32 input.buffers.max-size.value = 32768
10-09 23:22:24.867  8429  8568 D CCodecConfig:   c2::u32 input.delay.value = 0
10-09 23:22:24.867  8429  8568 D CCodecConfig:   string input.media-type.value = "audio/vorbis"
10-09 23:22:24.867  8429  8568 D CCodecConfig:   string output.media-type.value = "audio/raw"
10-09 23:22:24.867  8429  8568 D CCodecConfig:   c2::u32 raw.channel-count.value = 1
10-09 23:22:24.867  8429  8568 D CCodecConfig:   c2::u32 raw.sample-rate.value = 48000
10-09 23:22:24.867  8429  8568 D CCodecConfig: }
10-09 23:22:24.867  8429  8571 D CCodecConfig: c2 config diff is Dict {
10-09 23:22:24.867  8429  8571 D CCodecConfig:   c2::u32 coded.bitrate.value = 64000
10-09 23:22:24.867  8429  8571 D CCodecConfig:   c2::u32 input.buffers.max-size.value = 32768
10-09 23:22:24.867  8429  8571 D CCodecConfig:   c2::u32 input.delay.value = 0
10-09 23:22:24.867  8429  8571 D CCodecConfig:   string input.media-type.value = "audio/vorbis"
10-09 23:22:24.867  8429  8571 D CCodecConfig:   string output.media-type.value = "audio/raw"
10-09 23:22:24.867  8429  8571 D CCodecConfig:   c2::u32 raw.channel-count.value = 1
10-09 23:22:24.867  8429  8571 D CCodecConfig:   c2::u32 raw.sample-rate.value = 48000
10-09 23:22:24.867  8429  8571 D CCodecConfig: }
10-09 23:22:24.869  8429  8568 D CCodecConfig: no c2 equivalents for durationUs
10-09 23:22:24.869  8429  8571 D CCodecConfig: no c2 equivalents for durationUs
10-09 23:22:24.869  8429  8571 D CCodecConfig: no c2 equivalents for csd-1
10-09 23:22:24.870  8429  8568 D CCodecConfig: no c2 equivalents for csd-1
10-09 23:22:24.870  8429  8568 D CCodecConfig: no c2 equivalents for track-id
10-09 23:22:24.870  8429  8571 D CCodecConfig: no c2 equivalents for track-id
10-09 23:22:24.871  8429  8568 D CCodecConfig: no c2 equivalents for channel-mask
10-09 23:22:24.871  8429  8571 D CCodecConfig: no c2 equivalents for channel-mask
--------- switch to events
10-09 23:22:24.872  8429  8429 I am_on_top_resumed_gained_called: [0,com.android.camera.CameraActivity,topStateChangedWhenResumed]
--------- switch to main
10-09 23:22:24.872  8429  8571 D CCodecConfig: c2 config diff is   c2::u32 raw.channel-count.value = 2
10-09 23:22:24.872  8429  8571 D CCodecConfig:   c2::u32 raw.sample-rate.value = 44100
10-09 23:22:24.872  8429  8568 D CCodecConfig: c2 config diff is   c2::u32 raw.channel-count.value = 2
10-09 23:22:24.874  8429  8568 W Codec2Client: query -- param skipped: index = 1107298332.
10-09 23:22:24.874  8429  8568 D CCodec  : setup formats input: AMessage(what = 0x00000000) = {
10-09 23:22:24.874  8429  8568 D CCodec  :   int32_t channel-count = 2
10-09 23:22:24.874  8429  8568 D CCodec  :   int32_t max-input-size = 32768
10-09 23:22:24.874  8429  8568 D CCodec  :   string mime = "audio/vorbis"
10-09 23:22:24.874  8429  8568 D CCodec  :   int32_t sample-rate = 48000
10-09 23:22:24.874  8429  8568 D CCodec  : } and output: AMessage(what = 0x00000000) = {
10-09 23:22:24.874  8429  8568 D CCodec  :   int32_t channel-count = 2
10-09 23:22:24.874  8429  8568 D CCodec  :   string mime = "audio/raw"
10-09 23:22:24.874  8429  8568 D CCodec  :   int32_t sample-rate = 48000
10-09 23:22:24.874  8429  8568 D CCodec  :   int32_t channel-mask = 3
10-09 23:22:24.874  8429  8568 D CCodec  : }
10-09 23:22:24.875  8429  8571 W Codec2Client: query -- param skipped: index = 1107298332.
10-09 23:22:24.875  8429  8429 W CAM_FilmstripItem: Suggested size was set to a zero area value!
10-09 23:22:24.875  8429  8571 D CCodec  : setup formats input: AMessage(what = 0x00000000) = {
10-09 23:22:24.875  8429  8571 D CCodec  :   int32_t channel-count = 2
10-09 23:22:24.875  8429  8571 D CCodec  :   int32_t max-input-size = 32768
10-09 23:22:24.875  8429  8571 D CCodec  :   string mime = "audio/vorbis"
10-09 23:22:24.875  8429  8571 D CCodec  :   int32_t sample-rate = 44100
10-09 23:22:24.875  8429  8571 D CCodec  : } and output: AMessage(what = 0x00000000) = {
10-09 23:22:24.875  8429  8571 D CCodec  :   int32_t channel-count = 2
10-09 23:22:24.875  8429  8571 D CCodec  :   string mime = "audio/raw"
10-09 23:22:24.875  8429  8571 D CCodec  :   int32_t sample-rate = 44100
10-09 23:22:24.875  8429  8571 D CCodec  :   int32_t channel-mask = 3
10-09 23:22:24.875  8429  8571 D CCodec  : }
10-09 23:22:24.876  8429  8568 W Codec2Client: query -- param skipped: index = 1342179345.
10-09 23:22:24.877  8429  8568 W Codec2Client: query -- param skipped: index = 2415921170.
10-09 23:22:24.878  8429  8571 W Codec2Client: query -- param skipped: index = 1342179345.
10-09 23:22:24.880  8429  8571 W Codec2Client: query -- param skipped: index = 2415921170.
10-09 23:22:24.886  8429  8568 D CCodecBufferChannel: [c2.android.vorbis.decoder#861] Created input block pool with allocatorID 16 => poolID 17 - OK (0)
10-09 23:22:24.892  8429  8571 D CCodecBufferChannel: [c2.android.vorbis.decoder#632] Created input block pool with allocatorID 16 => poolID 18 - OK (0)
10-09 23:22:24.893   715  1458 D BufferPoolAccessor: bufferpool2 0xf02cbb10 : 0(0 size) total buffers - 0(0 size) used buffers - 128/139 (recycle/alloc) - 11/268 (fetch/transfer)
10-09 23:22:24.894  8192  8229 D BufferPoolAccessor: bufferpool2 0x75073dbc20 : 0(0 size) total buffers - 0(0 size) used buffers - 2/9 (recycle/alloc) - 7/36 (fetch/transfer)
10-09 23:22:24.895  8429  8568 I CCodecBufferChannel: [c2.android.vorbis.decoder#861] Created output block pool with allocatorID 16 => poolID 33 - OK
10-09 23:22:24.897  8192  8229 D BufferPoolAccessor: Destruction - bufferpool2 0x75073dbc20 cached: 0/0M, 0/0% in use; allocs: 9, 22% recycled; transfers: 36, 81% unfetced
10-09 23:22:24.898  8429  8568 D CCodecBufferChannel: [c2.android.vorbis.decoder#861] Configured output block pool ids 33 => OK
10-09 23:22:24.898  8192  8229 D BufferPoolAccessor: bufferpool2 0x75073dbe20 : 0(0 size) total buffers - 0(0 size) used buffers - 2/9 (recycle/alloc) - 7/38 (fetch/transfer)
10-09 23:22:24.899   715  1458 D BufferPoolAccessor: Destruction - bufferpool2 0xf02cbb10 cached: 0/0M, 0/0% in use; allocs: 139, 92% recycled; transfers: 268, 96% unfetced
10-09 23:22:24.899  8429  8568 E ion     : ioctl c0044901 failed with code -1: Invalid argument
10-09 23:22:24.900  8192  8229 D BufferPoolAccessor: Destruction - bufferpool2 0x75073dbe20 cached: 0/0M, 0/0% in use; allocs: 9, 22% recycled; transfers: 38, 82% unfetced
10-09 23:22:24.900  8192  8229 D BufferPoolAccessor: bufferpool2 0x7506ad2020 : 0(0 size) total buffers - 0(0 size) used buffers - 2/9 (recycle/alloc) - 7/18 (fetch/transfer)
10-09 23:22:24.900   745  8577 D SimpleC2Component: Using output block pool with poolID 33 => got 33 - 0
10-09 23:22:24.901  8429  8571 I CCodecBufferChannel: [c2.android.vorbis.decoder#632] Created output block pool with allocatorID 16 => poolID 34 - OK
10-09 23:22:24.901  8192  8229 D BufferPoolAccessor: Destruction - bufferpool2 0x7506ad2020 cached: 0/0M, 0/0% in use; allocs: 9, 22% recycled; transfers: 18, 61% unfetced
10-09 23:22:24.903  8429  8571 D CCodecBufferChannel: [c2.android.vorbis.decoder#632] Configured output block pool ids 34 => OK
10-09 23:22:24.912   745  8576 D SimpleC2Component: Using output block pool with poolID 34 => got 34 - 0
10-09 23:22:24.913  8429  8429 W CAM_FilmstripItem: Suggested size was set to a zero area value!
10-09 23:22:24.925  8429  8429 W CAM_FilmstripItem: Suggested size was set to a zero area value!
10-09 23:22:24.927  8429  8429 I CAM_FilmstripView: [ViewItem:0] mData.renderThumbnail()
10-09 23:22:24.930  8429  8429 I CAM_FilmstripView: [ViewItem:1] mData.renderThumbnail()
10-09 23:22:24.932  8429  8429 I CAM_FilmstripView: [ViewItem:2] mData.renderThumbnail()
--------- switch to events
10-09 23:22:25.049   357   357 I snet_event_log: [121035042,-1,]
--------- switch to main
10-09 23:22:25.061   745   745 V C2Store : in ~ComponentModule
10-09 23:22:25.061   745   745 V C2Store : unloading dll
10-09 23:22:25.085  8429  8580 D skia    : --- Failed to create image decoder with message 'unimplemented'
--------- switch to events
10-09 23:22:25.052   357   357 I chatty  : uid=1000(system) /system/bin/servicemanager identical 1 line
10-09 23:22:25.088   357   357 I snet_event_log: [121035042,-1,]
10-09 23:22:25.091   589   589 I snet_event_log: [121035042,-1,]
10-09 23:22:25.111   357   357 I snet_event_log: [121035042,-1,]
--------- switch to main
10-09 23:22:25.087  8429  8580 D skia    : --- Failed to create image decoder with message 'unimplemented'
10-09 23:22:25.113   715  8586 D CCodec  : allocate(c2.android.avc.decoder)
10-09 23:22:25.115   745  1701 V C2Store : in init
10-09 23:22:25.115   745  1701 V C2Store : loading dll
10-09 23:22:25.120   715  8586 I CCodec  : Created component [c2.android.avc.decoder]
10-09 23:22:25.121   715  8586 D CCodecConfig: read media type: video/avc
10-09 23:22:25.124   715  8586 D ReflectedParamUpdater: extent() != 1 for single value type: algo.buffers.max-count.values
10-09 23:22:25.125   715  8586 D ReflectedParamUpdater: extent() != 1 for single value type: output.subscribed-indices.values
10-09 23:22:25.126   715  8586 D ReflectedParamUpdater: extent() != 1 for single value type: input.buffers.allocator-ids.values
10-09 23:22:25.127   715  8586 D ReflectedParamUpdater: extent() != 1 for single value type: output.buffers.allocator-ids.values
10-09 23:22:25.127   715  8586 D ReflectedParamUpdater: extent() != 1 for single value type: algo.buffers.allocator-ids.values
10-09 23:22:25.128   715  8586 D ReflectedParamUpdater: extent() != 1 for single value type: output.buffers.pool-ids.values
10-09 23:22:25.129   715  8586 D ReflectedParamUpdater: extent() != 1 for single value type: algo.buffers.pool-ids.values
10-09 23:22:25.131   715  8586 D ReflectedParamUpdater: ignored struct field coded.color-format.locations
10-09 23:22:25.134   715  8586 D CCodecConfig: ignoring local param raw.size (0xd2001800) as it is already supported
10-09 23:22:25.134   715  8586 D CCodecConfig: ignoring local param raw.color (0xd2001809) as it is already supported
10-09 23:22:25.135   715  8586 D ReflectedParamUpdater: ignored struct field raw.hdr-static-info.mastering
10-09 23:22:25.137   715  8586 I CCodecConfig: query failed after returning 12 values (BAD_INDEX)
10-09 23:22:25.138   715  8586 D CCodecConfig: c2 config diff is Dict {
10-09 23:22:25.138   715  8586 D CCodecConfig:   c2::u32 coded.pl.level = 20496
10-09 23:22:25.138   715  8586 D CCodecConfig:   c2::u32 coded.pl.profile = 20481
10-09 23:22:25.138   715  8586 D CCodecConfig:   c2::u32 coded.vui.color.matrix = 0
10-09 23:22:25.138   715  8586 D CCodecConfig:   c2::u32 coded.vui.color.primaries = 0
10-09 23:22:25.138   715  8586 D CCodecConfig:   c2::u32 coded.vui.color.range = 2
10-09 23:22:25.138   715  8586 D CCodecConfig:   c2::u32 coded.vui.color.transfer = 0
10-09 23:22:25.138   715  8586 D CCodecConfig:   c2::u32 default.color.matrix = 0
10-09 23:22:25.138   715  8586 D CCodecConfig:   c2::u32 default.color.primaries = 0
10-09 23:22:25.138   715  8586 D CCodecConfig:   c2::u32 default.color.range = 0
10-09 23:22:25.138   715  8586 D CCodecConfig:   c2::u32 default.color.transfer = 0
10-09 23:22:25.138   715  8586 D CCodecConfig:   c2::u32 input.buffers.max-size.value = 57600
10-09 23:22:25.138   715  8586 D CCodecConfig:   c2::u32 input.delay.value = 0
10-09 23:22:25.138   715  8586 D CCodecConfig:   string input.media-type.value = "video/avc"
10-09 23:22:25.138   715  8586 D CCodecConfig:   c2::u32 output.delay.value = 8
10-09 23:22:25.138   715  8586 D CCodecConfig:   string output.media-type.value = "video/raw"
10-09 23:22:25.138   715  8586 D CCodecConfig:   c2::u32 raw.color.matrix = 0
10-09 23:22:25.138   715  8586 D CCodecConfig:   c2::u32 raw.color.primaries = 0
10-09 23:22:25.138   715  8586 D CCodecConfig:   c2::u32 raw.color.range = 2
10-09 23:22:25.138   715  8586 D CCodecConfig:   c2::u32 raw.color.transfer = 0
10-09 23:22:25.138   715  8586 D CCodecConfig:   c2::u32 raw.max-size.height = 240
10-09 23:22:25.138   715  8586 D CCodecConfig:   c2::u32 raw.max-size.width = 320
10-09 23:22:25.138   715  8586 D CCodecConfig:   c2::u32 raw.pixel-format.value = 35
10-09 23:22:25.138   715  8586 D CCodecConfig:   c2::i32 raw.rotation.flip = 0
10-09 23:22:25.138   715  8586 D CCodecConfig:   c2::i32 raw.rotation.value = 0
10-09 23:22:25.138   715  8586 D CCodecConfig:   c2::u32 raw.sar.height = 1
10-09 23:22:25.138   715  8586 D CCodecConfig:   c2::u32 raw.sar.width = 1
10-09 23:22:25.138   715  8586 D CCodecConfig:   c2::u32 raw.size.height = 240
10-09 23:22:25.138   715  8586 D CCodecConfig:   c2::u32 raw.size.width = 320
10-09 23:22:25.138   715  8586 D CCodecConfig:   c2::u
10-09 23:22:25.140   715  8586 W ColorUtils: expected specified color aspects (2:0:0:0)
10-09 23:22:25.148   715  8586 D CCodecConfig: no c2 equivalents for thumbnail-time
10-09 23:22:25.149   715  8586 D CCodecConfig: no c2 equivalents for durationUs
10-09 23:22:25.149   715  8586 D CCodecConfig: no c2 equivalents for frame-count
10-09 23:22:25.149   715  8586 D CCodecConfig: no c2 equivalents for language
10-09 23:22:25.150   715  8586 D CCodecConfig: no c2 equivalents for display-width
10-09 23:22:25.150   715  8586 D CCodecConfig: no c2 equivalents for display-height
10-09 23:22:25.151   715  8586 D CCodecConfig: no c2 equivalents for color-standard
10-09 23:22:25.151   715  8586 D CCodecConfig: no c2 equivalents for csd-1
10-09 23:22:25.151   715  8586 D CCodecConfig: no c2 equivalents for color-format
10-09 23:22:25.152   715  8586 D CCodecConfig: no c2 equivalents for android._num-input-buffers
10-09 23:22:25.152   715  8586 D CCodecConfig: no c2 equivalents for android._num-output-buffers
10-09 23:22:25.154   715  8586 D CCodecConfig: config failed => CORRUPTED
10-09 23:22:25.157   715  8586 D CCodecConfig: c2 config diff is   c2::u32 coded.pl.level = 20491
10-09 23:22:25.157   715  8586 D CCodecConfig:   c2::u32 coded.pl.profile = 20484
10-09 23:22:25.157   715  8586 D CCodecConfig:   c2::u32 default.color.matrix = 3
10-09 23:22:25.157   715  8586 D CCodecConfig:   c2::u32 default.color.primaries = 3
10-09 23:22:25.157   715  8586 D CCodecConfig:   c2::u32 default.color.range = 1
10-09 23:22:25.157   715  8586 D CCodecConfig:   c2::u32 default.color.transfer = 3
10-09 23:22:25.157   715  8586 D CCodecConfig:   c2::u32 input.buffers.max-size.value = 1566720
10-09 23:22:25.157   715  8586 D CCodecConfig:   c2::u32 raw.color.matrix = 3
10-09 23:22:25.157   715  8586 D CCodecConfig:   c2::u32 raw.color.primaries = 3
10-09 23:22:25.157   715  8586 D CCodecConfig:   c2::u32 raw.color.transfer = 3
10-09 23:22:25.157   715  8586 D CCodecConfig:   c2::i32 raw.rotation.value = -90
10-09 23:22:25.157   715  8586 D CCodecConfig:   c2::u32 raw.size.height = 1080
10-09 23:22:25.157   715  8586 D CCodecConfig:   c2::u32 raw.size.width = 1920
10-09 23:22:25.159   715  8586 W Codec2Client: query -- param skipped: index = 1107298332.
10-09 23:22:25.159   715  8586 D CCodec  : client requested max input size 161627, which is smaller than what component recommended (1566720); overriding with component recommendation.
10-09 23:22:25.160   715  8586 W CCodec  : This behavior is subject to change. It is recommended that app developers double check whether the requested max input size is in reasonable range.
10-09 23:22:25.161   715  8586 D CCodec  : setup formats input: AMessage(what = 0x00000000) = {
10-09 23:22:25.161   715  8586 D CCodec  :   int32_t height = 1080
10-09 23:22:25.161   715  8586 D CCodec  :   int32_t level = 2048
10-09 23:22:25.161   715  8586 D CCodec  :   int32_t max-input-size = 1566720
10-09 23:22:25.161   715  8586 D CCodec  :   string mime = "video/avc"
10-09 23:22:25.161   715  8586 D CCodec  :   int32_t profile = 8
10-09 23:22:25.161   715  8586 D CCodec  :   int32_t width = 1920
10-09 23:22:25.161   715  8586 D CCodec  :   Rect crop(0, 0, 1919, 1079)
10-09 23:22:25.161   715  8586 D CCodec  : } and output: AMessage(what = 0x00000000) = {
10-09 23:22:25.161   715  8586 D CCodec  :   int32_t android._color-format = 2135033992
10-09 23:22:25.161   715  8586 D CCodec  :   int32_t android._video-scaling = 1
10-09 23:22:25.161   715  8586 D CCodec  :   Rect crop(0, 0, 1919, 1079)
10-09 23:22:25.161   715  8586 D CCodec  :   int32_t color-standard = 2
10-09 23:22:25.161   715  8586 D CCodec  :   int32_t color-range = 2
10-09 23:22:25.161   715  8586 D CCodec  :   int32_t color-transfer = 3
10-09 23:22:25.161   715  8586 D CCodec  :   int32_t height = 1080
10-09 23:22:25.161   715  8586 D CCodec  :   int32_t max-height = 240
10-09 23:22:25.161   715  8586 D CCodec  :   int32_t max-width = 320
10-09 23:22:25.161   715  8586 D CCodec  :   string mime = "video/raw"
10-09 23:22:25.161   715  8586 D CCodec  :   int32_t rotation-degrees = 90
10-09 23:22:25.161   715  8586 D CCodec  :   int32_t width = 1920
10-09 23:22:25.161   715  8586 D CCodec  :   int32_t android._dataspace = 258
10-09 23:22:25.161   715  8586 D CCodec  :   int32_t color-format = 19
10-09 23:22:25.161   715  8586 D CCodec  : }
10-09 23:22:25.164   715  8586 W Codec2Client: query -- param skipped: index = 1342179345.
10-09 23:22:25.164   715  8586 W Codec2Client: query -- param skipped: index = 2415921170.
10-09 23:22:25.165   715  8586 W Codec2Client: query -- param skipped: index = 1610614798.
10-09 23:22:25.167   715  8586 D CCodecBufferChannel: [c2.android.avc.decoder#823] Created input block pool with allocatorID 16 => poolID 18 - OK (0)
10-09 23:22:25.167   745  1731 D BufferPoolAccessor: bufferpool2 0x29680ba830 : 0(0 size) total buffers - 0(0 size) used buffers - 126/132 (recycle/alloc) - 6/131 (fetch/transfer)
10-09 23:22:25.168   745  1731 D BufferPoolAccessor: Destruction - bufferpool2 0x29680ba830 cached: 0/0M, 0/0% in use; allocs: 132, 95% recycled; transfers: 131, 95% unfetced
--------- switch to events
10-09 23:22:25.141   357   357 I snet_event_log: [121035042,-1,]
10-09 23:22:25.170   358   358 I snet_event_log: [121035042,-1,]
--------- switch to main
10-09 23:22:25.176   358   358 I hwservicemanager: getTransport: Cannot find entry android.hardware.graphics.allocator@3.0::IAllocator/default in either framework or device manifest.
--------- switch to kernel
10-09 23:22:25.189     0     0 I [  903.874425 / 10-09 23:22:25.183][1] init: Received control message 'interface_start' for 'android.hardware.graphics.allocator@3.0::IAllocator/default' from pid: 358 (/system/bin/hwservicemanager)
10-09 23:22:25.189     0     0 E [  903.874672 / 10-09 23:22:25.183][1] init: Could not find 'android.hardware.graphics.allocator@3.0::IAllocator/default' for ctl.interface_start
--------- switch to main
10-09 23:22:25.186   358  8588 W libc    : Unable to set property "ctl.interface_start" to "android.hardware.graphics.allocator@3.0::IAllocator/default": error code: 0x20
10-09 23:22:25.186   358  8588 E hwservicemanager: Failed to set property for starting android.hardware.graphics.allocator@3.0::IAllocator/default
10-09 23:22:25.201  8429  8429 I CAM_FilmstripView: [ViewItem:0] mData.renderThumbnail()
10-09 23:22:25.203  8429  8429 I CAM_FilmstripView: [ViewItem:1] mData.renderThumbnail()
10-09 23:22:25.204   715  8586 D CCodecBufferChannel: [c2.android.avc.decoder#823] Configured output block pool ids 1 => OK
10-09 23:22:25.205  8429  8429 I CAM_FilmstripView: [ViewItem:2] mData.renderThumbnail()
10-09 23:22:25.207  8429  8429 W View    : requestLayout() improperly called by com.android.camera.widget.FilmstripView{9adcd82 V.ED..... ......ID 0,0-1440,2409 #7f080055 app:id/filmstrip_view} during layout: running second layout pass
--------- switch to events
10-09 23:22:25.192   358   358 I chatty  : uid=1000(system) hwservicemanage identical 5 lines
10-09 23:22:25.201   358   358 I snet_event_log: [121035042,-1,]
10-09 23:22:25.208   357   357 I snet_event_log: [121035042,-1,]
--------- switch to main
10-09 23:22:25.208  8429  8429 W View    : requestLayout() improperly called by android.widget.ImageView{82a4c93 I.ED..... ......ID 246,361-1601,2770} during layout: running second layout pass
10-09 23:22:25.209   706  1443 D MediaBufferGroup: creating MemoryDealer
10-09 23:22:25.209  8429  8429 W View    : requestLayout() improperly called by android.widget.FrameLayout{a0994d0 I.E...... ......ID 1265,361-2620,2770} during layout: running second layout pass
10-09 23:22:25.209  8429  8429 W View    : requestLayout() improperly called by android.widget.ImageView{a4becc9 I.ED..... ......ID 2284,361-3639,2770} during layout: running second layout pass
10-09 23:22:25.218  8429  8429 I CAM_FocusRingView: Computing center via view bounds.
--------- switch to events
10-09 23:22:25.258   357   357 I snet_event_log: [121035042,-1,]
10-09 23:22:25.303   847  1670 I am_destroy_activity: [0,29539539,8,com.android.permissioncontroller/com.android.packageinstaller.permission.ui.GrantPermissionsActivity,finish-idle]
10-09 23:22:25.306   847   881 I am_uid_active: 10113
--------- switch to kernel
10-09 23:22:25.312     0     0 E         : [  903.997758 / 10-09 23:22:25.307][0] platform 1c.qcom,ion-heap: Fail to allocate buffer
--------- switch to events
10-09 23:22:25.312  1436  1436 I am_on_stop_called: [0,com.android.packageinstaller.permission.ui.GrantPermissionsActivity,LIFECYCLER_STOP_ACTIVITY]
10-09 23:22:25.314  1436  1436 I am_on_destroy_called: [0,com.android.packageinstaller.permission.ui.GrantPermissionsActivity,performDestroy]
--------- switch to kernel
10-09 23:22:25.429     0     0 E         : [  904.113904 / 10-09 23:22:25.423][1] platform 1c.qcom,ion-heap: Fail to allocate buffer
--------- switch to events
10-09 23:22:25.436   358   358 I snet_event_log: [121035042,-1,]
--------- switch to main
10-09 23:22:25.438   358   358 I hwservicemanager: getTransport: Cannot find entry android.hardware.graphics.allocator@3.0::IAllocator/default in either framework or device manifest.
10-09 23:22:25.441   358  8589 W libc    : Unable to set property "ctl.interface_start" to "android.hardware.graphics.allocator@3.0::IAllocator/default": error code: 0x20
10-09 23:22:25.441   358  8589 E hwservicemanager: Failed to set property for starting android.hardware.graphics.allocator@3.0::IAllocator/default
--------- switch to kernel
10-09 23:22:25.444     0     0 I [  904.130268 / 10-09 23:22:25.439][2] init: Received control message 'interface_start' for 'android.hardware.graphics.allocator@3.0::IAllocator/default' from pid: 358 (/system/bin/hwservicemanager)
10-09 23:22:25.444     0     0 E [  904.130526 / 10-09 23:22:25.439][2] init: Could not find 'android.hardware.graphics.allocator@3.0::IAllocator/default' for ctl.interface_start
10-09 23:22:25.536     0     0 E         : [  904.221993 / 10-09 23:22:25.531][2] platform 1c.qcom,ion-heap: Fail to allocate buffer
--------- switch to main
10-09 23:22:25.542   745  8587 D SimpleC2Component: Using output block pool with poolID 1 => got 1 - 0
--------- switch to kernel
10-09 23:22:25.648     0     0 E         : [  904.334095 / 10-09 23:22:25.643][3] platform 1c.qcom,ion-heap: Fail to allocate buffer
--------- switch to events
10-09 23:22:25.445   358   358 I chatty  : uid=1000(system) hwservicemanage identical 5 lines
10-09 23:22:25.541   358   358 I snet_event_log: [121035042,-1,]
10-09 23:22:25.661   847   881 I am_destroy_activity: [0,134403299,8,com.android.camera2/com.android.camera.PermissionsActivity,finish-imm:activityIdleInternalLocked]
10-09 23:22:25.680  8429  8429 I am_on_stop_called: [0,com.android.camera.PermissionsActivity,LIFECYCLER_STOP_ACTIVITY]
10-09 23:22:25.685  8429  8429 I am_on_destroy_called: [0,com.android.camera.PermissionsActivity,performDestroy]
--------- switch to kernel
10-09 23:22:25.788     0     0 E         : [  904.473987 / 10-09 23:22:25.783][3] platform 1c.qcom,ion-heap: Fail to allocate buffer
--------- switch to events
10-09 23:22:25.855   357   357 I snet_event_log: [121035042,-1,]
10-09 23:22:25.858   357   357 I snet_event_log: [121035042,-1,]
10-09 23:22:26.072   358   358 I snet_event_log: [121035042,-1,]
--------- switch to main
10-09 23:22:26.073   358   358 I hwservicemanager: getTransport: Cannot find entry android.hardware.graphics.allocator@3.0::IAllocator/default in either framework or device manifest.
10-09 23:22:26.077   358  8594 W libc    : Unable to set property "ctl.interface_start" to "android.hardware.graphics.allocator@3.0::IAllocator/default": error code: 0x20
10-09 23:22:26.077   358  8594 E hwservicemanager: Failed to set property for starting android.hardware.graphics.allocator@3.0::IAllocator/default
10-09 23:22:26.080   745  8587 W SimpleC2Component: unknown frame index: 2
--------- switch to kernel
10-09 23:22:26.080     0     0 I [  904.766245 / 10-09 23:22:26.075][3] init: Received control message 'interface_start' for 'android.hardware.graphics.allocator@3.0::IAllocator/default' from pid: 358 (/system/bin/hwservicemanager)
10-09 23:22:26.080     0     0 E [  904.766512 / 10-09 23:22:26.075][3] init: Could not find 'android.hardware.graphics.allocator@3.0::IAllocator/default' for ctl.interface_start
--------- switch to main
10-09 23:22:26.087   715  8586 D CCodecConfig: c2 config diff is   c2::u32 output.delay.value = 1
10-09 23:22:26.087   715  8586 D CCodecConfig:   c2::u32 raw.crop.height = 1080
10-09 23:22:26.087   715  8586 D CCodecConfig:   c2::u32 raw.crop.left = 0
10-09 23:22:26.087   715  8586 D CCodecConfig:   c2::u32 raw.crop.top = 0
10-09 23:22:26.087   715  8586 D CCodecConfig:   c2::u32 raw.crop.width = 1920
10-09 23:22:26.106   715  8586 D CCodecBuffers: [c2.android.avc.decoder#823:2D-BB-Output] updating image-data
10-09 23:22:26.106   715  8586 D CCodecBuffers: [c2.android.avc.decoder#823:2D-BB-Output] updating stride = 1920
10-09 23:22:26.107   715  8586 D CCodecBuffers: [c2.android.avc.decoder#823:2D-BB-Output] updating vstride = 1080
10-09 23:22:26.144   745  1731 V C2Store : in ~ComponentModule
10-09 23:22:26.145   745  1731 V C2Store : unloading dll
10-09 23:22:26.189  8429  8579 D skia    : --- Failed to create image decoder with message 'unimplemented'
--------- switch to events
10-09 23:22:26.081   358   358 I chatty  : uid=1000(system) hwservicemanage identical 5 lines
10-09 23:22:26.086   358   358 I snet_event_log: [121035042,-1,]
10-09 23:22:26.191   357   357 I snet_event_log: [121035042,-1,]
10-09 23:22:26.192   589   589 I snet_event_log: [121035042,-1,]
10-09 23:22:26.210   357   357 I snet_event_log: [121035042,-1,]
--------- switch to main
10-09 23:22:26.189  8429  8579 D skia    : --- Failed to create image decoder with message 'unimplemented'
10-09 23:22:26.211   715  8597 D CCodec  : allocate(c2.android.avc.decoder)
10-09 23:22:26.212   745  1702 V C2Store : in init
10-09 23:22:26.212   745  1702 V C2Store : loading dll
10-09 23:22:26.218   715  8597 I CCodec  : Created component [c2.android.avc.decoder]
10-09 23:22:26.219   715  8597 D CCodecConfig: read media type: video/avc
10-09 23:22:26.222   715  8597 D ReflectedParamUpdater: extent() != 1 for single value type: algo.buffers.max-count.values
10-09 23:22:26.223   715  8597 D ReflectedParamUpdater: extent() != 1 for single value type: output.subscribed-indices.values
10-09 23:22:26.223   715  8597 D ReflectedParamUpdater: extent() != 1 for single value type: input.buffers.allocator-ids.values
10-09 23:22:26.224   715  8597 D ReflectedParamUpdater: extent() != 1 for single value type: output.buffers.allocator-ids.values
10-09 23:22:26.225   715  8597 D ReflectedParamUpdater: extent() != 1 for single value type: algo.buffers.allocator-ids.values
10-09 23:22:26.226   715  8597 D ReflectedParamUpdater: extent() != 1 for single value type: output.buffers.pool-ids.values
10-09 23:22:26.227   715  8597 D ReflectedParamUpdater: extent() != 1 for single value type: algo.buffers.pool-ids.values
10-09 23:22:26.229   715  8597 D ReflectedParamUpdater: ignored struct field coded.color-format.locations
10-09 23:22:26.231   715  8597 D CCodecConfig: ignoring local param raw.size (0xd2001800) as it is already supported
10-09 23:22:26.232   715  8597 D CCodecConfig: ignoring local param raw.color (0xd2001809) as it is already supported
10-09 23:22:26.232   715  8597 D ReflectedParamUpdater: ignored struct field raw.hdr-static-info.mastering
10-09 23:22:26.234   715  8597 I CCodecConfig: query failed after returning 12 values (BAD_INDEX)
10-09 23:22:26.235   715  8597 D CCodecConfig: c2 config diff is Dict {
10-09 23:22:26.235   715  8597 D CCodecConfig:   c2::u32 coded.pl.level = 20496
10-09 23:22:26.235   715  8597 D CCodecConfig:   c2::u32 coded.pl.profile = 20481
10-09 23:22:26.235   715  8597 D CCodecConfig:   c2::u32 coded.vui.color.matrix = 0
10-09 23:22:26.235   715  8597 D CCodecConfig:   c2::u32 coded.vui.color.primaries = 0
10-09 23:22:26.235   715  8597 D CCodecConfig:   c2::u32 coded.vui.color.range = 2
10-09 23:22:26.235   715  8597 D CCodecConfig:   c2::u32 coded.vui.color.transfer = 0
10-09 23:22:26.235   715  8597 D CCodecConfig:   c2::u32 default.color.matrix = 0
10-09 23:22:26.235   715  8597 D CCodecConfig:   c2::u32 default.color.primaries = 0
10-09 23:22:26.235   715  8597 D CCodecConfig:   c2::u32 default.color.range = 0
10-09 23:22:26.235   715  8597 D CCodecConfig:   c2::u32 default.color.transfer = 0
10-09 23:22:26.235   715  8597 D CCodecConfig:   c2::u32 input.buffers.max-size.value = 57600
10-09 23:22:26.235   715  8597 D CCodecConfig:   c2::u32 input.delay.value = 0
10-09 23:22:26.235   715  8597 D CCodecConfig:   string input.media-type.value = "video/avc"
10-09 23:22:26.235   715  8597 D CCodecConfig:   c2::u32 output.delay.value = 8
10-09 23:22:26.235   715  8597 D CCodecConfig:   string output.media-type.value = "video/raw"
10-09 23:22:26.235   715  8597 D CCodecConfig:   c2::u32 raw.color.matrix = 0
10-09 23:22:26.235   715  8597 D CCodecConfig:   c2::u32 raw.color.primaries = 0
10-09 23:22:26.235   715  8597 D CCodecConfig:   c2::u32 raw.color.range = 2
10-09 23:22:26.235   715  8597 D CCodecConfig:   c2::u32 raw.color.transfer = 0
10-09 23:22:26.235   715  8597 D CCodecConfig:   c2::u32 raw.max-size.height = 240
10-09 23:22:26.235   715  8597 D CCodecConfig:   c2::u32 raw.max-size.width = 320
10-09 23:22:26.235   715  8597 D CCodecConfig:   c2::u32 raw.pixel-format.value = 35
10-09 23:22:26.235   715  8597 D CCodecConfig:   c2::i32 raw.rotation.flip = 0
10-09 23:22:26.235   715  8597 D CCodecConfig:   c2::i32 raw.rotation.value = 0
10-09 23:22:26.235   715  8597 D CCodecConfig:   c2::u32 raw.sar.height = 1
10-09 23:22:26.235   715  8597 D CCodecConfig:   c2::u32 raw.sar.width = 1
10-09 23:22:26.235   715  8597 D CCodecConfig:   c2::u32 raw.size.height = 240
10-09 23:22:26.235   715  8597 D CCodecConfig:   c2::u32 raw.size.width = 320
10-09 23:22:26.235   715  8597 D CCodecConfig:   c2::u
10-09 23:22:26.237   715  8597 W ColorUtils: expected specified color aspects (2:0:0:0)
10-09 23:22:26.240   715  8597 D CCodecConfig: no c2 equivalents for thumbnail-time
10-09 23:22:26.240   715  8597 D CCodecConfig: no c2 equivalents for durationUs
10-09 23:22:26.241   715  8597 D CCodecConfig: no c2 equivalents for frame-count
10-09 23:22:26.241   715  8597 D CCodecConfig: no c2 equivalents for language
10-09 23:22:26.241   715  8597 D CCodecConfig: no c2 equivalents for display-width
10-09 23:22:26.242   715  8597 D CCodecConfig: no c2 equivalents for display-height
