10-09 23:22:27.231   715  8655 D CCodecConfig: no c2 equivalents for thumbnail-time
10-09 23:22:27.231   715  8655 D CCodecConfig: no c2 equivalents for durationUs
10-09 23:22:27.232   715  8655 D CCodecConfig: no c2 equivalents for frame-count
10-09 23:22:27.232   715  8655 D CCodecConfig: no c2 equivalents for language
10-09 23:22:27.232   715  8655 D CCodecConfig: no c2 equivalents for display-width
10-09 23:22:27.233   715  8655 D CCodecConfig: no c2 equivalents for display-height
--------- switch to kernel
10-09 23:22:27.240     0     0 E [  905.928486 / 10-09 23:22:27.235][3] camera_v4l2_open: msm_create_command_ack_q id=1
10-09 23:22:27.240     0     0 E [  905.928618 / 10-09 23:22:27.235][3] msm_create_command_ack_q: session_id = 1, stream_id = 1
--------- switch to main
10-09 23:22:27.234  2035  8484 I QCamera3HWI: int qcamera::QCamera3HardwareInterface::configureStreams(camera3_stream_configuration_t*): Limited maxViewfinderSize to 2047x1536
10-09 23:22:27.234   715  8655 D CCodecConfig: no c2 equivalents for color-standard
10-09 23:22:27.234   715  8655 D CCodecConfig: no c2 equivalents for csd-1
10-09 23:22:27.235  2035  8484 I QCamera3HWI: int qcamera::QCamera3HardwareInterface::configureStreams(camera3_stream_configuration_t*): stream[0] type = 0, format = 35, width = 5312, height = 2988
10-09 23:22:27.235   715  8655 D CCodecConfig: no c2 equivalents for color-format
10-09 23:22:27.235  2035  8484 I QCamera3HWI: int qcamera::QCamera3HardwareInterface::configureStreams(camera3_stream_configuration_t*): stream[1] type = 0, format = 34, width = 1920, height = 1080
10-09 23:22:27.236   715  8655 D CCodecConfig: no c2 equivalents for android._num-input-buffers
10-09 23:22:27.237   715  8655 D CCodecConfig: no c2 equivalents for android._num-output-buffers
10-09 23:22:27.239   763  8646 D mm-camera: mct: mct_pipeline_process_set:command=800000a
10-09 23:22:27.241   763  8646 D mm-camera: mct: mct_pipeline_process_set: Adding new stream: id [01]
10-09 23:22:27.246   715  8655 D CCodecConfig: config failed => CORRUPTED
10-09 23:22:27.247   715  8655 D CCodecConfig: c2 config diff is   c2::u32 coded.pl.level = 20491
10-09 23:22:27.247   715  8655 D CCodecConfig:   c2::u32 coded.pl.profile = 20484
10-09 23:22:27.247   715  8655 D CCodecConfig:   c2::u32 default.color.matrix = 3
10-09 23:22:27.247   715  8655 D CCodecConfig:   c2::u32 default.color.primaries = 3
10-09 23:22:27.247   715  8655 D CCodecConfig:   c2::u32 default.color.range = 1
10-09 23:22:27.247   715  8655 D CCodecConfig:   c2::u32 default.color.transfer = 3
10-09 23:22:27.247   715  8655 D CCodecConfig:   c2::u32 input.buffers.max-size.value = 1566720
10-09 23:22:27.247   715  8655 D CCodecConfig:   c2::u32 raw.color.matrix = 3
10-09 23:22:27.247   715  8655 D CCodecConfig:   c2::u32 raw.color.primaries = 3
10-09 23:22:27.247   715  8655 D CCodecConfig:   c2::u32 raw.color.transfer = 3
10-09 23:22:27.247   715  8655 D CCodecConfig:   c2::i32 raw.rotation.value = -90
10-09 23:22:27.247   715  8655 D CCodecConfig:   c2::u32 raw.size.height = 1080
10-09 23:22:27.247   715  8655 D CCodecConfig:   c2::u32 raw.size.width = 1920
10-09 23:22:27.249   715  8655 W Codec2Client: query -- param skipped: index = 1107298332.
10-09 23:22:27.250   763  8646 D mm-camera: mct: mct_pipeline_process_set:command=8000012
10-09 23:22:27.250   715  8655 D CCodec  : client requested max input size 161627, which is smaller than what component recommended (1566720); overriding with component recommendation.
10-09 23:22:27.250   763  8646 D mm-camera: mct: mct_stream_start_link: Link Metadata stream 0x10001: do nothing 
10-09 23:22:27.251   715  8655 W CCodec  : This behavior is subject to change. It is recommended that app developers double check whether the requested max input size is in reasonable range.
10-09 23:22:27.251   763  8646 D mm-camera: mct: mct_pipeline_process_set: Linking successful for stream 0x10001 stream type=7
10-09 23:22:27.251   715  8655 D CCodec  : setup formats input: AMessage(what = 0x00000000) = {
10-09 23:22:27.251   715  8655 D CCodec  :   int32_t height = 1080
10-09 23:22:27.251   715  8655 D CCodec  :   int32_t level = 2048
10-09 23:22:27.251   715  8655 D CCodec  :   int32_t max-input-size = 1566720
10-09 23:22:27.251   715  8655 D CCodec  :   string mime = "video/avc"
10-09 23:22:27.251   715  8655 D CCodec  :   int32_t profile = 8
10-09 23:22:27.251   715  8655 D CCodec  :   int32_t width = 1920
10-09 23:22:27.251   715  8655 D CCodec  :   Rect crop(0, 0, 1919, 1079)
10-09 23:22:27.251   715  8655 D CCodec  : } and output: AMessage(what = 0x00000000) = {
10-09 23:22:27.251   715  8655 D CCodec  :   int32_t android._color-format = 2135033992
10-09 23:22:27.251   715  8655 D CCodec  :   int32_t android._video-scaling = 1
10-09 23:22:27.251   715  8655 D CCodec  :   Rect crop(0, 0, 1919, 1079)
10-09 23:22:27.251   715  8655 D CCodec  :   int32_t color-standard = 2
10-09 23:22:27.251   715  8655 D CCodec  :   int32_t color-range = 2
10-09 23:22:27.251   715  8655 D CCodec  :   int32_t color-transfer = 3
10-09 23:22:27.251   715  8655 D CCodec  :   int32_t height = 1080
10-09 23:22:27.251   715  8655 D CCodec  :   int32_t max-height = 240
10-09 23:22:27.251   715  8655 D CCodec  :   int32_t max-width = 320
10-09 23:22:27.251   715  8655 D CCodec  :   string mime = "video/raw"
10-09 23:22:27.251   715  8655 D CCodec  :   int32_t rotation-degrees = 90
10-09 23:22:27.251   715  8655 D CCodec  :   int32_t width = 1920
10-09 23:22:27.251   715  8655 D CCodec  :   int32_t android._dataspace = 258
10-09 23:22:27.251   715  8655 D CCodec  :   int32_t color-format = 19
10-09 23:22:27.251   715  8655 D CCodec  : }
10-09 23:22:27.252  2035  8484 E mm-camera-intf: mm_stream_get_v4l2_fmt: Unknown fmt=100
10-09 23:22:27.253   763  8646 D mm-camera: mct: mct_pipeline_process_set:command=8000004
10-09 23:22:27.254  2035  8484 E Camera3-Device: configureStreams: Stream 0: DataSpace override not allowed for format 0x23
10-09 23:22:27.254   715  8655 W Codec2Client: query -- param skipped: index = 1342179345.
10-09 23:22:27.255   715  8655 W Codec2Client: query -- param skipped: index = 2415921170.
10-09 23:22:27.255   715  8655 W Codec2Client: query -- param skipped: index = 1610614798.
10-09 23:22:27.259   715  8655 D CCodecBufferChannel: [c2.android.avc.decoder#716] Created input block pool with allocatorID 16 => poolID 20 - OK (0)
--------- switch to events
10-09 23:22:27.230   357   357 I chatty  : uid=1000(system) /system/bin/servicemanager identical 1 line
10-09 23:22:27.259   357   357 I snet_event_log: [121035042,-1,]
10-09 23:22:27.260   358   358 I snet_event_log: [121035042,-1,]
--------- switch to main
10-09 23:22:27.261  2035  8484 D Camera3-Device: Set real time priority for request queue thread (tid 8651)
10-09 23:22:27.261   358   358 I hwservicemanager: getTransport: Cannot find entry android.hardware.graphics.allocator@3.0::IAllocator/default in either framework or device manifest.
10-09 23:22:27.266   358  8660 W libc    : Unable to set property "ctl.interface_start" to "android.hardware.graphics.allocator@3.0::IAllocator/default": error code: 0x20
10-09 23:22:27.267   358  8660 E hwservicemanager: Failed to set property for starting android.hardware.graphics.allocator@3.0::IAllocator/default
--------- switch to kernel
10-09 23:22:27.268     0     0 I [  905.955442 / 10-09 23:22:27.263][1] init: Received control message 'interface_start' for 'android.hardware.graphics.allocator@3.0::IAllocator/default' from pid: 358 (/system/bin/hwservicemanager)
10-09 23:22:27.268     0     0 E [  905.955627 / 10-09 23:22:27.263][1] init: Could not find 'android.hardware.graphics.allocator@3.0::IAllocator/default' for ctl.interface_start
--------- switch to main
10-09 23:22:27.273   715  8655 D CCodecBufferChannel: [c2.android.avc.decoder#716] Configured output block pool ids 1 => OK
--------- switch to events
10-09 23:22:27.268   358   358 I chatty  : uid=1000(system) hwservicemanage identical 5 lines
10-09 23:22:27.271   358   358 I snet_event_log: [121035042,-1,]
10-09 23:22:27.274   357   357 I snet_event_log: [121035042,-1,]
--------- switch to main
10-09 23:22:27.276   706   846 D MediaBufferGroup: creating MemoryDealer
--------- switch to events
10-09 23:22:27.295   358   358 I snet_event_log: [121035042,-1,]
--------- switch to main
10-09 23:22:27.296   358   358 I hwservicemanager: getTransport: Cannot find entry android.hardware.graphics.allocator@3.0::IAllocator/default in either framework or device manifest.
10-09 23:22:27.298  8429  8446 W Gralloc3: allocator 3.x is not supported
10-09 23:22:27.299   358  8664 W libc    : Unable to set property "ctl.interface_start" to "android.hardware.graphics.allocator@3.0::IAllocator/default": error code: 0x20
10-09 23:22:27.299   358  8664 E hwservicemanager: Failed to set property for starting android.hardware.graphics.allocator@3.0::IAllocator/default
--------- switch to kernel
10-09 23:22:27.300     0     0 I [  905.988439 / 10-09 23:22:27.295][3] init: Received control message 'interface_start' for 'android.hardware.graphics.allocator@3.0::IAllocator/default' from pid: 358 (/system/bin/hwservicemanager)
10-09 23:22:27.300     0     0 E [  905.988623 / 10-09 23:22:27.295][3] init: Could not find 'android.hardware.graphics.allocator@3.0::IAllocator/default' for ctl.interface_start
--------- switch to main
10-09 23:22:27.301  8429  8446 I Gralloc2: Adding additional valid usage bits: 0x2202400
10-09 23:22:27.305  2035  8651 W Gralloc3: mapper 3.x is not supported
--------- switch to kernel
10-09 23:22:27.380     0     0 E         : [  906.065948 / 10-09 23:22:27.375][2] platform 1c.qcom,ion-heap: Fail to allocate buffer
--------- switch to main
10-09 23:22:27.390   763  8646 E mm-camera: sensor_set_frame_rate:1176max fps 30.000000 min fps 2.000000,fixed_frame_rate=0 
10-09 23:22:27.390   763  8646 E mm-camera: iface_util_set_hfr: can't find hw stream, only save hfr mode
10-09 23:22:27.391   763  8646 E mm-camera-sensor: sensor_pick_fill_expected_data:410ex_w:5312, ex_h:2988,ex_mode:1, ex_fps:30.000000, ex_clk:0, ex_ar: 177
10-09 23:22:27.391   763  8646 E mm-camera-sensor: sensor_pick_resolution:722 res_idx: 0
10-09 23:22:27.392   763  8646 I mm-camera: Stream type 5 Resolution: 5312x2988 pp_mask: 0x68e
10-09 23:22:27.392   763  8646 I mm-camera: Stream type 1 Resolution: 1920x1080 pp_mask: 0x68e
10-09 23:22:27.392   763  8646 I mm-camera: Stream type 11 Resolution: 640x480 pp_mask: 0x1
--------- switch to kernel
10-09 23:22:27.488     0     0 E         : [  906.174128 / 10-09 23:22:27.483][2] platform 1c.qcom,ion-heap: Fail to allocate buffer
--------- switch to main
10-09 23:22:27.491   763  8646 I mm-camera-isp2: INFO: ISP resource acquired: session 1 num_isp 1
10-09 23:22:27.492   763  8646 I mm-camera-isp2: INFO: ISP resource acquired: hw_id 0
10-09 23:22:27.493   763  8646 I mm-camera: isp_util_map_streams_to_hw_hal3: controllable_out_needed=1
10-09 23:22:27.493   763  8646 I mm-camera: stream_port_map num streams 3
10-09 23:22:27.493   763  8646 I mm-camera: INFO: type 5 resolution 5312x2988 hw_stream 1 need_native_buff 0 controllable_output 0 shared_output 0
10-09 23:22:27.494   763  8646 I mm-camera: INFO: type 1 resolution 1920x1080 hw_stream 0 need_native_buff 1 controllable_output 0 shared_output 0
10-09 23:22:27.494   763  8646 I mm-camera: INFO: type 11 resolution 640x480 hw_stream 0 need_native_buff 1 controllable_output 0 shared_output 0
10-09 23:22:27.495   763  8646 I mm-camera-isp2: ide 1000f type 10 hw stream 0
10-09 23:22:27.495   763  8646 I mm-camera-isp2: ide 1000f type 10 hw stream 1
10-09 23:22:27.500   763  8646 E mm-camera: sensor_set_max_dimension:3751raw w 5312 h 2988
10-09 23:22:27.502   763  8646 E mm-camera-sensor: sensor_pick_fill_expected_data:410ex_w:5312, ex_h:2988,ex_mode:1, ex_fps:30.000000, ex_clk:0, ex_ar: 177
10-09 23:22:27.503   763  8646 E mm-camera-sensor: sensor_pick_resolution:722 res_idx: 0
10-09 23:22:27.503   763  8646 E mm-camera: sensor_get_raw_dimension:3813pick res 0
10-09 23:22:27.503   763  8646 E mm-camera: sensor_get_raw_dimension:3828raw w 5312 h 2988
10-09 23:22:27.505  2035  8651 I QCamera3HWI: int32_t qcamera::QCamera3HardwareInterface::getSensorOutputSize(cam_dimension_t&): sensor output dimension = 5312 x 2988
10-09 23:22:27.508  2035  8651 I QCamera3CropRegionMapper: void qcamera::QCamera3CropRegionMapper::update(uint32_t, uint32_t, uint32_t, uint32_t): active_array: 5312 x 2988, sensor size 5312 x 2988
--------- switch to kernel
10-09 23:22:27.509     0     0 E [  906.198614 / 10-09 23:22:27.507][0] camera_v4l2_open: msm_create_command_ack_q id=1
10-09 23:22:27.509     0     0 E [  906.198701 / 10-09 23:22:27.507][0] msm_create_command_ack_q: session_id = 1, stream_id = 2
--------- switch to main
10-09 23:22:27.510   763  8646 D mm-camera: mct: mct_pipeline_process_set:command=800000a
10-09 23:22:27.510   763  8646 D mm-camera: mct: mct_pipeline_process_set: Adding new stream: id [02]
--------- switch to kernel
10-09 23:22:27.596     0     0 E         : [  906.282171 / 10-09 23:22:27.591][2] platform 1c.qcom,ion-heap: Fail to allocate buffer
--------- switch to main
10-09 23:22:27.600   763  8646 D mm-camera: mct: mct_pipeline_process_set:command=8000012
10-09 23:22:27.601   763  8646 D mm-camera: mct: mct_stream_start_link: Start linking preview stream 0x10002
10-09 23:22:27.602   763  8646 D mm-camera: mct: mct_stream_start_link: non secure stream linking 
10-09 23:22:27.602   763  8646 I mm-camera: module_iface_set_mod_func: set module type = 8, identity 10002
10-09 23:22:27.603   763  8646 I mm-camera: port dir 2 stream info ide 10002 type 1 dim 1920 x 1080 port 0xf72e87c0
10-09 23:22:27.603   763  8646 I mm-camera: port 0xf72e87c0 ide 10002 type 1 dim 1920 1080
10-09 23:22:27.604   358   358 I hwservicemanager: getTransport: Cannot find entry android.hardware.graphics.allocator@3.0::IAllocator/default in either framework or device manifest.
10-09 23:22:27.604   763  8646 I mm-camera-isp2: i 0 hw_stream 1
10-09 23:22:27.605   763  8646 I mm-camera-isp2: ide 10002 type 1 hw stream 0
10-09 23:22:27.606   763  8646 I mm-camera: port dir 1 stream info ide 10002 type 1 dim 1920 x 1080 port 0xf72e8820
--------- switch to kernel
10-09 23:22:27.612     0     0 I [  906.298190 / 10-09 23:22:27.607][1] init: Received control message 'interface_start' for 'android.hardware.graphics.allocator@3.0::IAllocator/default' from pid: 358 (/system/bin/hwservicemanager)
--------- switch to main
10-09 23:22:27.606   763  8646 E mm-camera: int_link = 0xf72eef60
--------- switch to kernel
10-09 23:22:27.612     0     0 E [  906.298402 / 10-09 23:22:27.607][1] init: Could not find 'android.hardware.graphics.allocator@3.0::IAllocator/default' for ctl.interface_start
--------- switch to main
10-09 23:22:27.607   763  8646 I mm-camera: pproc_port_add_modules_to_stream:433, linking mods tmod and afs
10-09 23:22:27.608   763  8646 I mm-camera: pproc_port_add_modules_to_stream:433, linking mods afs and cpp
10-09 23:22:27.608   763  8646 E mm-camera: module_afs_acquire_port:582] Port already reserved
10-09 23:22:27.608   763  8646 E mm-camera: module_afs_port_check_caps_reserve:1452] Error acquiring port
10-09 23:22:27.609   763  8646 E mm-camera: module_afs_acquire_port 557]: Port already connected on sessionid 2,Current sessionid 1
10-09 23:22:27.609   358  8666 W libc    : Unable to set property "ctl.interface_start" to "android.hardware.graphics.allocator@3.0::IAllocator/default": error code: 0x20
10-09 23:22:27.609   358  8666 E hwservicemanager: Failed to set property for starting android.hardware.graphics.allocator@3.0::IAllocator/default
10-09 23:22:27.610   763  8646 E mm-camera: module_afs_port_check_caps_reserve:1452] Error acquiring port
10-09 23:22:27.610   763  8646 I mm-camera: pproc_port_add_modules_to_stream:433, linking mods cpp and ezt
10-09 23:22:27.611   763  8646 E mm-camera: pproc_port_add_modules_to_stream:454] X rc: 1
10-09 23:22:27.612   763  8646 I mm-camera: port dir 1 stream info ide 10002 type 1 dim 1920 x 1080 port 0xf72e8820
10-09 23:22:27.613   763  8646 I mm-camera: port dir 1 stream info ide 10002 type 1 dim 1920 x 1080 port 0xf72e8880
10-09 23:22:27.613   763  8646 I mm-camera: port dir 1 stream info ide 10002 type 1 dim 1920 x 1080 port 0xf72e88e0
10-09 23:22:27.613   763  8646 I mm-camera: port dir 1 stream info ide 10002 type 1 dim 1920 x 1080 port 0xf72e8940
10-09 23:22:27.614   763  8646 I mm-camera: port dir 1 stream info ide 10002 type 1 dim 1920 x 1080 port 0xf72e89a0
10-09 23:22:27.615   763  8646 D mm-camera: mct: mct_pipeline_process_set: Linking successful for stream 0x10002 stream type=1
10-09 23:22:27.616   763  8646 D mm-camera: mct: mct_pipeline_process_set:command=8000004
10-09 23:22:27.619   745  8657 D SimpleC2Component: Using output block pool with poolID 1 => got 1 - 0
--------- switch to kernel
10-09 23:22:27.708     0     0 E         : [  906.393947 / 10-09 23:22:27.703][1] platform 1c.qcom,ion-heap: Fail to allocate buffer
10-09 23:22:27.712     0     0 E [  906.401440 / 10-09 23:22:27.707][0] camera_v4l2_open: msm_create_command_ack_q id=1
10-09 23:22:27.712     0     0 E [  906.401594 / 10-09 23:22:27.707][0] msm_create_command_ack_q: session_id = 1, stream_id = 3
--------- switch to main
10-09 23:22:27.713   763  8646 D mm-camera: mct: mct_pipeline_process_set:command=800000a
10-09 23:22:27.714   763  8646 D mm-camera: mct: mct_pipeline_process_set: Adding new stream: id [03]
--------- switch to kernel
10-09 23:22:27.816     0     0 E         : [  906.501765 / 10-09 23:22:27.811][1] platform 1c.qcom,ion-heap: Fail to allocate buffer
--------- switch to main
10-09 23:22:27.821   763  8646 D mm-camera: mct: mct_pipeline_process_set:command=8000012
10-09 23:22:27.823   763  8646 D mm-camera: mct: mct_stream_start_link: Start linking Callback stream 0x10003
10-09 23:22:27.823   763  8646 I mm-camera: module_iface_set_mod_func: set module type = 8, identity 10003
10-09 23:22:27.823   763  8646 I mm-camera: port dir 2 stream info ide 10003 type 5 dim 5312 x 2988 port 0xf72e87c0
10-09 23:22:27.824   763  8646 I mm-camera: port 0xf72e87c0 ide 10003 type 5 dim 5312 2988
10-09 23:22:27.825   763  8646 I mm-camera-isp2: i 1 hw_stream 1
10-09 23:22:27.825   763  8646 I mm-camera-isp2: ide 10003 type 5 hw stream 1
10-09 23:22:27.826   763  8646 I mm-camera: port dir 1 stream info ide 10003 type 5 dim 5312 x 2988 port 0xf72e8820
10-09 23:22:27.826   763  8646 I mm-camera: port dir 1 stream info ide 10003 type 5 dim 5312 x 2988 port 0xf72e8880
10-09 23:22:27.827   763  8646 E mm-camera: int_link = 0xf72ef020
10-09 23:22:27.828   763  8646 I mm-camera: pproc_port_add_modules_to_stream:433, linking mods tmod and afs
10-09 23:22:27.829   763  8646 I mm-camera: pproc_port_add_modules_to_stream:433, linking mods afs and cpp
10-09 23:22:27.829   763  8646 E mm-camera: module_afs_acquire_port:582] Port already reserved
10-09 23:22:27.829   763  8646 E mm-camera: module_afs_port_check_caps_reserve:1452] Error acquiring port
10-09 23:22:27.830   763  8646 E mm-camera: module_afs_acquire_port 557]: Port already connected on sessionid 2,Current sessionid 1
10-09 23:22:27.830   763  8646 E mm-camera: module_afs_port_check_caps_reserve:1452] Error acquiring port
10-09 23:22:27.831   763  8646 E mm-camera: module_afs_acquire_port:582] Port already reserved
10-09 23:22:27.831   763  8646 E mm-camera: module_afs_port_check_caps_reserve:1452] Error acquiring port
10-09 23:22:27.831   763  8646 I mm-camera: pproc_port_add_modules_to_stream:433, linking mods cpp and ezt
10-09 23:22:27.832   763  8646 E mm-camera: pproc_port_add_modules_to_stream:454] X rc: 1
10-09 23:22:27.833   763  8646 I mm-camera: port dir 1 stream info ide 10003 type 5 dim 5312 x 2988 port 0xf72e8820
10-09 23:22:27.833   763  8646 I mm-camera: port dir 1 stream info ide 10003 type 5 dim 5312 x 2988 port 0xf72e8880
10-09 23:22:27.834   763  8646 I mm-camera: port dir 1 stream info ide 10003 type 5 dim 5312 x 2988 port 0xf72e88e0
10-09 23:22:27.834   763  8646 I mm-camera: port dir 1 stream info ide 10003 type 5 dim 5312 x 2988 port 0xf72e8940
10-09 23:22:27.835   763  8646 I mm-camera: port dir 1 stream info ide 10003 type 5 dim 5312 x 2988 port 0xf72e89a0
10-09 23:22:27.835   763  8646 D mm-camera: mct: mct_pipeline_process_set: Linking successful for stream 0x10003 stream type=5
10-09 23:22:27.836   763  8646 D mm-camera: mct: mct_pipeline_process_set:command=8000004
--------- switch to kernel
10-09 23:22:27.838     0     0 E [  906.526740 / 10-09 23:22:27.835][0] camera_v4l2_open: msm_create_command_ack_q id=1
10-09 23:22:27.838     0     0 E [  906.526896 / 10-09 23:22:27.835][0] msm_create_command_ack_q: session_id = 1, stream_id = 4
--------- switch to main
10-09 23:22:27.838   763  8646 D mm-camera: mct: mct_pipeline_process_set:command=800000a
10-09 23:22:27.838   763  8646 D mm-camera: mct: mct_pipeline_process_set: Adding new stream: id [04]
10-09 23:22:27.840   763  8646 D mm-camera: mct: mct_pipeline_process_set:command=8000012
10-09 23:22:27.841   763  8646 D mm-camera: mct: mct_stream_start_link: Starting Analysis stream linking
10-09 23:22:27.841   763  8646 I mm-camera: module_iface_set_mod_func: set module type = 8, identity 10004
10-09 23:22:27.841   847  1676 E LocSvc_eng: E/Calling gnss_sv_status_cb
10-09 23:22:27.842   763  8646 I mm-camera: port dir 2 stream info ide 10004 type 11 dim 640 x 480 port 0xf72e87c0
10-09 23:22:27.844   763  8646 I mm-camera: port 0xf72e87c0 ide 10004 type 11 dim 640 480
10-09 23:22:27.844   847  1676 I GnssHAL_GnssInterface: updateWakelock: GNSS HAL Wakelock acquired due to gps: 1, fused: 0
10-09 23:22:27.845   847  1676 I GnssHAL_GnssInterface: updateWakelock: GNSS HAL Wakelock released
10-09 23:22:27.845   763  8646 I mm-camera-isp2: i 0 hw_stream 1
10-09 23:22:27.846   763  8646 I mm-camera-isp2: ide 10004 type 11 hw stream 0
10-09 23:22:27.846   847  1676 I GnssHAL_GnssInterface: updateWakelock: GNSS HAL Wakelock acquired due to gps: 1, fused: 0
10-09 23:22:27.847   763  8646 I mm-camera: port dir 1 stream info ide 10004 type 11 dim 640 x 480 port 0xf72e8820
10-09 23:22:27.848   763  8646 E mm-camera: int_link = 0xf72eef60
10-09 23:22:27.848   847  1676 I GnssHAL_GnssInterface: updateWakelock: GNSS HAL Wakelock released
10-09 23:22:27.848   763  8646 E mm-camera: pproc_port_add_modules_to_stream:454] X rc: 1
10-09 23:22:27.849   763  8646 D mm-camera: mct: mct_pipeline_process_set: Linking successful for stream 0x10004 stream type=11
10-09 23:22:27.850   763  8646 D mm-camera: mct: mct_pipeline_process_set:command=8000004
10-09 23:22:27.869   763  8646 D mm-camera: mct: mct_pipeline_process_set:command=8000008
10-09 23:22:27.870   763  8646 D mm-camera: mct: mct_pipeline_process_set: STREAM-ON on stream 0x10001 stream type=7
10-09 23:22:27.871   763  8646 D mm-camera: mct: mct_pipeline_process_set: STREAM-ON success for stream 0x10001, stream type=7
--------- switch to events
10-09 23:22:27.613   358   358 I chatty  : uid=1000(system) hwservicemanage identical 15 lines
10-09 23:22:27.618   358   358 I snet_event_log: [121035042,-1,]
10-09 23:22:27.875   357   357 I snet_event_log: [121035042,-1,]
--------- switch to main
10-09 23:22:27.885   763  8646 D mm-camera: mct: mct_pipeline_process_set:command=8000008
10-09 23:22:27.885   763  8646 D mm-camera: mct: mct_pipeline_process_set: STREAM-ON on stream 0x10004 stream type=11
10-09 23:22:27.886   763  8646 E mm-camera-sensor: sensor_pick_fill_expected_data:410ex_w:5312, ex_h:2988,ex_mode:1, ex_fps:30.000000, ex_clk:0, ex_ar: 177
10-09 23:22:27.886   763  8646 E mm-camera-sensor: sensor_pick_resolution:722 res_idx: 0
10-09 23:22:27.895   763  8646 E mm-camera: sensor_set_resolution:2067send sesor mode command to sensor , res : 0
10-09 23:22:27.895   763  8646 E mm-camera: sensor_get_resolution_info:3340full 5312 2988 out 5312 2988 offset 0 0 scale 1
10-09 23:22:27.896   763  8646 E mm-camera-isp2: scaler44_check_hw_limit:561 Entry 1 y_cfg->hOut 5312 y_cfg->vOut 2988
10-09 23:22:27.896   763  8646 E mm-camera: af_port_handle_sensor_update:2659  Depth_Err: actuator sensitivity: 0.000000 is invalid
10-09 23:22:27.896   763  8639 E mm-camera-CORE: awb_set_parameters: param->u.camsensor_position=0 
10-09 23:22:27.899   763  8639 E mm-camera-CORE: aec_set_crop:333  aec_set_crop: Aec_Error: VFE crop info received is null
10-09 23:22:27.899   763  8646 I mm-camera-isp2: isp version 44 af_kernel_size 2
10-09 23:22:27.900   763  8646 E mm-camera: sensor_get_resolution_info:3340full 5312 2988 out 5312 2988 offset 0 0 scale 1
10-09 23:22:27.901   763  8646 E mm-camera-sensor: af_actuator_set_params:359E
10-09 23:22:27.901   763  8646 E mm-camera-sensor: sensor_sdk_util_get_kernel_i2c_data_type:40Invalid addr_type = 0
10-09 23:22:27.902   763  8646 E mm-camera-sensor: sensor_sdk_util_get_kernel_i2c_addr_type:26Invalid addr_type = 0
10-09 23:22:27.904   763  8639 E mm-camera-CORE: aec_set_parse_chromatix: Andy_Test sensor flag 5
10-09 23:22:27.905   763  8639 E mm-camera-CORE: awb_set_parse_chromatix: Andy_Test sensor flag 5
10-09 23:22:27.906   763  8646 I mm-camera-eztune: vendor/qcom/proprietary/mm-camera/mm-camera2/server-tuning/tuning/eztune_interface.cpp(340): "Create Server : 0xed82c100"
10-09 23:22:27.908   763  8646 I mm-camera-eztune: vendor/qcom/proprietary/mm-camera/mm-camera2/server-tuning/tuning/eztune_interface.cpp(340): "Create Server : 0xed82c180"
10-09 23:22:27.908   763  8673 I mm-camera-eztune: vendor/qcom/proprietary/mm-camera/mm-camera2/server-tuning/tuning/eztune_interface.cpp(47): "Server: Waiting on new connection...\n"
10-09 23:22:27.910   763  8646 E mm-camera: af_port_send_af_checksum_to_module_sensor
10-09 23:22:27.911   763  8674 I mm-camera-eztune: vendor/qcom/proprietary/mm-camera/mm-camera2/server-tuning/tuning/eztune_interface.cpp(47): "Server: Waiting on new connection...\n"
10-09 23:22:27.911   763  8646 E mm-camera-sensor: port_sensor_handle_upstream_module_event:1588MCT_EVENT_MODULE_AF_CHECKSUM_EVENT, af_checksum_ok 1
10-09 23:22:27.912   763  8640 E mm-camera: af_config_lgaf_cal_e2p_cal_to_fit_90degree, actuator type=5, pos_diff_zero_to_nine = 0
10-09 23:22:27.912   763  8640 E mm-camera: af_config_lgaf_cal_e2p_cal_to_fit_90degree, 90 degree starting_dac = 350, infinity_dac = 0, macro_dac = 350
10-09 23:22:27.912   763  8646 E mm-camera-isp2: mesh_rolloff44_set_parm_tintless:3577 <tintless_dbg> 0
10-09 23:22:27.913   763  8640 E mm-camera: [ACCEL_SENSOR_USE_AF_DEBUG] af_set_init_data: accel [#not#] enable
10-09 23:22:27.913   763  8646 E mm-camera-isp2: mesh_rolloff44_request_stats_type:3839 1 0
10-09 23:22:27.913   763  8640 E mm-camera: af_set_init_data: property_get: persist.camera.af.data 335
10-09 23:22:27.914   763  8646 I mm-camera-isp2: enable_stats_mask d98
10-09 23:22:27.917   763  8646 I mm-camera-isp2: dual_dbg stream type 1, AXI_SRC = 1 (ENC 0/ View 1/Camif 2/Ideal 3/Rdi 456)
10-09 23:22:27.917   763  8646 E mm-camera-isp2: scaler44_handle_isp_private_event:1599 failed: invalid private event 16
10-09 23:22:27.918   763  8646 I mm-camera-isp2: dual_dbg stream type 11, AXI_SRC = 1 (ENC 0/ View 1/Camif 2/Ideal 3/Rdi 456)
10-09 23:22:27.918   763  8646 E mm-camera-isp2: scaler44_handle_isp_private_event:1599 failed: invalid private event 16
10-09 23:22:27.919   763  8646 I mm-camera-isp2: dual_dbg stream type 5, AXI_SRC = 0 (ENC 0/ View 1/Camif 2/Ideal 3/Rdi 456)
10-09 23:22:27.919   763  8646 E mm-camera-isp2: scaler44_handle_isp_private_event:1599 failed: invalid private event 16
10-09 23:22:27.920   763  8640 E mm-camera: af_util_cur_pos_after_lens_move: After move: FV: 0 CurPosition: 350
10-09 23:22:27.922   763  8646 E mm-camera: iface_util_io_cfg: 6428is_split 0
10-09 23:22:27.924   763  8646 I mm-camera-isp2: isp version 44 af_kernel_size 2
10-09 23:22:27.925   763  8646 E mm-camera-isp2: scaler44_handle_isp_private_event:1599 failed: invalid private event 17
10-09 23:22:27.926   763  8646 E mm-camera-isp2: scaler44_handle_isp_private_event:1599 failed: invalid private event 17
10-09 23:22:27.926   763  8646 E mm-camera-isp2: bpc44_run_abcc_algo:212 No defective pixels set by sensor event
10-09 23:22:27.927   763  8646 E mm-camera-isp2: isp_sub_module_port_process_downstream_ctrl_event:946 failed: mct event 1 int_event 0
10-09 23:22:27.942   763  8646 E mm-camera: af_port_restart_proxy_value
10-09 23:22:27.942   763  8646 E mm-camera-sensor: sensor_proxy_thread_restart:231enter
10-09 23:22:27.943   763  8646 E mm-camera-sensor: port_sensor_handle_upstream_module_event:1569PROXY_THREAD_RESTART OK
10-09 23:22:27.943   763  8646 E mm-camera-sensor: 
10-09 23:22:27.943   763  8646 E mm-camera-sensor: proxy_thread_start:274p_thread, enter
--------- switch to kernel
10-09 23:22:27.944     0     0 E [  906.632235 / 10-09 23:22:27.939][3] msm_proxy_thread_restart: 636 msm_proxy_thread_restart
10-09 23:22:27.945     0     0 E [  906.632311 / 10-09 23:22:27.939][3] restart_proxy: 592 restart_proxy!
10-09 23:22:27.945     0     0 E [  906.632427 / 10-09 23:22:27.939][3] restart_proxy: 594 pause_workqueue = 0
--------- switch to main
10-09 23:22:27.945   763  8646 E mm-camera-sensor: proxy_thread_start:281p_thread,end
10-09 23:22:27.945   763  8646 E mm-camera-img: faceproc_comp_get_param:299] Error
10-09 23:22:27.946   763  8646 E mm-camera: module_faceproc_client_use_int_bufs:792] rc -4
--------- beginning of crash
10-09 23:22:27.955   763  8646 F libc    : Fatal signal 11 (SIGSEGV), code 1 (SEGV_MAPERR), fault addr 0x24 in tid 8646 (mm-qcamera-daem), pid 763 (mm-qcamera-daem)
--------- switch to main
10-09 23:22:28.053  8682  8682 I crash_dump32: obtaining output fd from tombstoned, type: kDebuggerdTombstone
10-09 23:22:28.054   769   769 I /system/bin/tombstoned: received crash request for pid 8646
10-09 23:22:28.056  8682  8682 I crash_dump32: performing dump of process 763 (target tid = 8646)
--------- switch to crash
10-09 23:22:28.084  8682  8682 F DEBUG   : *** *** *** *** *** *** *** *** *** *** *** *** *** *** *** ***
10-09 23:22:28.085  8682  8682 F DEBUG   : Build fingerprint: 'lge/p1_global_com/p1:6.0/MRA58K/152940055675e:user/release-keys'
10-09 23:22:28.085  8682  8682 F DEBUG   : Revision: '11'
10-09 23:22:28.086  8682  8682 F DEBUG   : ABI: 'arm'
--------- switch to main
10-09 23:22:28.088   715  8655 D CCodecConfig: c2 config diff is   c2::u32 output.delay.value = 1
10-09 23:22:28.088   715  8655 D CCodecConfig:   c2::u32 raw.crop.height = 1080
10-09 23:22:28.088   715  8655 D CCodecConfig:   c2::u32 raw.crop.left = 0
10-09 23:22:28.088   715  8655 D CCodecConfig:   c2::u32 raw.crop.top = 0
10-09 23:22:28.088   715  8655 D CCodecConfig:   c2::u32 raw.crop.width = 1920
--------- switch to crash
10-09 23:22:28.090  8682  8682 F DEBUG   : Timestamp: 2020-10-09 23:22:28+0200
10-09 23:22:28.091  8682  8682 F DEBUG   : pid: 763, tid: 8646, name: mm-qcamera-daem  >>> /vendor/bin/mm-qcamera-daemon <<<
10-09 23:22:28.091  8682  8682 F DEBUG   : uid: 1006
10-09 23:22:28.091  8682  8682 F DEBUG   : signal 11 (SIGSEGV), code 1 (SEGV_MAPERR), fault addr 0x24
10-09 23:22:28.092  8682  8682 F DEBUG   : Cause: null pointer dereference
10-09 23:22:28.092  8682  8682 F DEBUG   :     r0  e9aa13c0  r1  00008204  r2  00000000  r3  00000060
10-09 23:22:28.093  8682  8682 F DEBUG   :     r4  e9aa1e38  r5  00000001  r6  f729f1a0  r7  00000001
10-09 23:22:28.093  8682  8682 F DEBUG   :     r8  00000000  r9  f7293000  r10 00000002  r11 e9aa13c0
10-09 23:22:28.093  8682  8682 F DEBUG   :     ip  00000000  sp  e9aa1360  lr  f51cf01b  pc  f51cf02c
--------- switch to main
10-09 23:22:28.095   745  8657 W SimpleC2Component: unknown frame index: 2
--------- switch to crash
10-09 23:22:28.099  8682  8682 F DEBUG   : 
10-09 23:22:28.099  8682  8682 F DEBUG   : backtrace:
10-09 23:22:28.100  8682  8682 F DEBUG   :       #00 pc 0000902c  /system/vendor/lib/libmmcamera2_isp_modules.so (isp_handler_control_streamon+1376) (BuildId: a4f781ac8558c8bc0c8b11d45bd8d7f1)
10-09 23:22:28.101  8682  8682 F DEBUG   :       #01 pc 00007891  /system/vendor/lib/libmmcamera2_isp_modules.so (BuildId: a4f781ac8558c8bc0c8b11d45bd8d7f1)
10-09 23:22:28.101  8682  8682 F DEBUG   :       #02 pc 000147b7  /system/vendor/lib/libmmcamera2_iface_modules.so (BuildId: 46cf1de9414f7522c7008dde4314f6f1)
10-09 23:22:28.102  8682  8682 F DEBUG   :       #03 pc 00006457  /system/vendor/lib/liboemcamera.so (mct_list_traverse+32) (BuildId: ef8fcf0aaf9e471d92a6a3c21e51daa1)
10-09 23:22:28.102  8682  8682 F DEBUG   :       #04 pc 00006877  /system/vendor/lib/libmmcamera2_iface_modules.so (BuildId: 46cf1de9414f7522c7008dde4314f6f1)
10-09 23:22:28.103  8682  8682 F DEBUG   :       #05 pc 0000772f  /system/vendor/lib/libmmcamera2_iface_modules.so (iface_streamon_to_thread+138) (BuildId: 46cf1de9414f7522c7008dde4314f6f1)
10-09 23:22:28.103  8682  8682 F DEBUG   :       #06 pc 00014d2d  /system/vendor/lib/libmmcamera2_iface_modules.so (BuildId: 46cf1de9414f7522c7008dde4314f6f1)
10-09 23:22:28.104  8682  8682 F DEBUG   :       #07 pc 0001699d  /system/vendor/lib/libmmcamera2_sensor_modules.so (BuildId: 9225e43c70a075f82a5b7e4a371321f7)
10-09 23:22:28.104  8682  8682 F DEBUG   :       #08 pc 00006457  /system/vendor/lib/liboemcamera.so (mct_list_traverse+32) (BuildId: ef8fcf0aaf9e471d92a6a3c21e51daa1)
10-09 23:22:28.104  8682  8682 F DEBUG   :       #09 pc 0000de0d  /system/vendor/lib/libmmcamera2_sensor_modules.so (module_sensor_stream_on+4508) (BuildId: 9225e43c70a075f82a5b7e4a371321f7)
10-09 23:22:28.105  8682  8682 F DEBUG   :       #10 pc 00016f15  /system/vendor/lib/libmmcamera2_sensor_modules.so (port_sensor_handle_stream_on+24) (BuildId: 9225e43c70a075f82a5b7e4a371321f7)
10-09 23:22:28.105  8682  8682 F DEBUG   :       #11 pc 00010f45  /system/vendor/lib/libmmcamera2_sensor_modules.so (BuildId: 9225e43c70a075f82a5b7e4a371321f7)
10-09 23:22:28.106  8682  8682 F DEBUG   :       #12 pc 00010aad  /system/vendor/lib/liboemcamera.so (BuildId: ef8fcf0aaf9e471d92a6a3c21e51daa1)
10-09 23:22:28.106  8682  8682 F DEBUG   :       #13 pc 0000c071  /system/vendor/lib/liboemcamera.so (BuildId: ef8fcf0aaf9e471d92a6a3c21e51daa1)
10-09 23:22:28.107  8682  8682 F DEBUG   :       #14 pc 00009e21  /system/vendor/lib/liboemcamera.so (BuildId: ef8fcf0aaf9e471d92a6a3c21e51daa1)
10-09 23:22:28.107  8682  8682 F DEBUG   :       #15 pc 0000532d  /system/vendor/lib/liboemcamera.so (BuildId: ef8fcf0aaf9e471d92a6a3c21e51daa1)
10-09 23:22:28.108  8682  8682 F DEBUG   :       #16 pc 000a6b83  /apex/com.android.runtime/lib/bionic/libc.so (__pthread_start(void*)+20) (BuildId: be2954ec495707bc280c21e0cf2919f2)
--------- switch to main
10-09 23:22:28.108   715  8655 D CCodecBuffers: [c2.android.avc.decoder#716:2D-BB-Output] updating image-data
--------- switch to crash
10-09 23:22:28.108  8682  8682 F DEBUG   :       #17 pc 00060723  /apex/com.android.runtime/lib/bionic/libc.so (__start_thread+30) (BuildId: be2954ec495707bc280c21e0cf2919f2)
--------- switch to main
10-09 23:22:28.109   715  8655 D CCodecBuffers: [c2.android.avc.decoder#716:2D-BB-Output] updating stride = 1920
10-09 23:22:28.109   715  8655 D CCodecBuffers: [c2.android.avc.decoder#716:2D-BB-Output] updating vstride = 1080
10-09 23:22:28.141   745  1731 V C2Store : in ~ComponentModule
10-09 23:22:28.142   745  1731 V C2Store : unloading dll
--------- switch to kernel
10-09 23:22:28.368     0     0 D [  907.056441 / 10-09 23:22:28.363][3] logd: logdr: UID=1006 GID=1006 PID=8682 n tail=50 logMask=8 pid=763 start=0ns timeout=0ns
10-09 23:22:28.372     0     0 D [  907.058370 / 10-09 23:22:28.367][3] logd: logdr: UID=1006 GID=1006 PID=8682 n tail=50 logMask=1 pid=763 start=0ns timeout=0ns
10-09 23:22:28.486     0     0 D [  907.175271 / 10-09 23:22:28.483][3] logd: logdr: UID=1006 GID=1006 PID=8682 n tail=0 logMask=8 pid=763 start=0ns timeout=0ns
10-09 23:22:28.488     0     0 D [  907.176859 / 10-09 23:22:28.483][3] logd: logdr: UID=1006 GID=1006 PID=8682 n tail=0 logMask=1 pid=763 start=0ns timeout=0ns
--------- switch to system
10-09 23:22:28.515   847  1579 W NativeCrashListener: Couldn't find ProcessRecord for pid 763
--------- switch to main
10-09 23:22:28.516   769   769 E /system/bin/tombstoned: Tombstone written to: /data/tombstones/tombstone_00
--------- switch to system
10-09 23:22:28.527   847   896 I BootReceiver: Copying /data/tombstones/tombstone_00 to DropBox (SYSTEM_TOMBSTONE)
10-09 23:22:28.530   847   896 I DropBoxManagerService: add tag=SYSTEM_TOMBSTONE isTagEnabled=true flags=0x2
--------- switch to kernel
10-09 23:22:28.532     0     0 I [  907.219025 / 10-09 23:22:28.527][0] init: Untracked pid 8682 exited with status 0
10-09 23:22:28.545     0     0 E [  907.229830 / 10-09 23:22:28.539][0] msm_isp_ioctl_compat: 885 failed: invalid params 0000000000000000
10-09 23:22:28.545     0     0 E [  907.229982 / 10-09 23:22:28.539][0] msm_isp_ioctl_compat: 888 failed 0000000000000000
10-09 23:22:28.545     0     0 E [  907.230234 / 10-09 23:22:28.539][0] msm_ois_subdev_ioctl: 553 Enter
10-09 23:22:28.545     0     0 E [  907.230306 / 10-09 23:22:28.539][0] msm_ois_subdev_ioctl: 554 msm_ois_subdev_ioctl:554 o_ctrl 0000000000000000 argp 0000000000000000
10-09 23:22:28.545     0     0 E [  907.230430 / 10-09 23:22:28.539][0] msm_ois_power_down: 180 Enter
10-09 23:22:28.545     0     0 I [  907.232493 / 10-09 23:22:28.539][0] SMBCHG: smbchg_otg_pulse_skip_disable: enabling pulse skip, reason 2
10-09 23:22:28.545     0     0 E [  907.233223 / 10-09 23:22:28.539][0] msm_ois_power_down: 202 Exit
10-09 23:22:28.545     0     0 E [  907.233303 / 10-09 23:22:28.539][0] msm_ois_close: 523 Enter
10-09 23:22:28.545     0     0 E [  907.233427 / 10-09 23:22:28.539][0] msm_ois_close: 539 Exit
10-09 23:22:28.545     0     0 E [  907.233588 / 10-09 23:22:28.539][0] stop_proxy: 572 stop_proxy!
10-09 23:22:28.548     0     0 I [  907.235029 / 10-09 23:22:28.543][2] SMBCHG: smbchg_otg_pulse_skip_disable: enabling pulse skip, reason 2
10-09 23:22:28.548     0     0 I [  907.236895 / 10-09 23:22:28.543][0] init: Untracked pid 8686 exited with status 0
10-09 23:22:28.548     0     0 I [  907.237570 / 10-09 23:22:28.543][2] SMBCHG: smbchg_otg_pulse_skip_disable: enabling pulse skip, reason 2
10-09 23:22:28.552     0     0 I [  907.240110 / 10-09 23:22:28.547][2] SMBCHG: smbchg_otg_pulse_skip_disable: enabling pulse skip, reason 2
--------- switch to events
10-09 23:22:28.557   847   896 I dropbox_file_copy: [/data/tombstones/tombstone_00,98304,SYSTEM_TOMBSTONE]
10-09 23:22:28.562   847   896 I commit_sys_config_file: [log-files,5]
--------- switch to kernel
10-09 23:22:28.569     0     0 E [  907.257889 / 10-09 23:22:28.567][2] get_proxy: 568 end workqueue!
10-09 23:22:28.569     0     0 E [  907.258345 / 10-09 23:22:28.567][3] stop_proxy: 578 destroy_workqueue!
10-09 23:22:28.569     0     0 E [  907.258439 / 10-09 23:22:28.567][3] msm_tcs_power_down: 450 Enter
10-09 23:22:28.577     0     0 E [  907.265922 / 10-09 23:22:28.575][0] get_tcs: 257 end workqueue!
10-09 23:22:28.578     0     0 E [  907.266920 / 10-09 23:22:28.575][0] stop_tcs: 270 destroy_workqueue!
10-09 23:22:28.578     0     0 E [  907.267057 / 10-09 23:22:28.575][0] msm_tcs_power_down: 463 Exit
10-09 23:22:28.580     0     0 E         : [  907.267385 / 10-09 23:22:28.575][0] msm_sensor_power_down for imx234
10-09 23:22:28.600     0     0 E         : [  907.287954 / 10-09 23:22:28.595][3] msm_sensor_power_down for t4ka3
10-09 23:22:28.608     0     0 E         : [  907.296967 / 10-09 23:22:28.603][0] msm_csiphy_release csiphy dev NULL / ref_count ZERO
10-09 23:22:28.609     0     0 E [  907.297494 / 10-09 23:22:28.603][0] msm_csid_release: csid invalid state 1
10-09 23:22:28.610     0     0 E [  907.298012 / 10-09 23:22:28.607][0] msm_csid_release: csid invalid state 1
10-09 23:22:28.610     0     0 E         : [  907.298096 / 10-09 23:22:28.607][0] MSM-SENSOR-INIT msm_sensor_init_subdev_ioctl:119 default
10-09 23:22:28.610     0     0 E         : [  907.298096 / 10-09 23:22:28.607][0]
10-09 23:22:28.610     0     0 I         : [  907.298236 / 10-09 23:22:28.607][0] MSM-CPP msm_cpp_subdev_ioctl:2648 shutdown cpp node. open cnt:1
10-09 23:22:28.614     0     0 E         : [  907.300235 / 10-09 23:22:28.607][0] MSM-CPP cpp_release_ion_client:695 Calling ion_client_destroy
10-09 23:22:28.614     0     0 E [  907.300826 / 10-09 23:22:28.607][0] msm_ois_close: 523 Enter
10-09 23:22:28.614     0     0 E [  907.300930 / 10-09 23:22:28.607][0] msm_ois_close: 539 Exit
10-09 23:22:28.617     0     0 E         : [  907.304164 / 10-09 23:22:28.611][3] msm_isp_close_node invalid state open cnt 0
10-09 23:22:28.617     0     0 E         : [  907.304436 / 10-09 23:22:28.611][3] msm_isp_close_node invalid state open cnt 0
10-09 23:22:28.620     0     0 I [  907.306668 / 10-09 23:22:28.615][3] init: Service 'qcamerasvr' (pid 763) received signal 11
10-09 23:22:28.620     0     0 I [  907.306845 / 10-09 23:22:28.615][3] init: Sending signal 9 to service 'qcamerasvr' (pid 763) process group...
10-09 23:22:28.620     0     0 I [  907.307404 / 10-09 23:22:28.615][3] libprocessgroup: Successfully killed process cgroup uid 1006 pid 763 in 0ms
10-09 23:22:28.625     0     0 I [  907.310196 / 10-09 23:22:28.619][2] init: starting service 'qcamerasvr'...
--------- switch to main
10-09 23:22:28.840   847  1676 E LocSvc_eng: E/Calling gnss_sv_status_cb
10-09 23:22:28.842   847  1676 I GnssHAL_GnssInterface: updateWakelock: GNSS HAL Wakelock acquired due to gps: 1, fused: 0
10-09 23:22:28.843   847  1676 I GnssHAL_GnssInterface: updateWakelock: GNSS HAL Wakelock released
10-09 23:22:28.844   847  1676 I GnssHAL_GnssInterface: updateWakelock: GNSS HAL Wakelock acquired due to gps: 1, fused: 0
10-09 23:22:28.845   847  1676 I GnssHAL_GnssInterface: updateWakelock: GNSS HAL Wakelock released
10-09 23:22:29.297  8698  8698 I mm-camera: server_process_module_init:59, int mods
10-09 23:22:29.298  8698  8698 E mm-camera-sensor: eebin_read:387failed!
10-09 23:22:29.299  8698  8698 E mm-camera-sensor: eebin_read:387failed!
10-09 23:22:29.299  8698  8698 E mm-camera-sensor: sensor_init_probe:475failed: to oribe eeprom bin sensors
10-09 23:22:29.300  8698  8698 E mm-camera-sensor: add_external_sensor:109NO external sensor lib: no external path
10-09 23:22:29.302  8698  8698 E mm-camera-sensor: sensor_probe:270failed: to load 
10-09 23:22:29.302  8698  8698 E mm-camera-sensor: sensor_util_match_sensor_lib_name:1965s_bundle sensor_lib_name imx234 sensor_name t4ka3
10-09 23:22:29.303  8698  8698 E mm-camera: module_sensor_find_other_subdev:7773subdev_name /dev/v4l-subdev0 subdev id 0
10-09 23:22:29.303  8698  8698 E mm-camera: module_sensor_find_other_subdev:7773subdev_name /dev/v4l-subdev1 subdev id 1
10-09 23:22:29.304  8698  8698 E mm-camera: module_sensor_find_other_subdev:7773subdev_name /dev/v4l-subdev2 subdev id 2
10-09 23:22:29.304  8698  8698 E mm-camera: module_sensor_find_other_subdev:7773subdev_name /dev/v4l-subdev3 subdev id 0
10-09 23:22:29.305  8698  8698 E mm-camera: module_sensor_find_other_subdev:7773subdev_name /dev/v4l-subdev4 subdev id 1
10-09 23:22:29.305  8698  8698 E mm-camera: module_sensor_find_other_subdev:7773subdev_name /dev/v4l-subdev5 subdev id 2
10-09 23:22:29.306  8698  8698 E mm-camera: module_sensor_find_other_subdev:7773subdev_name /dev/v4l-subdev6 subdev id 3
10-09 23:22:29.306  8698  8698 E mm-camera: module_sensor_find_other_subdev:7773subdev_name /dev/v4l-subdev7 subdev id 1
10-09 23:22:29.307  8698  8698 E mm-camera: module_sensor_find_other_subdev:7773subdev_name /dev/v4l-subdev8 subdev id 0
10-09 23:22:29.307  8698  8698 E mm-camera: module_sensor_find_other_subdev:7799SUB_MODULE_LED_FLASH subdev_name /dev/v4l-subdev8 subdev_id 0
10-09 23:22:29.307  8698  8698 E mm-camera: module_sensor_find_other_subdev:7773subdev_name /dev/v4l-subdev9 subdev id 0
10-09 23:22:29.308  8698  8698 E mm-camera: module_sensor_find_other_subdev:7773subdev_name /dev/v4l-subdev10 subdev id 2
10-09 23:22:29.309  8698  8698 E mm-camera: module_sensor_find_other_subdev:7773subdev_name /dev/v4l-subdev11 subdev id 0
10-09 23:22:29.310  8698  8698 E mm-camera: module_sensor_find_other_subdev:7773subdev_name /dev/v4l-subdev12 subdev id 998
10-09 23:22:29.310  8698  8698 E mm-camera: module_sensor_find_other_subdev:7773subdev_name /dev/v4l-subdev13 subdev id 997
--------- switch to kernel
10-09 23:22:29.312     0     0 E [  907.998131 / 10-09 23:22:29.307][3] msm_ois_subdev_ioctl: 553 Enter
10-09 23:22:29.312     0     0 E [  907.998281 / 10-09 23:22:29.307][3] msm_ois_subdev_ioctl: 554 msm_ois_subdev_ioctl:554 o_ctrl 0000000000000000 argp 0000000000000000
10-09 23:22:29.312     0     0 E [  907.998416 / 10-09 23:22:29.307][3] msm_ois_get_subdev_id: 479 Enter
10-09 23:22:29.312     0     0 E [  907.998491 / 10-09 23:22:29.307][3] msm_ois_get_subdev_id: 489 subdev_id 0
10-09 23:22:29.312     0     0 E [  907.998622 / 10-09 23:22:29.307][3] msm_ois_get_subdev_id: 490 Exit
10-09 23:22:29.312     0     0 E [  907.999200 / 10-09 23:22:29.307][3] msm_ois_close: 523 Enter
10-09 23:22:29.312     0     0 E [  907.999276 / 10-09 23:22:29.307][3] msm_ois_close: 539 Exit
10-09 23:22:29.312     0     0 E [  907.999442 / 10-09 23:22:29.307][3] msm_proxy_get_subdev_id: 145 Enter
10-09 23:22:29.312     0     0 I [  908.000597 / 10-09 23:22:29.307][3] msm_csid_init: CSID_VERSION = 0x30010000
10-09 23:22:29.320     0     0 I [  908.004218 / 10-09 23:22:29.311][2] msm_csid_init: CSID_VERSION = 0x30010000
--------- switch to main
10-09 23:22:29.342  8698  8698 E mm-camera-isp2: module_chroma_enhan40_init:90 name chroma_enhan40
10-09 23:22:29.346  8698  8698 E mm-camera-isp2: module_color_correct40_init:104 name color_correct40
10-09 23:22:29.348  8698  8698 E mm-camera-isp2: module_luma_adaptation40_init:87 name luma_adaptation40
10-09 23:22:29.365  8698  8698 E mm-camera-isp2: module_chroma_enhan40_init:90 name chroma_enhan40
10-09 23:22:29.366  8698  8698 E mm-camera-isp2: module_color_correct40_init:104 name color_correct40
10-09 23:22:29.367  8698  8698 E mm-camera-isp2: module_luma_adaptation40_init:87 name luma_adaptation40
10-09 23:22:29.369  8698  8698 E mm-camera-isp2: isp_resource_gen_hws_caps:3631 i 0 isp id 0
10-09 23:22:29.370  8698  8698 E mm-camera-isp2: isp_resource_gen_hws_caps:3631 i 1 isp id 1
10-09 23:22:29.370  8698  8698 E mm-camera-isp2: module_isp_init:565 module 0xf0d331a0
--------- switch to kernel
10-09 23:22:29.388     0     0 I         : [  908.075847 / 10-09 23:22:29.383][1] MSM-CPP cpp_init_hardware:1106 CPP HW Version: 0x50010000
10-09 23:22:29.388     0     0 E         : [  908.075998 / 10-09 23:22:29.383][1] MSM-CPP cpp_init_hardware:1127 stream_cnt:0
10-09 23:22:29.396     0     0 I [  908.085088 / 10-09 23:22:29.391][1] ueventd: firmware: loading 'cpp_firmware_v1_8_0.fw' for '/devices/soc.0/fda04000.qcom,cpp/firmware/cpp_firmware_v1_8_0.fw'
10-09 23:22:29.397     0     0 I [  908.085943 / 10-09 23:22:29.395][1] ueventd: loading /devices/soc.0/fda04000.qcom,cpp/firmware/cpp_firmware_v1_8_0.fw took 1ms
10-09 23:22:29.420     0     0 I         : [  908.106530 / 10-09 23:22:29.415][3] MSM-CPP cpp_load_fw:1264 MC Bootloader Version: 0x312e3176
10-09 23:22:29.424     0     0 I         : [  908.113270 / 10-09 23:22:29.419][3] MSM-CPP cpp_load_fw:1277 CPP FW Version: 0x1008001e
--------- switch to main
10-09 23:22:29.428  8698  8698 E mm-camera: vpe_module_init:26 name=vpe
10-09 23:22:29.429  8698  8698 E mm-camera: vpe_hardware_find_subdev:719: entity.name=video0 entity.revision=0
10-09 23:22:29.429  8698  8698 E mm-camera: vpe_hardware_find_subdev:719: entity.name=msm_cci entity.revision=0
10-09 23:22:29.430  8698  8698 E mm-camera: vpe_hardware_find_subdev:719: entity.name=v4l-subdev0 entity.revision=0
10-09 23:22:29.430  8698  8698 E mm-camera: vpe_hardware_find_subdev:719: entity.name=v4l-subdev1 entity.revision=0
10-09 23:22:29.430  8698  8698 E mm-camera: vpe_hardware_find_subdev:719: entity.name=v4l-subdev2 entity.revision=0
10-09 23:22:29.431  8698  8698 E mm-camera: vpe_hardware_find_subdev:719: entity.name=v4l-subdev3 entity.revision=0
10-09 23:22:29.431  8698  8698 E mm-camera: vpe_hardware_find_subdev:719: entity.name=v4l-subdev4 entity.revision=0
10-09 23:22:29.431  8698  8698 E mm-camera: vpe_hardware_find_subdev:719: entity.name=v4l-subdev5 entity.revision=0
10-09 23:22:29.432  8698  8698 E mm-camera: vpe_hardware_find_subdev:719: entity.name=v4l-subdev6 entity.revision=0
--------- switch to kernel
10-09 23:22:29.432     0     0 E         : [  908.117877 / 10-09 23:22:29.427][1] MSM-CPP cpp_release_ion_client:695 Calling ion_client_destroy
--------- switch to main
10-09 23:22:29.432  8698  8698 E mm-camera: vpe_hardware_find_subdev:719: entity.name=v4l-subdev7 entity.revision=0
10-09 23:22:29.433  8698  8698 E mm-camera: vpe_hardware_find_subdev:719: entity.name=v4l-subdev8 entity.revision=0
10-09 23:22:29.433  8698  8698 E mm-camera: vpe_hardware_find_subdev:719: entity.name=v4l-subdev9 entity.revision=0
10-09 23:22:29.433  8698  8698 E mm-camera: vpe_hardware_find_subdev:719: entity.name=v4l-subdev10 entity.revision=0
10-09 23:22:29.434  8698  8698 E mm-camera: vpe_hardware_find_subdev:719: entity.name=v4l-subdev11 entity.revision=0
10-09 23:22:29.434  8698  8698 E mm-camera: vpe_hardware_find_subdev:719: entity.name=v4l-subdev12 entity.revision=0
10-09 23:22:29.435  8698  8698 E mm-camera: vpe_hardware_find_subdev:719: entity.name=v4l-subdev13 entity.revision=0
10-09 23:22:29.435  8698  8698 E mm-camera: vpe_hardware_find_subdev:719: entity.name=v4l-subdev14 entity.revision=0
10-09 23:22:29.435  8698  8698 E mm-camera: vpe_hardware_find_subdev:719: entity.name=v4l-subdev15 entity.revision=0
10-09 23:22:29.436  8698  8698 E mm-camera: vpe_hardware_find_subdev:719: entity.name=v4l-subdev16 entity.revision=0
10-09 23:22:29.436  8698  8698 E mm-camera: vpe_hardware_find_subdev:719: entity.name=v4l-subdev17 entity.revision=17
